ARM Linker, 5.03 [Build 76] [MDK-ARM Professional]

==============================================================================

Section Cross References

    startup_stm32f10x_md.o(STACK) refers (Special) to heapauxi.o(.text) for __use_two_region_memory
    startup_stm32f10x_md.o(HEAP) refers (Special) to heapauxi.o(.text) for __use_two_region_memory
    startup_stm32f10x_md.o(RESET) refers (Special) to heapauxi.o(.text) for __use_two_region_memory
    startup_stm32f10x_md.o(RESET) refers to startup_stm32f10x_md.o(STACK) for __initial_sp
    startup_stm32f10x_md.o(RESET) refers to startup_stm32f10x_md.o(.text) for Reset_Handler
    startup_stm32f10x_md.o(RESET) refers to stm32f10x_it.o(.text) for RTC_IRQHandler
    startup_stm32f10x_md.o(.text) refers (Special) to heapauxi.o(.text) for __use_two_region_memory
    startup_stm32f10x_md.o(.text) refers to system_stm32f10x.o(.text) for SystemInit
    startup_stm32f10x_md.o(.text) refers to __main.o(!!!main) for __main
    startup_stm32f10x_md.o(.text) refers to startup_stm32f10x_md.o(HEAP) for Heap_Mem
    startup_stm32f10x_md.o(.text) refers to startup_stm32f10x_md.o(STACK) for Stack_Mem
    system_stm32f10x.o(.text) refers to system_stm32f10x.o(.data) for SystemCoreClock
    main.o(.text) refers to stm32f10x_rcc.o(.text) for RCC_ADCCLKConfig
    main.o(.text) refers to stm32f10x_gpio.o(.text) for GPIO_Init
    main.o(.text) refers to stm32f10x_dma.o(.text) for DMA_Init
    main.o(.text) refers to stm32f10x_tim.o(.text) for TIM_TimeBaseInit
    main.o(.text) refers to stm32f10x_adc.o(.text) for ADC_Init
    main.o(.text) refers to main.o(.bss) for Alarm
    main.o(.text) refers to template.o(.data) for days
    main.o(.text) refers to main.o(.data) for GPIO_InitStruct
    main.o(.text) refers to stm32f10x_pwr.o(.text) for PWR_BackupAccessCmd
    main.o(.text) refers to 1602driver.o(.text) for LCDInit
    main.o(.text) refers to menu.o(.text) for _Menu
    menu.o(.text) refers to 1602driver.o(.text) for ClearLCD
    menu.o(.text) refers to menu_func.o(.text) for SetTime_encoder
    menu.o(.text) refers to template.o(.data) for Punkt_menu
    menu.o(.text) refers to main.o(.data) for button
    menu_func.o(.text) refers to 1602driver.o(.text) for ClearLCD
    menu_func.o(.text) refers to main.o(.text) for DateCalc
    menu_func.o(.text) refers to main.o(.bss) for Time
    menu_func.o(.text) refers to template.o(.data) for days
    stm32f10x_it.o(.text) refers to main.o(.text) for DateCalc
    stm32f10x_it.o(.text) refers to system_stm32f10x.o(.text) for SystemInit
    stm32f10x_it.o(.text) refers to 1602driver.o(.text) for Delay
    stm32f10x_it.o(.text) refers to faddsub_clz.o(x$fpl$fadd) for __aeabi_fadd
    stm32f10x_it.o(.text) refers to frleqf.o(x$fpl$frleqf) for __aeabi_cfrcmple
    stm32f10x_it.o(.text) refers to faddsub_clz.o(x$fpl$fsub) for __aeabi_fsub
    stm32f10x_it.o(.text) refers to fflt_clz.o(x$fpl$ffltu) for __aeabi_ui2f
    stm32f10x_it.o(.text) refers to fdiv.o(x$fpl$fdiv) for __aeabi_fdiv
    stm32f10x_it.o(.text) refers to main.o(.bss) for Time
    stm32f10x_it.o(.text) refers to template.o(.data) for Enable_Sleep
    stm32f10x_it.o(.text) refers to main.o(.data) for button
    stm32f10x_it.o(.text) refers to can.o(.text) for CAN_Receive_IRQHandler
    stm32f10x_gpio.o(.text) refers to template.o(.text) for assert_failed
    stm32f10x_gpio.o(.text) refers to stm32f10x_rcc.o(.text) for RCC_APB2PeriphResetCmd
    stm32f10x_rcc.o(.text) refers to template.o(.text) for assert_failed
    stm32f10x_rcc.o(.text) refers to stm32f10x_rcc.o(.data) for APBAHBPrescTable
    stm32f10x_adc.o(.text) refers to template.o(.text) for assert_failed
    stm32f10x_adc.o(.text) refers to stm32f10x_rcc.o(.text) for RCC_APB2PeriphResetCmd
    stm32f10x_tim.o(.text) refers to template.o(.text) for assert_failed
    stm32f10x_tim.o(.text) refers to stm32f10x_rcc.o(.text) for RCC_APB2PeriphResetCmd
    stm32f10x_spi.o(.text) refers to template.o(.text) for assert_failed
    stm32f10x_spi.o(.text) refers to stm32f10x_rcc.o(.text) for RCC_APB2PeriphResetCmd
    stm32f10x_bkp.o(.text) refers to stm32f10x_rcc.o(.text) for RCC_BackupResetCmd
    stm32f10x_bkp.o(.text) refers to template.o(.text) for assert_failed
    stm32f10x_pwr.o(.text) refers to stm32f10x_rcc.o(.text) for RCC_APB1PeriphResetCmd
    stm32f10x_pwr.o(.text) refers to template.o(.text) for assert_failed
    stm32f10x_dma.o(.text) refers to template.o(.text) for assert_failed
    1602driver.o(.text) refers to template.o(.data) for GoodBye
    can.o(.text) refers to stm32f10x_gpio.o(.text) for GPIO_Init
    can.o(.text) refers to can.o(.bss) for CAN_Data_RX
    can.o(.text) refers to fflt_clz.o(x$fpl$fflt) for __aeabi_i2f
    can.o(.text) refers to fdiv.o(x$fpl$fdiv) for __aeabi_fdiv
    can.o(.text) refers to main.o(.bss) for Time
    can.o(.text) refers to template.o(.data) for PhaseBrez
    __main.o(!!!main) refers to rtentry.o(.ARM.Collect$$rtentry$$00000000) for __rt_entry
    faddsub_clz.o(x$fpl$fadd) refers (Special) to usenofp.o(x$fpl$usenofp) for __I$use$fp
    faddsub_clz.o(x$fpl$fadd) refers to faddsub_clz.o(x$fpl$fsub) for _fsub1
    faddsub_clz.o(x$fpl$fadd) refers to fretinf.o(x$fpl$fretinf) for __fpl_fretinf
    faddsub_clz.o(x$fpl$fadd) refers to fnaninf.o(x$fpl$fnaninf) for __fpl_fnaninf
    faddsub_clz.o(x$fpl$frsb) refers (Special) to usenofp.o(x$fpl$usenofp) for __I$use$fp
    faddsub_clz.o(x$fpl$frsb) refers to faddsub_clz.o(x$fpl$fadd) for _fadd1
    faddsub_clz.o(x$fpl$frsb) refers to faddsub_clz.o(x$fpl$fsub) for _fsub1
    faddsub_clz.o(x$fpl$fsub) refers (Special) to usenofp.o(x$fpl$usenofp) for __I$use$fp
    faddsub_clz.o(x$fpl$fsub) refers to faddsub_clz.o(x$fpl$fadd) for _fadd1
    faddsub_clz.o(x$fpl$fsub) refers to fnaninf.o(x$fpl$fnaninf) for __fpl_fnaninf
    fdiv.o(x$fpl$frdiv) refers (Special) to usenofp.o(x$fpl$usenofp) for __I$use$fp
    fdiv.o(x$fpl$frdiv) refers to fdiv.o(x$fpl$fdiv) for _fdiv1
    fdiv.o(x$fpl$fdiv) refers (Special) to usenofp.o(x$fpl$usenofp) for __I$use$fp
    fdiv.o(x$fpl$fdiv) refers to fretinf.o(x$fpl$fretinf) for __fpl_fretinf
    fdiv.o(x$fpl$fdiv) refers to fnaninf.o(x$fpl$fnaninf) for __fpl_fnaninf
    fflt_clz.o(x$fpl$ffltu) refers (Special) to usenofp.o(x$fpl$usenofp) for __I$use$fp
    fflt_clz.o(x$fpl$fflt) refers (Special) to usenofp.o(x$fpl$usenofp) for __I$use$fp
    fflt_clz.o(x$fpl$ffltn) refers (Special) to usenofp.o(x$fpl$usenofp) for __I$use$fp
    frleqf.o(x$fpl$frleqf) refers (Special) to usenofp.o(x$fpl$usenofp) for __I$use$fp
    frleqf.o(x$fpl$frleqf) refers to fleqf.o(x$fpl$fleqf) for __fpl_fcmple_InfNaN
    rtentry.o(.ARM.Collect$$rtentry$$00000000) refers (Special) to rtentry2.o(.ARM.Collect$$rtentry$$0000000A) for __rt_entry_li
    rtentry.o(.ARM.Collect$$rtentry$$00000000) refers (Special) to rtentry2.o(.ARM.Collect$$rtentry$$0000000D) for __rt_entry_main
    rtentry.o(.ARM.Collect$$rtentry$$00000000) refers (Special) to rtentry2.o(.ARM.Collect$$rtentry$$0000000C) for __rt_entry_postli_1
    rtentry.o(.ARM.Collect$$rtentry$$00000000) refers (Special) to rtentry2.o(.ARM.Collect$$rtentry$$00000009) for __rt_entry_postsh_1
    rtentry.o(.ARM.Collect$$rtentry$$00000000) refers (Special) to rtentry2.o(.ARM.Collect$$rtentry$$00000002) for __rt_entry_presh_1
    rtentry.o(.ARM.Collect$$rtentry$$00000000) refers (Special) to rtentry4.o(.ARM.Collect$$rtentry$$00000004) for __rt_entry_sh
    fleqf.o(x$fpl$fleqf) refers (Special) to usenofp.o(x$fpl$usenofp) for __I$use$fp
    fleqf.o(x$fpl$fleqf) refers to fnaninf.o(x$fpl$fnaninf) for __fpl_fnaninf
    fleqf.o(x$fpl$fleqf) refers to fcmpi.o(x$fpl$fcmpinf) for __fpl_fcmp_Inf
    fnaninf.o(x$fpl$fnaninf) refers (Special) to usenofp.o(x$fpl$usenofp) for __I$use$fp
    fretinf.o(x$fpl$fretinf) refers (Special) to usenofp.o(x$fpl$usenofp) for __I$use$fp
    rtentry2.o(.ARM.Collect$$rtentry$$00000008) refers to boardinit2.o(.text) for _platform_post_stackheap_init
    rtentry2.o(.ARM.Collect$$rtentry$$0000000A) refers to libinit.o(.ARM.Collect$$libinit$$00000000) for __rt_lib_init
    rtentry2.o(.ARM.Collect$$rtentry$$0000000B) refers to boardinit3.o(.text) for _platform_post_lib_init
    rtentry2.o(.ARM.Collect$$rtentry$$0000000D) refers to main.o(.text) for main
    rtentry2.o(.ARM.Collect$$rtentry$$0000000D) refers to exit.o(.text) for exit
    rtentry2.o(.ARM.exidx) refers to rtentry2.o(.ARM.Collect$$rtentry$$00000001) for .ARM.Collect$$rtentry$$00000001
    rtentry2.o(.ARM.exidx) refers to rtentry2.o(.ARM.Collect$$rtentry$$00000008) for .ARM.Collect$$rtentry$$00000008
    rtentry2.o(.ARM.exidx) refers to rtentry2.o(.ARM.Collect$$rtentry$$0000000A) for .ARM.Collect$$rtentry$$0000000A
    rtentry2.o(.ARM.exidx) refers to rtentry2.o(.ARM.Collect$$rtentry$$0000000B) for .ARM.Collect$$rtentry$$0000000B
    rtentry2.o(.ARM.exidx) refers to rtentry2.o(.ARM.Collect$$rtentry$$0000000D) for .ARM.Collect$$rtentry$$0000000D
    rtentry4.o(.ARM.Collect$$rtentry$$00000004) refers to sys_stackheap_outer.o(.text) for __user_setup_stackheap
    rtentry4.o(.ARM.exidx) refers to rtentry4.o(.ARM.Collect$$rtentry$$00000004) for .ARM.Collect$$rtentry$$00000004
    fcmpi.o(x$fpl$fcmpinf) refers (Special) to usenofp.o(x$fpl$usenofp) for __I$use$fp
    sys_stackheap_outer.o(.text) refers to libspace.o(.text) for __user_perproc_libspace
    sys_stackheap_outer.o(.text) refers to startup_stm32f10x_md.o(.text) for __user_initial_stackheap
    exit.o(.text) refers to rtexit.o(.ARM.Collect$$rtexit$$00000000) for __rt_exit
    libinit.o(.ARM.Collect$$libinit$$00000000) refers (Special) to libinit2.o(.ARM.Collect$$libinit$$0000002C) for __rt_lib_init_alloca_1
    libinit.o(.ARM.Collect$$libinit$$00000000) refers (Special) to libinit2.o(.ARM.Collect$$libinit$$0000002A) for __rt_lib_init_argv_1
    libinit.o(.ARM.Collect$$libinit$$00000000) refers (Special) to libinit2.o(.ARM.Collect$$libinit$$00000019) for __rt_lib_init_atexit_1
    libinit.o(.ARM.Collect$$libinit$$00000000) refers (Special) to libinit2.o(.ARM.Collect$$libinit$$0000001F) for __rt_lib_init_clock_1
    libinit.o(.ARM.Collect$$libinit$$00000000) refers (Special) to libinit2.o(.ARM.Collect$$libinit$$00000030) for __rt_lib_init_cpp_1
    libinit.o(.ARM.Collect$$libinit$$00000000) refers (Special) to libinit2.o(.ARM.Collect$$libinit$$0000002E) for __rt_lib_init_exceptions_1
    libinit.o(.ARM.Collect$$libinit$$00000000) refers (Special) to libinit2.o(.ARM.Collect$$libinit$$00000002) for __rt_lib_init_fp_1
    libinit.o(.ARM.Collect$$libinit$$00000000) refers (Special) to libinit2.o(.ARM.Collect$$libinit$$0000001D) for __rt_lib_init_fp_trap_1
    libinit.o(.ARM.Collect$$libinit$$00000000) refers (Special) to libinit2.o(.ARM.Collect$$libinit$$00000021) for __rt_lib_init_getenv_1
    libinit.o(.ARM.Collect$$libinit$$00000000) refers (Special) to libinit2.o(.ARM.Collect$$libinit$$00000008) for __rt_lib_init_heap_1
    libinit.o(.ARM.Collect$$libinit$$00000000) refers (Special) to libinit2.o(.ARM.Collect$$libinit$$0000000F) for __rt_lib_init_lc_collate_1
    libinit.o(.ARM.Collect$$libinit$$00000000) refers (Special) to libinit2.o(.ARM.Collect$$libinit$$00000011) for __rt_lib_init_lc_ctype_1
    libinit.o(.ARM.Collect$$libinit$$00000000) refers (Special) to libinit2.o(.ARM.Collect$$libinit$$00000013) for __rt_lib_init_lc_monetary_1
    libinit.o(.ARM.Collect$$libinit$$00000000) refers (Special) to libinit2.o(.ARM.Collect$$libinit$$00000015) for __rt_lib_init_lc_numeric_1
    libinit.o(.ARM.Collect$$libinit$$00000000) refers (Special) to libinit2.o(.ARM.Collect$$libinit$$00000017) for __rt_lib_init_lc_time_1
    libinit.o(.ARM.Collect$$libinit$$00000000) refers (Special) to libinit2.o(.ARM.Collect$$libinit$$0000000C) for __rt_lib_init_rand_1
    libinit.o(.ARM.Collect$$libinit$$00000000) refers (Special) to libinit2.o(.ARM.Collect$$libinit$$00000031) for __rt_lib_init_return
    libinit.o(.ARM.Collect$$libinit$$00000000) refers (Special) to libinit2.o(.ARM.Collect$$libinit$$0000001B) for __rt_lib_init_signal_1
    libinit.o(.ARM.Collect$$libinit$$00000000) refers (Special) to libinit2.o(.ARM.Collect$$libinit$$00000023) for __rt_lib_init_stdio_1
    libinit.o(.ARM.Collect$$libinit$$00000000) refers (Special) to libinit2.o(.ARM.Collect$$libinit$$0000000A) for __rt_lib_init_user_alloc_1
    libspace.o(.text) refers to libspace.o(.bss) for __libspace_start
    rtexit.o(.ARM.Collect$$rtexit$$00000000) refers (Special) to rtexit2.o(.ARM.Collect$$rtexit$$00000004) for __rt_exit_exit
    rtexit.o(.ARM.Collect$$rtexit$$00000000) refers (Special) to rtexit2.o(.ARM.Collect$$rtexit$$00000003) for __rt_exit_ls
    rtexit.o(.ARM.Collect$$rtexit$$00000000) refers (Special) to rtexit2.o(.ARM.Collect$$rtexit$$00000002) for __rt_exit_prels_1
    rtexit.o(.ARM.exidx) refers (Special) to rtexit2.o(.ARM.Collect$$rtexit$$00000004) for __rt_exit_exit
    rtexit.o(.ARM.exidx) refers (Special) to rtexit2.o(.ARM.Collect$$rtexit$$00000003) for __rt_exit_ls
    rtexit.o(.ARM.exidx) refers (Special) to rtexit2.o(.ARM.Collect$$rtexit$$00000002) for __rt_exit_prels_1
    rtexit.o(.ARM.exidx) refers to rtexit.o(.ARM.Collect$$rtexit$$00000000) for .ARM.Collect$$rtexit$$00000000
    libinit2.o(.ARM.Collect$$libinit$$0000000E) refers to libinit2.o(.ARM.Collect$$libinit$$0000000D) for .ARM.Collect$$libinit$$0000000D
    libinit2.o(.ARM.Collect$$libinit$$00000010) refers to libinit2.o(.ARM.Collect$$libinit$$0000000D) for .ARM.Collect$$libinit$$0000000D
    libinit2.o(.ARM.Collect$$libinit$$00000012) refers to libinit2.o(.ARM.Collect$$libinit$$0000000D) for .ARM.Collect$$libinit$$0000000D
    libinit2.o(.ARM.Collect$$libinit$$00000014) refers to libinit2.o(.ARM.Collect$$libinit$$0000000D) for .ARM.Collect$$libinit$$0000000D
    libinit2.o(.ARM.Collect$$libinit$$00000016) refers to libinit2.o(.ARM.Collect$$libinit$$0000000D) for .ARM.Collect$$libinit$$0000000D
    libinit2.o(.ARM.Collect$$libinit$$00000024) refers to argv_veneer.o(.emb_text) for __ARM_argv_veneer
    libinit2.o(.ARM.Collect$$libinit$$00000025) refers to argv_veneer.o(.emb_text) for __ARM_argv_veneer
    rtexit2.o(.ARM.Collect$$rtexit$$00000003) refers to libshutdown.o(.ARM.Collect$$libshutdown$$00000000) for __rt_lib_shutdown
    rtexit2.o(.ARM.Collect$$rtexit$$00000004) refers to sys_exit.o(.text) for _sys_exit
    rtexit2.o(.ARM.exidx) refers to rtexit2.o(.ARM.Collect$$rtexit$$00000001) for .ARM.Collect$$rtexit$$00000001
    rtexit2.o(.ARM.exidx) refers to rtexit2.o(.ARM.Collect$$rtexit$$00000003) for .ARM.Collect$$rtexit$$00000003
    rtexit2.o(.ARM.exidx) refers to rtexit2.o(.ARM.Collect$$rtexit$$00000004) for .ARM.Collect$$rtexit$$00000004
    argv_veneer.o(.emb_text) refers to no_argv.o(.text) for __ARM_get_argv
    sys_exit.o(.text) refers (Special) to use_no_semi.o(.text) for __I$use$semihosting
    sys_exit.o(.text) refers (Special) to indicate_semi.o(.text) for __semihosting_library_function
    _get_argv_nomalloc.o(.text) refers (Special) to hrguard.o(.text) for __heap_region$guard
    _get_argv_nomalloc.o(.text) refers to defsig_rtmem_outer.o(.text) for __rt_SIGRTMEM
    _get_argv_nomalloc.o(.text) refers to sys_command.o(.text) for _sys_command_string
    libshutdown.o(.ARM.Collect$$libshutdown$$00000000) refers (Special) to libshutdown2.o(.ARM.Collect$$libshutdown$$00000006) for __rt_lib_shutdown_fp_trap_1
    libshutdown.o(.ARM.Collect$$libshutdown$$00000000) refers (Special) to libshutdown2.o(.ARM.Collect$$libshutdown$$0000000E) for __rt_lib_shutdown_heap_1
    libshutdown.o(.ARM.Collect$$libshutdown$$00000000) refers (Special) to libshutdown2.o(.ARM.Collect$$libshutdown$$0000000F) for __rt_lib_shutdown_return
    libshutdown.o(.ARM.Collect$$libshutdown$$00000000) refers (Special) to libshutdown2.o(.ARM.Collect$$libshutdown$$00000009) for __rt_lib_shutdown_signal_1
    libshutdown.o(.ARM.Collect$$libshutdown$$00000000) refers (Special) to libshutdown2.o(.ARM.Collect$$libshutdown$$00000003) for __rt_lib_shutdown_stdio_1
    libshutdown.o(.ARM.Collect$$libshutdown$$00000000) refers (Special) to libshutdown2.o(.ARM.Collect$$libshutdown$$0000000B) for __rt_lib_shutdown_user_alloc_1
    sys_command.o(.text) refers (Special) to use_no_semi.o(.text) for __I$use$semihosting
    sys_command.o(.text) refers (Special) to indicate_semi.o(.text) for __semihosting_library_function
    defsig_rtmem_outer.o(.text) refers to defsig_rtmem_inner.o(.text) for __rt_SIGRTMEM_inner
    defsig_rtmem_outer.o(.text) refers to defsig_exit.o(.text) for __sig_exit
    defsig_rtmem_formal.o(.text) refers to rt_raise.o(.text) for __rt_raise
    rt_raise.o(.text) refers to __raise.o(.text) for __raise
    rt_raise.o(.text) refers to sys_exit.o(.text) for _sys_exit
    defsig_exit.o(.text) refers to sys_exit.o(.text) for _sys_exit
    defsig_rtmem_inner.o(.text) refers to defsig_general.o(.text) for __default_signal_display
    __raise.o(.text) refers to defsig.o(CL$$defsig) for __default_signal_handler
    defsig_general.o(.text) refers to sys_wrch.o(.text) for _ttywrch
    sys_wrch.o(.text) refers (Special) to use_no_semi.o(.text) for __I$use$semihosting
    sys_wrch.o(.text) refers (Special) to indicate_semi.o(.text) for __semihosting_library_function
    defsig.o(CL$$defsig) refers to defsig_rtmem_inner.o(.text) for __rt_SIGRTMEM_inner
    defsig_abrt_inner.o(.text) refers to defsig_general.o(.text) for __default_signal_display
    defsig_fpe_inner.o(.text) refers to defsig_general.o(.text) for __default_signal_display
    defsig_rtred_inner.o(.text) refers to defsig_general.o(.text) for __default_signal_display
    defsig_stak_inner.o(.text) refers to defsig_general.o(.text) for __default_signal_display
    defsig_pvfn_inner.o(.text) refers to defsig_general.o(.text) for __default_signal_display
    defsig_cppl_inner.o(.text) refers to defsig_general.o(.text) for __default_signal_display
    defsig_segv_inner.o(.text) refers to defsig_general.o(.text) for __default_signal_display
    defsig_other.o(.text) refers to defsig_general.o(.text) for __default_signal_display


==============================================================================

Removing Unused input sections from the image.

    Removing core_cm3.o(.emb_text), (32 bytes).
    Removing stm32f10x_spi.o(.text), (2432 bytes).
    Removing stm32f10x_bkp.o(.text), (712 bytes).

3 unused section(s) (total 3176 bytes) removed from the image.

==============================================================================

Image Symbol Table

    Local Symbols

    Symbol Name                              Value     Ov Type        Size  Object(Section)

    ../clib/angel/boardlib.s                 0x00000000   Number         0  boardinit3.o ABSOLUTE
    ../clib/angel/boardlib.s                 0x00000000   Number         0  boardinit1.o ABSOLUTE
    ../clib/angel/boardlib.s                 0x00000000   Number         0  boardshut.o ABSOLUTE
    ../clib/angel/boardlib.s                 0x00000000   Number         0  boardinit2.o ABSOLUTE
    ../clib/angel/dczerorl2.s                0x00000000   Number         0  __dczerorl2.o ABSOLUTE
    ../clib/angel/handlers.s                 0x00000000   Number         0  __scatter_zi.o ABSOLUTE
    ../clib/angel/kernel.s                   0x00000000   Number         0  rtentry2.o ABSOLUTE
    ../clib/angel/kernel.s                   0x00000000   Number         0  rtentry.o ABSOLUTE
    ../clib/angel/kernel.s                   0x00000000   Number         0  rtexit.o ABSOLUTE
    ../clib/angel/kernel.s                   0x00000000   Number         0  rtentry4.o ABSOLUTE
    ../clib/angel/kernel.s                   0x00000000   Number         0  rtexit2.o ABSOLUTE
    ../clib/angel/rt.s                       0x00000000   Number         0  rt_raise.o ABSOLUTE
    ../clib/angel/scatter.s                  0x00000000   Number         0  __scatter.o ABSOLUTE
    ../clib/angel/startup.s                  0x00000000   Number         0  __main.o ABSOLUTE
    ../clib/angel/sys.s                      0x00000000   Number         0  sys_stackheap_outer.o ABSOLUTE
    ../clib/angel/sys.s                      0x00000000   Number         0  libspace.o ABSOLUTE
    ../clib/angel/sys.s                      0x00000000   Number         0  use_no_semi.o ABSOLUTE
    ../clib/angel/sys.s                      0x00000000   Number         0  indicate_semi.o ABSOLUTE
    ../clib/angel/sysapp.c                   0x00000000   Number         0  sys_command.o ABSOLUTE
    ../clib/angel/sysapp.c                   0x00000000   Number         0  sys_wrch.o ABSOLUTE
    ../clib/angel/sysapp.c                   0x00000000   Number         0  sys_exit.o ABSOLUTE
    ../clib/armsys.c                         0x00000000   Number         0  argv_veneer.o ABSOLUTE
    ../clib/armsys.c                         0x00000000   Number         0  argv_veneer.o ABSOLUTE
    ../clib/armsys.c                         0x00000000   Number         0  _get_argv_nomalloc.o ABSOLUTE
    ../clib/armsys.c                         0x00000000   Number         0  no_argv.o ABSOLUTE
    ../clib/heapalloc.c                      0x00000000   Number         0  hrguard.o ABSOLUTE
    ../clib/heapaux.c                        0x00000000   Number         0  heapauxi.o ABSOLUTE
    ../clib/libinit.s                        0x00000000   Number         0  libshutdown.o ABSOLUTE
    ../clib/libinit.s                        0x00000000   Number         0  libinit.o ABSOLUTE
    ../clib/libinit.s                        0x00000000   Number         0  libinit2.o ABSOLUTE
    ../clib/libinit.s                        0x00000000   Number         0  libshutdown2.o ABSOLUTE
    ../clib/signal.c                         0x00000000   Number         0  defsig_other.o ABSOLUTE
    ../clib/signal.c                         0x00000000   Number         0  defsig_segv_inner.o ABSOLUTE
    ../clib/signal.c                         0x00000000   Number         0  defsig_cppl_inner.o ABSOLUTE
    ../clib/signal.c                         0x00000000   Number         0  defsig_stak_inner.o ABSOLUTE
    ../clib/signal.c                         0x00000000   Number         0  defsig_rtred_inner.o ABSOLUTE
    ../clib/signal.c                         0x00000000   Number         0  defsig_fpe_inner.o ABSOLUTE
    ../clib/signal.c                         0x00000000   Number         0  defsig_abrt_inner.o ABSOLUTE
    ../clib/signal.c                         0x00000000   Number         0  defsig_general.o ABSOLUTE
    ../clib/signal.c                         0x00000000   Number         0  __raise.o ABSOLUTE
    ../clib/signal.c                         0x00000000   Number         0  defsig_rtmem_inner.o ABSOLUTE
    ../clib/signal.c                         0x00000000   Number         0  defsig_exit.o ABSOLUTE
    ../clib/signal.c                         0x00000000   Number         0  defsig_rtmem_formal.o ABSOLUTE
    ../clib/signal.c                         0x00000000   Number         0  defsig_rtmem_outer.o ABSOLUTE
    ../clib/signal.c                         0x00000000   Number         0  defsig_pvfn_inner.o ABSOLUTE
    ../clib/signal.s                         0x00000000   Number         0  defsig.o ABSOLUTE
    ../clib/stdlib.c                         0x00000000   Number         0  exit.o ABSOLUTE
    ../fplib/faddsub.s                       0x00000000   Number         0  faddsub_clz.o ABSOLUTE
    ../fplib/fcmpi.s                         0x00000000   Number         0  fcmpi.o ABSOLUTE
    ../fplib/fdiv.s                          0x00000000   Number         0  fdiv.o ABSOLUTE
    ../fplib/fflt.s                          0x00000000   Number         0  fflt_clz.o ABSOLUTE
    ../fplib/fleqf.s                         0x00000000   Number         0  fleqf.o ABSOLUTE
    ../fplib/fnaninf.s                       0x00000000   Number         0  fnaninf.o ABSOLUTE
    ../fplib/fpinit.s                        0x00000000   Number         0  fpinit.o ABSOLUTE
    ../fplib/fretinf.s                       0x00000000   Number         0  fretinf.o ABSOLUTE
    ../fplib/frleqf.s                        0x00000000   Number         0  frleqf.o ABSOLUTE
    ../fplib/usenofp.s                       0x00000000   Number         0  usenofp.o ABSOLUTE
    CMSIS\CoreSupport\core_cm3.c             0x00000000   Number         0  core_cm3.o ABSOLUTE
    CMSIS\DeviceSupport\ST\STM32F10x\startup\arm\startup_stm32f10x_md.s 0x00000000   Number         0  startup_stm32f10x_md.o ABSOLUTE
    CMSIS\DeviceSupport\ST\STM32F10x\system_stm32f10x.c 0x00000000   Number         0  system_stm32f10x.o ABSOLUTE
    CMSIS\\CoreSupport\\core_cm3.c           0x00000000   Number         0  core_cm3.o ABSOLUTE
    STM32F10x_StdPeriph_Driver\src\stm32f10x_adc.c 0x00000000   Number         0  stm32f10x_adc.o ABSOLUTE
    STM32F10x_StdPeriph_Driver\src\stm32f10x_bkp.c 0x00000000   Number         0  stm32f10x_bkp.o ABSOLUTE
    STM32F10x_StdPeriph_Driver\src\stm32f10x_dma.c 0x00000000   Number         0  stm32f10x_dma.o ABSOLUTE
    STM32F10x_StdPeriph_Driver\src\stm32f10x_gpio.c 0x00000000   Number         0  stm32f10x_gpio.o ABSOLUTE
    STM32F10x_StdPeriph_Driver\src\stm32f10x_pwr.c 0x00000000   Number         0  stm32f10x_pwr.o ABSOLUTE
    STM32F10x_StdPeriph_Driver\src\stm32f10x_rcc.c 0x00000000   Number         0  stm32f10x_rcc.o ABSOLUTE
    STM32F10x_StdPeriph_Driver\src\stm32f10x_spi.c 0x00000000   Number         0  stm32f10x_spi.o ABSOLUTE
    STM32F10x_StdPeriph_Driver\src\stm32f10x_tim.c 0x00000000   Number         0  stm32f10x_tim.o ABSOLUTE
    dc.s                                     0x00000000   Number         0  dc.o ABSOLUTE
    main\1602driver.c                        0x00000000   Number         0  1602driver.o ABSOLUTE
    main\bxCAN\CAN.c                         0x00000000   Number         0  can.o ABSOLUTE
    main\main.c                              0x00000000   Number         0  main.o ABSOLUTE
    main\menu.c                              0x00000000   Number         0  menu.o ABSOLUTE
    main\menu_func.c                         0x00000000   Number         0  menu_func.o ABSOLUTE
    main\stm32f10x_it.c                      0x00000000   Number         0  stm32f10x_it.o ABSOLUTE
    main\template.c                          0x00000000   Number         0  template.o ABSOLUTE
    RESET                                    0x08000000   Section      236  startup_stm32f10x_md.o(RESET)
    !!!main                                  0x080000ec   Section        8  __main.o(!!!main)
    !!!scatter                               0x080000f4   Section       52  __scatter.o(!!!scatter)
    !!dczerorl2                              0x08000128   Section       90  __dczerorl2.o(!!dczerorl2)
    !!handler_zi                             0x08000184   Section       28  __scatter_zi.o(!!handler_zi)
    .ARM.Collect$$libinit$$00000000          0x080001a0   Section        2  libinit.o(.ARM.Collect$$libinit$$00000000)
    .ARM.Collect$$libinit$$00000002          0x080001a2   Section        0  libinit2.o(.ARM.Collect$$libinit$$00000002)
    .ARM.Collect$$libinit$$00000008          0x080001a2   Section        0  libinit2.o(.ARM.Collect$$libinit$$00000008)
    .ARM.Collect$$libinit$$0000000A          0x080001a2   Section        0  libinit2.o(.ARM.Collect$$libinit$$0000000A)
    .ARM.Collect$$libinit$$0000000C          0x080001a2   Section        0  libinit2.o(.ARM.Collect$$libinit$$0000000C)
    .ARM.Collect$$libinit$$0000000F          0x080001a2   Section        0  libinit2.o(.ARM.Collect$$libinit$$0000000F)
    .ARM.Collect$$libinit$$00000011          0x080001a2   Section        0  libinit2.o(.ARM.Collect$$libinit$$00000011)
    .ARM.Collect$$libinit$$00000013          0x080001a2   Section        0  libinit2.o(.ARM.Collect$$libinit$$00000013)
    .ARM.Collect$$libinit$$00000015          0x080001a2   Section        0  libinit2.o(.ARM.Collect$$libinit$$00000015)
    .ARM.Collect$$libinit$$00000017          0x080001a2   Section        0  libinit2.o(.ARM.Collect$$libinit$$00000017)
    .ARM.Collect$$libinit$$00000019          0x080001a2   Section        0  libinit2.o(.ARM.Collect$$libinit$$00000019)
    .ARM.Collect$$libinit$$0000001B          0x080001a2   Section        0  libinit2.o(.ARM.Collect$$libinit$$0000001B)
    .ARM.Collect$$libinit$$0000001D          0x080001a2   Section        0  libinit2.o(.ARM.Collect$$libinit$$0000001D)
    .ARM.Collect$$libinit$$0000001F          0x080001a2   Section        0  libinit2.o(.ARM.Collect$$libinit$$0000001F)
    .ARM.Collect$$libinit$$00000021          0x080001a2   Section        0  libinit2.o(.ARM.Collect$$libinit$$00000021)
    .ARM.Collect$$libinit$$00000023          0x080001a2   Section        0  libinit2.o(.ARM.Collect$$libinit$$00000023)
    .ARM.Collect$$libinit$$0000002A          0x080001a2   Section        0  libinit2.o(.ARM.Collect$$libinit$$0000002A)
    .ARM.Collect$$libinit$$0000002C          0x080001a2   Section        0  libinit2.o(.ARM.Collect$$libinit$$0000002C)
    .ARM.Collect$$libinit$$0000002E          0x080001a2   Section        0  libinit2.o(.ARM.Collect$$libinit$$0000002E)
    .ARM.Collect$$libinit$$00000030          0x080001a2   Section        0  libinit2.o(.ARM.Collect$$libinit$$00000030)
    .ARM.Collect$$libinit$$00000031          0x080001a2   Section        2  libinit2.o(.ARM.Collect$$libinit$$00000031)
    .ARM.Collect$$libshutdown$$00000000      0x080001a4   Section        2  libshutdown.o(.ARM.Collect$$libshutdown$$00000000)
    .ARM.Collect$$libshutdown$$00000003      0x080001a6   Section        0  libshutdown2.o(.ARM.Collect$$libshutdown$$00000003)
    .ARM.Collect$$libshutdown$$00000006      0x080001a6   Section        0  libshutdown2.o(.ARM.Collect$$libshutdown$$00000006)
    .ARM.Collect$$libshutdown$$00000009      0x080001a6   Section        0  libshutdown2.o(.ARM.Collect$$libshutdown$$00000009)
    .ARM.Collect$$libshutdown$$0000000B      0x080001a6   Section        0  libshutdown2.o(.ARM.Collect$$libshutdown$$0000000B)
    .ARM.Collect$$libshutdown$$0000000E      0x080001a6   Section        0  libshutdown2.o(.ARM.Collect$$libshutdown$$0000000E)
    .ARM.Collect$$libshutdown$$0000000F      0x080001a6   Section        2  libshutdown2.o(.ARM.Collect$$libshutdown$$0000000F)
    .ARM.Collect$$rtentry$$00000000          0x080001a8   Section        0  rtentry.o(.ARM.Collect$$rtentry$$00000000)
    .ARM.Collect$$rtentry$$00000002          0x080001a8   Section        0  rtentry2.o(.ARM.Collect$$rtentry$$00000002)
    .ARM.Collect$$rtentry$$00000004          0x080001a8   Section        6  rtentry4.o(.ARM.Collect$$rtentry$$00000004)
    .ARM.Collect$$rtentry$$00000009          0x080001ae   Section        0  rtentry2.o(.ARM.Collect$$rtentry$$00000009)
    .ARM.Collect$$rtentry$$0000000A          0x080001ae   Section        4  rtentry2.o(.ARM.Collect$$rtentry$$0000000A)
    .ARM.Collect$$rtentry$$0000000C          0x080001b2   Section        0  rtentry2.o(.ARM.Collect$$rtentry$$0000000C)
    .ARM.Collect$$rtentry$$0000000D          0x080001b2   Section        8  rtentry2.o(.ARM.Collect$$rtentry$$0000000D)
    .ARM.Collect$$rtexit$$00000000           0x080001ba   Section        2  rtexit.o(.ARM.Collect$$rtexit$$00000000)
    .ARM.Collect$$rtexit$$00000002           0x080001bc   Section        0  rtexit2.o(.ARM.Collect$$rtexit$$00000002)
    .ARM.Collect$$rtexit$$00000003           0x080001bc   Section        4  rtexit2.o(.ARM.Collect$$rtexit$$00000003)
    .ARM.Collect$$rtexit$$00000004           0x080001c0   Section        6  rtexit2.o(.ARM.Collect$$rtexit$$00000004)
    .text                                    0x080001c8   Section       64  startup_stm32f10x_md.o(.text)
    .text                                    0x08000208   Section        0  system_stm32f10x.o(.text)
    SetSysClockTo72                          0x08000209   Thumb Code   212  system_stm32f10x.o(.text)
    SetSysClock                              0x080002dd   Thumb Code     8  system_stm32f10x.o(.text)
    .text                                    0x080003e4   Section        0  main.o(.text)
    NVIC_SetPriority                         0x080003e5   Thumb Code    32  main.o(.text)
    NVIC_EnableIRQ                           0x08000d6d   Thumb Code    24  main.o(.text)
    .text                                    0x08000dc0   Section        0  menu.o(.text)
    .text                                    0x08000f9c   Section        0  template.o(.text)
    .text                                    0x08000fa0   Section        0  menu_func.o(.text)
    .text                                    0x08001a94   Section        0  stm32f10x_it.o(.text)
    .text                                    0x08001fc0   Section        0  stm32f10x_gpio.o(.text)
    .text                                    0x08002a20   Section        0  stm32f10x_rcc.o(.text)
    .text                                    0x0800325c   Section        0  stm32f10x_adc.o(.text)
    .text                                    0x08004124   Section        0  stm32f10x_tim.o(.text)
    TI4_Config                               0x08004bc1   Thumb Code   130  stm32f10x_tim.o(.text)
    TI3_Config                               0x08004ca9   Thumb Code   122  stm32f10x_tim.o(.text)
    TI2_Config                               0x08004da3   Thumb Code   164  stm32f10x_tim.o(.text)
    TI1_Config                               0x08004ee3   Thumb Code   108  stm32f10x_tim.o(.text)
    .text                                    0x08007894   Section        0  stm32f10x_pwr.o(.text)
    .text                                    0x08007a50   Section        0  stm32f10x_dma.o(.text)
    .text                                    0x08008350   Section        0  1602driver.o(.text)
    .text                                    0x08008920   Section        0  can.o(.text)
    NVIC_SetPriority                         0x08008921   Thumb Code    32  can.o(.text)
    NVIC_EnableIRQ                           0x080090e5   Thumb Code    24  can.o(.text)
    .text                                    0x08009130   Section        0  heapauxi.o(.text)
    .text                                    0x08009136   Section       74  sys_stackheap_outer.o(.text)
    .text                                    0x08009180   Section        0  exit.o(.text)
    .text                                    0x0800918c   Section        8  libspace.o(.text)
    .text                                    0x08009194   Section        0  sys_exit.o(.text)
    .text                                    0x080091a0   Section        2  use_no_semi.o(.text)
    .text                                    0x080091a2   Section        0  indicate_semi.o(.text)
    x$fpl$fadd                               0x080091a4   Section      196  faddsub_clz.o(x$fpl$fadd)
    _fadd1                                   0x080091b3   Thumb Code     0  faddsub_clz.o(x$fpl$fadd)
    x$fpl$fcmpinf                            0x08009268   Section       24  fcmpi.o(x$fpl$fcmpinf)
    x$fpl$fdiv                               0x08009280   Section      388  fdiv.o(x$fpl$fdiv)
    _fdiv1                                   0x08009281   Thumb Code     0  fdiv.o(x$fpl$fdiv)
    x$fpl$fflt                               0x08009404   Section       48  fflt_clz.o(x$fpl$fflt)
    x$fpl$ffltu                              0x08009434   Section       38  fflt_clz.o(x$fpl$ffltu)
    x$fpl$fleqf                              0x0800945c   Section      104  fleqf.o(x$fpl$fleqf)
    x$fpl$fnaninf                            0x080094c4   Section      140  fnaninf.o(x$fpl$fnaninf)
    x$fpl$fretinf                            0x08009550   Section       10  fretinf.o(x$fpl$fretinf)
    x$fpl$frleqf                             0x0800955a   Section       98  frleqf.o(x$fpl$frleqf)
    x$fpl$fsub                               0x080095bc   Section      234  faddsub_clz.o(x$fpl$fsub)
    _fsub1                                   0x080095cb   Thumb Code     0  faddsub_clz.o(x$fpl$fsub)
    x$fpl$usenofp                            0x080096a6   Section        0  usenofp.o(x$fpl$usenofp)
    .data                                    0x20000000   Section       20  system_stm32f10x.o(.data)
    .data                                    0x20000014   Section       10  main.o(.data)
    .data                                    0x20000020   Section      266  template.o(.data)
    .data                                    0x2000012a   Section       20  stm32f10x_rcc.o(.data)
    APBAHBPrescTable                         0x2000012a   Data          16  stm32f10x_rcc.o(.data)
    ADCPrescTable                            0x2000013a   Data           4  stm32f10x_rcc.o(.data)
    .bss                                     0x20000140   Section      128  main.o(.bss)
    .bss                                     0x200001c0   Section       40  can.o(.bss)
    .bss                                     0x200001e8   Section       96  libspace.o(.bss)
    HEAP                                     0x20000248   Section      512  startup_stm32f10x_md.o(HEAP)
    Heap_Mem                                 0x20000248   Data         512  startup_stm32f10x_md.o(HEAP)
    STACK                                    0x20000448   Section     1024  startup_stm32f10x_md.o(STACK)
    Stack_Mem                                0x20000448   Data        1024  startup_stm32f10x_md.o(STACK)
    __initial_sp                             0x20000848   Data           0  startup_stm32f10x_md.o(STACK)

    Global Symbols

    Symbol Name                              Value     Ov Type        Size  Object(Section)

    BuildAttributes$$THM_ISAv4$P$D$K$B$S$PE$A:L22UL41UL21$X:L11$S22US41US21$IEEE1$IW$USESV6$~STKCKD$USESV7$~SHL$OSPACE$ROPI$EBA8$UX$STANDARDLIB$REQ8$PRES8$EABIv2 0x00000000   Number         0  anon$$obj.o ABSOLUTE
    __ARM_use_no_argv                        0x00000000   Number         0  main.o ABSOLUTE
    __ARM_exceptions_init                     - Undefined Weak Reference
    __alloca_initialize                       - Undefined Weak Reference
    __cpp_initialize__aeabi_                  - Undefined Weak Reference
    __cxa_finalize                            - Undefined Weak Reference
    __rt_locale                               - Undefined Weak Reference
    __sigvec_lookup                           - Undefined Weak Reference
    _atexit_init                              - Undefined Weak Reference
    _call_atexit_fns                          - Undefined Weak Reference
    _clock_init                               - Undefined Weak Reference
    _fp_trap_init                             - Undefined Weak Reference
    _fp_trap_shutdown                         - Undefined Weak Reference
    _get_lc_collate                           - Undefined Weak Reference
    _get_lc_ctype                             - Undefined Weak Reference
    _get_lc_monetary                          - Undefined Weak Reference
    _get_lc_numeric                           - Undefined Weak Reference
    _get_lc_time                              - Undefined Weak Reference
    _getenv_init                              - Undefined Weak Reference
    _handle_redirection                       - Undefined Weak Reference
    _init_alloc                               - Undefined Weak Reference
    _init_user_alloc                          - Undefined Weak Reference
    _initio                                   - Undefined Weak Reference
    _rand_init                                - Undefined Weak Reference
    _signal_finish                            - Undefined Weak Reference
    _signal_init                              - Undefined Weak Reference
    _terminate_alloc                          - Undefined Weak Reference
    _terminate_user_alloc                     - Undefined Weak Reference
    _terminateio                              - Undefined Weak Reference
    __Vectors_Size                           0x000000ec   Number         0  startup_stm32f10x_md.o ABSOLUTE
    __Vectors                                0x08000000   Data           4  startup_stm32f10x_md.o(RESET)
    __Vectors_End                            0x080000ec   Data           0  startup_stm32f10x_md.o(RESET)
    __main                                   0x080000ed   Thumb Code     8  __main.o(!!!main)
    __scatterload                            0x080000f5   Thumb Code     0  __scatter.o(!!!scatter)
    __scatterload_rt2                        0x080000f5   Thumb Code    44  __scatter.o(!!!scatter)
    __scatterload_rt2_thumb_only             0x080000f5   Thumb Code     0  __scatter.o(!!!scatter)
    __scatterload_null                       0x08000103   Thumb Code     0  __scatter.o(!!!scatter)
    __decompress                             0x08000129   Thumb Code    90  __dczerorl2.o(!!dczerorl2)
    __decompress1                            0x08000129   Thumb Code     0  __dczerorl2.o(!!dczerorl2)
    __scatterload_zeroinit                   0x08000185   Thumb Code    28  __scatter_zi.o(!!handler_zi)
    __rt_lib_init                            0x080001a1   Thumb Code     0  libinit.o(.ARM.Collect$$libinit$$00000000)
    __rt_lib_init_alloca_1                   0x080001a3   Thumb Code     0  libinit2.o(.ARM.Collect$$libinit$$0000002C)
    __rt_lib_init_argv_1                     0x080001a3   Thumb Code     0  libinit2.o(.ARM.Collect$$libinit$$0000002A)
    __rt_lib_init_atexit_1                   0x080001a3   Thumb Code     0  libinit2.o(.ARM.Collect$$libinit$$00000019)
    __rt_lib_init_clock_1                    0x080001a3   Thumb Code     0  libinit2.o(.ARM.Collect$$libinit$$0000001F)
    __rt_lib_init_cpp_1                      0x080001a3   Thumb Code     0  libinit2.o(.ARM.Collect$$libinit$$00000030)
    __rt_lib_init_exceptions_1               0x080001a3   Thumb Code     0  libinit2.o(.ARM.Collect$$libinit$$0000002E)
    __rt_lib_init_fp_1                       0x080001a3   Thumb Code     0  libinit2.o(.ARM.Collect$$libinit$$00000002)
    __rt_lib_init_fp_trap_1                  0x080001a3   Thumb Code     0  libinit2.o(.ARM.Collect$$libinit$$0000001D)
    __rt_lib_init_getenv_1                   0x080001a3   Thumb Code     0  libinit2.o(.ARM.Collect$$libinit$$00000021)
    __rt_lib_init_heap_1                     0x080001a3   Thumb Code     0  libinit2.o(.ARM.Collect$$libinit$$00000008)
    __rt_lib_init_lc_collate_1               0x080001a3   Thumb Code     0  libinit2.o(.ARM.Collect$$libinit$$0000000F)
    __rt_lib_init_lc_ctype_1                 0x080001a3   Thumb Code     0  libinit2.o(.ARM.Collect$$libinit$$00000011)
    __rt_lib_init_lc_monetary_1              0x080001a3   Thumb Code     0  libinit2.o(.ARM.Collect$$libinit$$00000013)
    __rt_lib_init_lc_numeric_1               0x080001a3   Thumb Code     0  libinit2.o(.ARM.Collect$$libinit$$00000015)
    __rt_lib_init_lc_time_1                  0x080001a3   Thumb Code     0  libinit2.o(.ARM.Collect$$libinit$$00000017)
    __rt_lib_init_rand_1                     0x080001a3   Thumb Code     0  libinit2.o(.ARM.Collect$$libinit$$0000000C)
    __rt_lib_init_return                     0x080001a3   Thumb Code     0  libinit2.o(.ARM.Collect$$libinit$$00000031)
    __rt_lib_init_signal_1                   0x080001a3   Thumb Code     0  libinit2.o(.ARM.Collect$$libinit$$0000001B)
    __rt_lib_init_stdio_1                    0x080001a3   Thumb Code     0  libinit2.o(.ARM.Collect$$libinit$$00000023)
    __rt_lib_init_user_alloc_1               0x080001a3   Thumb Code     0  libinit2.o(.ARM.Collect$$libinit$$0000000A)
    __rt_lib_shutdown                        0x080001a5   Thumb Code     0  libshutdown.o(.ARM.Collect$$libshutdown$$00000000)
    __rt_lib_shutdown_fp_trap_1              0x080001a7   Thumb Code     0  libshutdown2.o(.ARM.Collect$$libshutdown$$00000006)
    __rt_lib_shutdown_heap_1                 0x080001a7   Thumb Code     0  libshutdown2.o(.ARM.Collect$$libshutdown$$0000000E)
    __rt_lib_shutdown_return                 0x080001a7   Thumb Code     0  libshutdown2.o(.ARM.Collect$$libshutdown$$0000000F)
    __rt_lib_shutdown_signal_1               0x080001a7   Thumb Code     0  libshutdown2.o(.ARM.Collect$$libshutdown$$00000009)
    __rt_lib_shutdown_stdio_1                0x080001a7   Thumb Code     0  libshutdown2.o(.ARM.Collect$$libshutdown$$00000003)
    __rt_lib_shutdown_user_alloc_1           0x080001a7   Thumb Code     0  libshutdown2.o(.ARM.Collect$$libshutdown$$0000000B)
    __rt_entry                               0x080001a9   Thumb Code     0  rtentry.o(.ARM.Collect$$rtentry$$00000000)
    __rt_entry_presh_1                       0x080001a9   Thumb Code     0  rtentry2.o(.ARM.Collect$$rtentry$$00000002)
    __rt_entry_sh                            0x080001a9   Thumb Code     0  rtentry4.o(.ARM.Collect$$rtentry$$00000004)
    __rt_entry_li                            0x080001af   Thumb Code     0  rtentry2.o(.ARM.Collect$$rtentry$$0000000A)
    __rt_entry_postsh_1                      0x080001af   Thumb Code     0  rtentry2.o(.ARM.Collect$$rtentry$$00000009)
    __rt_entry_main                          0x080001b3   Thumb Code     0  rtentry2.o(.ARM.Collect$$rtentry$$0000000D)
    __rt_entry_postli_1                      0x080001b3   Thumb Code     0  rtentry2.o(.ARM.Collect$$rtentry$$0000000C)
    __rt_exit                                0x080001bb   Thumb Code     0  rtexit.o(.ARM.Collect$$rtexit$$00000000)
    __rt_exit_ls                             0x080001bd   Thumb Code     0  rtexit2.o(.ARM.Collect$$rtexit$$00000003)
    __rt_exit_prels_1                        0x080001bd   Thumb Code     0  rtexit2.o(.ARM.Collect$$rtexit$$00000002)
    __rt_exit_exit                           0x080001c1   Thumb Code     0  rtexit2.o(.ARM.Collect$$rtexit$$00000004)
    Reset_Handler                            0x080001c9   Thumb Code     8  startup_stm32f10x_md.o(.text)
    NMI_Handler                              0x080001d1   Thumb Code     2  startup_stm32f10x_md.o(.text)
    HardFault_Handler                        0x080001d3   Thumb Code     2  startup_stm32f10x_md.o(.text)
    MemManage_Handler                        0x080001d5   Thumb Code     2  startup_stm32f10x_md.o(.text)
    BusFault_Handler                         0x080001d7   Thumb Code     2  startup_stm32f10x_md.o(.text)
    UsageFault_Handler                       0x080001d9   Thumb Code     2  startup_stm32f10x_md.o(.text)
    SVC_Handler                              0x080001db   Thumb Code     2  startup_stm32f10x_md.o(.text)
    DebugMon_Handler                         0x080001dd   Thumb Code     2  startup_stm32f10x_md.o(.text)
    PendSV_Handler                           0x080001df   Thumb Code     2  startup_stm32f10x_md.o(.text)
    SysTick_Handler                          0x080001e1   Thumb Code     2  startup_stm32f10x_md.o(.text)
    CAN1_SCE_IRQHandler                      0x080001e3   Thumb Code     0  startup_stm32f10x_md.o(.text)
    DMA1_Channel1_IRQHandler                 0x080001e3   Thumb Code     0  startup_stm32f10x_md.o(.text)
    DMA1_Channel2_IRQHandler                 0x080001e3   Thumb Code     0  startup_stm32f10x_md.o(.text)
    DMA1_Channel3_IRQHandler                 0x080001e3   Thumb Code     0  startup_stm32f10x_md.o(.text)
    DMA1_Channel4_IRQHandler                 0x080001e3   Thumb Code     0  startup_stm32f10x_md.o(.text)
    DMA1_Channel5_IRQHandler                 0x080001e3   Thumb Code     0  startup_stm32f10x_md.o(.text)
    DMA1_Channel6_IRQHandler                 0x080001e3   Thumb Code     0  startup_stm32f10x_md.o(.text)
    DMA1_Channel7_IRQHandler                 0x080001e3   Thumb Code     0  startup_stm32f10x_md.o(.text)
    EXTI0_IRQHandler                         0x080001e3   Thumb Code     0  startup_stm32f10x_md.o(.text)
    EXTI15_10_IRQHandler                     0x080001e3   Thumb Code     0  startup_stm32f10x_md.o(.text)
    EXTI2_IRQHandler                         0x080001e3   Thumb Code     0  startup_stm32f10x_md.o(.text)
    EXTI4_IRQHandler                         0x080001e3   Thumb Code     0  startup_stm32f10x_md.o(.text)
    EXTI9_5_IRQHandler                       0x080001e3   Thumb Code     0  startup_stm32f10x_md.o(.text)
    FLASH_IRQHandler                         0x080001e3   Thumb Code     0  startup_stm32f10x_md.o(.text)
    I2C1_ER_IRQHandler                       0x080001e3   Thumb Code     0  startup_stm32f10x_md.o(.text)
    I2C1_EV_IRQHandler                       0x080001e3   Thumb Code     0  startup_stm32f10x_md.o(.text)
    I2C2_ER_IRQHandler                       0x080001e3   Thumb Code     0  startup_stm32f10x_md.o(.text)
    I2C2_EV_IRQHandler                       0x080001e3   Thumb Code     0  startup_stm32f10x_md.o(.text)
    PVD_IRQHandler                           0x080001e3   Thumb Code     0  startup_stm32f10x_md.o(.text)
    RCC_IRQHandler                           0x080001e3   Thumb Code     0  startup_stm32f10x_md.o(.text)
    SPI1_IRQHandler                          0x080001e3   Thumb Code     0  startup_stm32f10x_md.o(.text)
    SPI2_IRQHandler                          0x080001e3   Thumb Code     0  startup_stm32f10x_md.o(.text)
    TAMPER_IRQHandler                        0x080001e3   Thumb Code     0  startup_stm32f10x_md.o(.text)
    TIM1_BRK_IRQHandler                      0x080001e3   Thumb Code     0  startup_stm32f10x_md.o(.text)
    TIM1_CC_IRQHandler                       0x080001e3   Thumb Code     0  startup_stm32f10x_md.o(.text)
    TIM1_TRG_COM_IRQHandler                  0x080001e3   Thumb Code     0  startup_stm32f10x_md.o(.text)
    TIM1_UP_IRQHandler                       0x080001e3   Thumb Code     0  startup_stm32f10x_md.o(.text)
    TIM4_IRQHandler                          0x080001e3   Thumb Code     0  startup_stm32f10x_md.o(.text)
    USART1_IRQHandler                        0x080001e3   Thumb Code     0  startup_stm32f10x_md.o(.text)
    USART2_IRQHandler                        0x080001e3   Thumb Code     0  startup_stm32f10x_md.o(.text)
    USART3_IRQHandler                        0x080001e3   Thumb Code     0  startup_stm32f10x_md.o(.text)
    USBWakeUp_IRQHandler                     0x080001e3   Thumb Code     0  startup_stm32f10x_md.o(.text)
    USB_HP_CAN1_TX_IRQHandler                0x080001e3   Thumb Code     0  startup_stm32f10x_md.o(.text)
    WWDG_IRQHandler                          0x080001e3   Thumb Code     0  startup_stm32f10x_md.o(.text)
    __user_initial_stackheap                 0x080001e5   Thumb Code     0  startup_stm32f10x_md.o(.text)
    SystemInit                               0x080002e5   Thumb Code    78  system_stm32f10x.o(.text)
    SystemCoreClockUpdate                    0x08000333   Thumb Code   142  system_stm32f10x.o(.text)
    AlarmCalc                                0x08000405   Thumb Code   430  main.o(.text)
    DateCalc                                 0x080005b3   Thumb Code   242  main.o(.text)
    ADC1_Init                                0x080006a5   Thumb Code   440  main.o(.text)
    InitPerifery                             0x0800085d   Thumb Code  1098  main.o(.text)
    main                                     0x08000ca7   Thumb Code   198  main.o(.text)
    _Menu                                    0x08000dc1   Thumb Code   422  menu.o(.text)
    assert_failed                            0x08000f9d   Thumb Code     4  template.o(.text)
    SetTime_encoder                          0x08000fa1   Thumb Code   992  menu_func.o(.text)
    SetAlarm_encoder                         0x08001381   Thumb Code  1048  menu_func.o(.text)
    BrezPhase                                0x08001799   Thumb Code   626  menu_func.o(.text)
    ADC                                      0x08001a0b   Thumb Code    68  menu_func.o(.text)
    RTC_IRQHandler                           0x08001a95   Thumb Code   218  stm32f10x_it.o(.text)
    EXTI1_IRQHandler                         0x08001b6f   Thumb Code    70  stm32f10x_it.o(.text)
    EXTI3_IRQHandler                         0x08001bb5   Thumb Code    22  stm32f10x_it.o(.text)
    ADC1_2_IRQHandler                        0x08001bcb   Thumb Code   274  stm32f10x_it.o(.text)
    TIM2_IRQHandler                          0x08001cdd   Thumb Code   100  stm32f10x_it.o(.text)
    TIM3_IRQHandler                          0x08001d41   Thumb Code   570  stm32f10x_it.o(.text)
    RTCAlarm_IRQHandler                      0x08001f7b   Thumb Code    10  stm32f10x_it.o(.text)
    USB_LP_CAN1_RX0_IRQHandler               0x08001f85   Thumb Code    14  stm32f10x_it.o(.text)
    CAN1_RX1_IRQHandler                      0x08001f93   Thumb Code    14  stm32f10x_it.o(.text)
    GPIO_DeInit                              0x08001fc1   Thumb Code   224  stm32f10x_gpio.o(.text)
    GPIO_AFIODeInit                          0x080020a1   Thumb Code    20  stm32f10x_gpio.o(.text)
    GPIO_Init                                0x080020b5   Thumb Code   378  stm32f10x_gpio.o(.text)
    GPIO_StructInit                          0x0800222f   Thumb Code    16  stm32f10x_gpio.o(.text)
    GPIO_ReadInputDataBit                    0x0800223f   Thumb Code   170  stm32f10x_gpio.o(.text)
    GPIO_ReadInputData                       0x080022e9   Thumb Code    64  stm32f10x_gpio.o(.text)
    GPIO_ReadOutputDataBit                   0x08002329   Thumb Code   248  stm32f10x_gpio.o(.text)
    GPIO_ReadOutputData                      0x08002421   Thumb Code    66  stm32f10x_gpio.o(.text)
    GPIO_SetBits                             0x08002463   Thumb Code    86  stm32f10x_gpio.o(.text)
    GPIO_ResetBits                           0x080024b9   Thumb Code    86  stm32f10x_gpio.o(.text)
    GPIO_WriteBit                            0x0800250f   Thumb Code   188  stm32f10x_gpio.o(.text)
    GPIO_Write                               0x080025cb   Thumb Code    66  stm32f10x_gpio.o(.text)
    GPIO_PinLockConfig                       0x0800260d   Thumb Code   100  stm32f10x_gpio.o(.text)
    GPIO_EventOutputConfig                   0x08002671   Thumb Code   138  stm32f10x_gpio.o(.text)
    GPIO_EventOutputCmd                      0x080026fb   Thumb Code    30  stm32f10x_gpio.o(.text)
    GPIO_PinRemapConfig                      0x08002719   Thumb Code   538  stm32f10x_gpio.o(.text)
    GPIO_EXTILineConfig                      0x08002933   Thumb Code   186  stm32f10x_gpio.o(.text)
    GPIO_ETH_MediaInterfaceConfig            0x080029ed   Thumb Code    30  stm32f10x_gpio.o(.text)
    RCC_DeInit                               0x08002a21   Thumb Code    64  stm32f10x_rcc.o(.text)
    RCC_HSEConfig                            0x08002a61   Thumb Code   100  stm32f10x_rcc.o(.text)
    RCC_GetFlagStatus                        0x08002ac5   Thumb Code   118  stm32f10x_rcc.o(.text)
    RCC_WaitForHSEStartUp                    0x08002b3b   Thumb Code    56  stm32f10x_rcc.o(.text)
    RCC_AdjustHSICalibrationValue            0x08002b73   Thumb Code    38  stm32f10x_rcc.o(.text)
    RCC_HSICmd                               0x08002b99   Thumb Code    28  stm32f10x_rcc.o(.text)
    RCC_PLLConfig                            0x08002bb5   Thumb Code   152  stm32f10x_rcc.o(.text)
    RCC_PLLCmd                               0x08002c4d   Thumb Code    28  stm32f10x_rcc.o(.text)
    RCC_SYSCLKConfig                         0x08002c69   Thumb Code    42  stm32f10x_rcc.o(.text)
    RCC_GetSYSCLKSource                      0x08002c93   Thumb Code    10  stm32f10x_rcc.o(.text)
    RCC_HCLKConfig                           0x08002c9d   Thumb Code    66  stm32f10x_rcc.o(.text)
    RCC_PCLK1Config                          0x08002cdf   Thumb Code    58  stm32f10x_rcc.o(.text)
    RCC_PCLK2Config                          0x08002d19   Thumb Code    60  stm32f10x_rcc.o(.text)
    RCC_ITConfig                             0x08002d55   Thumb Code    70  stm32f10x_rcc.o(.text)
    RCC_USBCLKConfig                         0x08002d9b   Thumb Code    28  stm32f10x_rcc.o(.text)
    RCC_ADCCLKConfig                         0x08002db7   Thumb Code    52  stm32f10x_rcc.o(.text)
    RCC_LSEConfig                            0x08002deb   Thumb Code   144  stm32f10x_rcc.o(.text)
    RCC_LSICmd                               0x08002e7b   Thumb Code    30  stm32f10x_rcc.o(.text)
    RCC_RTCCLKConfig                         0x08002e99   Thumb Code    52  stm32f10x_rcc.o(.text)
    RCC_RTCCLKCmd                            0x08002ecd   Thumb Code    32  stm32f10x_rcc.o(.text)
    RCC_GetClocksFreq                        0x08002eed   Thumb Code   208  stm32f10x_rcc.o(.text)
    RCC_AHBPeriphClockCmd                    0x08002fbd   Thumb Code    86  stm32f10x_rcc.o(.text)
    RCC_APB2PeriphClockCmd                   0x08003013   Thumb Code    82  stm32f10x_rcc.o(.text)
    RCC_APB1PeriphClockCmd                   0x08003065   Thumb Code    82  stm32f10x_rcc.o(.text)
    RCC_APB2PeriphResetCmd                   0x080030b7   Thumb Code    82  stm32f10x_rcc.o(.text)
    RCC_APB1PeriphResetCmd                   0x08003109   Thumb Code    82  stm32f10x_rcc.o(.text)
    RCC_BackupResetCmd                       0x0800315b   Thumb Code    32  stm32f10x_rcc.o(.text)
    RCC_ClockSecuritySystemCmd               0x0800317b   Thumb Code    30  stm32f10x_rcc.o(.text)
    RCC_MCOConfig                            0x08003199   Thumb Code    44  stm32f10x_rcc.o(.text)
    RCC_ClearFlag                            0x080031c5   Thumb Code    18  stm32f10x_rcc.o(.text)
    RCC_GetITStatus                          0x080031d7   Thumb Code    64  stm32f10x_rcc.o(.text)
    RCC_ClearITPendingBit                    0x08003217   Thumb Code    34  stm32f10x_rcc.o(.text)
    ADC_DeInit                               0x0800325d   Thumb Code   106  stm32f10x_adc.o(.text)
    ADC_Init                                 0x080032c7   Thumb Code   388  stm32f10x_adc.o(.text)
    ADC_StructInit                           0x0800344b   Thumb Code    18  stm32f10x_adc.o(.text)
    ADC_Cmd                                  0x0800345d   Thumb Code    76  stm32f10x_adc.o(.text)
    ADC_DMACmd                               0x080034a9   Thumb Code    70  stm32f10x_adc.o(.text)
    ADC_ITConfig                             0x080034ef   Thumb Code   104  stm32f10x_adc.o(.text)
    ADC_ResetCalibration                     0x08003557   Thumb Code    44  stm32f10x_adc.o(.text)
    ADC_GetResetCalibrationStatus            0x08003583   Thumb Code    54  stm32f10x_adc.o(.text)
    ADC_StartCalibration                     0x080035b9   Thumb Code    44  stm32f10x_adc.o(.text)
    ADC_GetCalibrationStatus                 0x080035e5   Thumb Code    54  stm32f10x_adc.o(.text)
    ADC_SoftwareStartConvCmd                 0x0800361b   Thumb Code   148  stm32f10x_adc.o(.text)
    ADC_GetSoftwareStartConvStatus           0x080036af   Thumb Code    56  stm32f10x_adc.o(.text)
    ADC_DiscModeChannelCountConfig           0x080036e7   Thumb Code    84  stm32f10x_adc.o(.text)
    ADC_DiscModeCmd                          0x0800373b   Thumb Code    80  stm32f10x_adc.o(.text)
    ADC_RegularChannelConfig                 0x0800378b   Thumb Code   412  stm32f10x_adc.o(.text)
    ADC_ExternalTrigConvCmd                  0x08003927   Thumb Code    80  stm32f10x_adc.o(.text)
    ADC_GetConversionValue                   0x08003977   Thumb Code    42  stm32f10x_adc.o(.text)
    ADC_GetDualModeConversionValue           0x080039a1   Thumb Code     8  stm32f10x_adc.o(.text)
    ADC_AutoInjectedConvCmd                  0x080039a9   Thumb Code    80  stm32f10x_adc.o(.text)
    ADC_InjectedDiscModeCmd                  0x080039f9   Thumb Code    80  stm32f10x_adc.o(.text)
    ADC_ExternalTrigInjectedConvConfig       0x08003a49   Thumb Code   154  stm32f10x_adc.o(.text)
    ADC_ExternalTrigInjectedConvCmd          0x08003ae3   Thumb Code    80  stm32f10x_adc.o(.text)
    ADC_SoftwareStartInjectedConvCmd         0x08003b33   Thumb Code    80  stm32f10x_adc.o(.text)
    ADC_GetSoftwareStartInjectedConvCmdStatus 0x08003b83   Thumb Code    56  stm32f10x_adc.o(.text)
    ADC_InjectedChannelConfig                0x08003bbb   Thumb Code   336  stm32f10x_adc.o(.text)
    ADC_InjectedSequencerLengthConfig        0x08003d0b   Thumb Code    84  stm32f10x_adc.o(.text)
    ADC_SetInjectedOffset                    0x08003d5f   Thumb Code   108  stm32f10x_adc.o(.text)
    ADC_GetInjectedConversionValue           0x08003dcb   Thumb Code    92  stm32f10x_adc.o(.text)
    ADC_AnalogWatchdogCmd                    0x08003e27   Thumb Code   106  stm32f10x_adc.o(.text)
    ADC_AnalogWatchdogThresholdsConfig       0x08003e91   Thumb Code   110  stm32f10x_adc.o(.text)
    ADC_AnalogWatchdogSingleChannelConfig    0x08003eff   Thumb Code   136  stm32f10x_adc.o(.text)
    ADC_TempSensorVrefintCmd                 0x08003f87   Thumb Code    62  stm32f10x_adc.o(.text)
    ADC_GetFlagStatus                        0x08003fc5   Thumb Code    90  stm32f10x_adc.o(.text)
    ADC_ClearFlag                            0x0800401f   Thumb Code    66  stm32f10x_adc.o(.text)
    ADC_GetITStatus                          0x08004061   Thumb Code   112  stm32f10x_adc.o(.text)
    ADC_ClearITPendingBit                    0x080040d1   Thumb Code    72  stm32f10x_adc.o(.text)
    TIM_DeInit                               0x08004125   Thumb Code   536  stm32f10x_tim.o(.text)
    TIM_TimeBaseInit                         0x0800433d   Thumb Code   308  stm32f10x_tim.o(.text)
    TIM_OC1Init                              0x08004471   Thumb Code   564  stm32f10x_tim.o(.text)
    TIM_OC2Init                              0x080046a5   Thumb Code   438  stm32f10x_tim.o(.text)
    TIM_OC3Init                              0x0800485b   Thumb Code   458  stm32f10x_tim.o(.text)
    TIM_OC4Init                              0x08004a25   Thumb Code   302  stm32f10x_tim.o(.text)
    TIM_SetIC4Prescaler                      0x08004b53   Thumb Code   110  stm32f10x_tim.o(.text)
    TIM_SetIC3Prescaler                      0x08004c43   Thumb Code   102  stm32f10x_tim.o(.text)
    TIM_SetIC2Prescaler                      0x08004d23   Thumb Code   128  stm32f10x_tim.o(.text)
    TIM_SetIC1Prescaler                      0x08004e47   Thumb Code   156  stm32f10x_tim.o(.text)
    TIM_ICInit                               0x08004f4f   Thumb Code   600  stm32f10x_tim.o(.text)
    TIM_PWMIConfig                           0x080051a7   Thumb Code   250  stm32f10x_tim.o(.text)
    TIM_BDTRConfig                           0x080052a1   Thumb Code   254  stm32f10x_tim.o(.text)
    TIM_TimeBaseStructInit                   0x0800539f   Thumb Code    18  stm32f10x_tim.o(.text)
    TIM_OCStructInit                         0x080053b1   Thumb Code    20  stm32f10x_tim.o(.text)
    TIM_ICStructInit                         0x080053c5   Thumb Code    18  stm32f10x_tim.o(.text)
    TIM_BDTRStructInit                       0x080053d7   Thumb Code    18  stm32f10x_tim.o(.text)
    TIM_Cmd                                  0x080053e9   Thumb Code   166  stm32f10x_tim.o(.text)
    TIM_CtrlPWMOutputs                       0x0800548f   Thumb Code   100  stm32f10x_tim.o(.text)
    TIM_ITConfig                             0x080054f3   Thumb Code   178  stm32f10x_tim.o(.text)
    TIM_GenerateEvent                        0x080055a5   Thumb Code   144  stm32f10x_tim.o(.text)
    TIM_DMAConfig                            0x08005635   Thumb Code   358  stm32f10x_tim.o(.text)
    TIM_DMACmd                               0x0800579b   Thumb Code   144  stm32f10x_tim.o(.text)
    TIM_InternalClockConfig                  0x0800582b   Thumb Code    82  stm32f10x_tim.o(.text)
    TIM_SelectInputTrigger                   0x0800587d   Thumb Code   130  stm32f10x_tim.o(.text)
    TIM_ITRxExternalClockConfig              0x080058ff   Thumb Code   116  stm32f10x_tim.o(.text)
    TIM_TIxExternalClockConfig               0x08005973   Thumb Code   186  stm32f10x_tim.o(.text)
    TIM_ETRConfig                            0x08005a2d   Thumb Code   164  stm32f10x_tim.o(.text)
    TIM_ETRClockMode1Config                  0x08005ad1   Thumb Code   224  stm32f10x_tim.o(.text)
    TIM_ETRClockMode2Config                  0x08005bb1   Thumb Code   152  stm32f10x_tim.o(.text)
    TIM_PrescalerConfig                      0x08005c49   Thumb Code   146  stm32f10x_tim.o(.text)
    TIM_CounterModeConfig                    0x08005cdb   Thumb Code   100  stm32f10x_tim.o(.text)
    TIM_EncoderInterfaceConfig               0x08005d3f   Thumb Code   212  stm32f10x_tim.o(.text)
    TIM_ForcedOC1Config                      0x08005e13   Thumb Code   144  stm32f10x_tim.o(.text)
    TIM_ForcedOC2Config                      0x08005ea3   Thumb Code   116  stm32f10x_tim.o(.text)
    TIM_ForcedOC3Config                      0x08005f17   Thumb Code   160  stm32f10x_tim.o(.text)
    TIM_ForcedOC4Config                      0x08005fb7   Thumb Code    98  stm32f10x_tim.o(.text)
    TIM_ARRPreloadConfig                     0x08006019   Thumb Code   162  stm32f10x_tim.o(.text)
    TIM_SelectCOM                            0x080060bb   Thumb Code    90  stm32f10x_tim.o(.text)
    TIM_SelectCCDMA                          0x08006115   Thumb Code   114  stm32f10x_tim.o(.text)
    TIM_CCPreloadControl                     0x08006187   Thumb Code   102  stm32f10x_tim.o(.text)
    TIM_OC1PreloadConfig                     0x080061ed   Thumb Code   142  stm32f10x_tim.o(.text)
    TIM_OC2PreloadConfig                     0x0800627b   Thumb Code   114  stm32f10x_tim.o(.text)
    TIM_OC3PreloadConfig                     0x080062ed   Thumb Code    88  stm32f10x_tim.o(.text)
    TIM_OC4PreloadConfig                     0x08006345   Thumb Code   166  stm32f10x_tim.o(.text)
    TIM_OC1FastConfig                        0x080063eb   Thumb Code   142  stm32f10x_tim.o(.text)
    TIM_OC2FastConfig                        0x08006479   Thumb Code   114  stm32f10x_tim.o(.text)
    TIM_OC3FastConfig                        0x080064eb   Thumb Code    88  stm32f10x_tim.o(.text)
    TIM_OC4FastConfig                        0x08006543   Thumb Code    96  stm32f10x_tim.o(.text)
    TIM_ClearOC1Ref                          0x080065a3   Thumb Code    88  stm32f10x_tim.o(.text)
    TIM_ClearOC2Ref                          0x080065fb   Thumb Code    94  stm32f10x_tim.o(.text)
    TIM_ClearOC3Ref                          0x08006659   Thumb Code    88  stm32f10x_tim.o(.text)
    TIM_ClearOC4Ref                          0x080066b1   Thumb Code    94  stm32f10x_tim.o(.text)
    TIM_OC1PolarityConfig                    0x0800670f   Thumb Code   202  stm32f10x_tim.o(.text)
    TIM_OC1NPolarityConfig                   0x080067d9   Thumb Code    82  stm32f10x_tim.o(.text)
    TIM_OC2PolarityConfig                    0x0800682b   Thumb Code   114  stm32f10x_tim.o(.text)
    TIM_OC2NPolarityConfig                   0x0800689d   Thumb Code    72  stm32f10x_tim.o(.text)
    TIM_OC3PolarityConfig                    0x080068e5   Thumb Code    96  stm32f10x_tim.o(.text)
    TIM_OC3NPolarityConfig                   0x08006945   Thumb Code    72  stm32f10x_tim.o(.text)
    TIM_OC4PolarityConfig                    0x0800698d   Thumb Code    96  stm32f10x_tim.o(.text)
    TIM_CCxCmd                               0x080069ed   Thumb Code   186  stm32f10x_tim.o(.text)
    TIM_CCxNCmd                              0x08006aa7   Thumb Code   122  stm32f10x_tim.o(.text)
    TIM_SelectOCxM                           0x08006b21   Thumb Code   326  stm32f10x_tim.o(.text)
    TIM_UpdateDisableConfig                  0x08006c67   Thumb Code   162  stm32f10x_tim.o(.text)
    TIM_UpdateRequestConfig                  0x08006d09   Thumb Code   162  stm32f10x_tim.o(.text)
    TIM_SelectHallSensor                     0x08006dab   Thumb Code   114  stm32f10x_tim.o(.text)
    TIM_SelectOnePulseMode                   0x08006e1d   Thumb Code   156  stm32f10x_tim.o(.text)
    TIM_SelectOutputTrigger                  0x08006eb9   Thumb Code   144  stm32f10x_tim.o(.text)
    TIM_SelectSlaveMode                      0x08006f49   Thumb Code   118  stm32f10x_tim.o(.text)
    TIM_SelectMasterSlaveMode                0x08006fbf   Thumb Code   176  stm32f10x_tim.o(.text)
    TIM_SetCounter                           0x0800706f   Thumb Code   124  stm32f10x_tim.o(.text)
    TIM_SetAutoreload                        0x080070eb   Thumb Code   124  stm32f10x_tim.o(.text)
    TIM_SetCompare1                          0x08007167   Thumb Code   112  stm32f10x_tim.o(.text)
    TIM_SetCompare2                          0x080071d7   Thumb Code    76  stm32f10x_tim.o(.text)
    TIM_SetCompare3                          0x08007223   Thumb Code    58  stm32f10x_tim.o(.text)
    TIM_SetCompare4                          0x0800725d   Thumb Code    60  stm32f10x_tim.o(.text)
    TIM_SetClockDivision                     0x08007299   Thumb Code   152  stm32f10x_tim.o(.text)
    TIM_GetCapture1                          0x08007331   Thumb Code   110  stm32f10x_tim.o(.text)
    TIM_GetCapture2                          0x0800739f   Thumb Code    74  stm32f10x_tim.o(.text)
    TIM_GetCapture3                          0x080073e9   Thumb Code   124  stm32f10x_tim.o(.text)
    TIM_GetCapture4                          0x08007465   Thumb Code    58  stm32f10x_tim.o(.text)
    TIM_GetCounter                           0x0800749f   Thumb Code   122  stm32f10x_tim.o(.text)
    TIM_GetPrescaler                         0x08007519   Thumb Code   122  stm32f10x_tim.o(.text)
    TIM_GetFlagStatus                        0x08007593   Thumb Code   206  stm32f10x_tim.o(.text)
    TIM_ClearFlag                            0x08007661   Thumb Code   146  stm32f10x_tim.o(.text)
    TIM_GetITStatus                          0x080076f3   Thumb Code   204  stm32f10x_tim.o(.text)
    TIM_ClearITPendingBit                    0x080077bf   Thumb Code   214  stm32f10x_tim.o(.text)
    PWR_DeInit                               0x08007895   Thumb Code    22  stm32f10x_pwr.o(.text)
    PWR_BackupAccessCmd                      0x080078ab   Thumb Code    26  stm32f10x_pwr.o(.text)
    PWR_PVDCmd                               0x080078c5   Thumb Code    26  stm32f10x_pwr.o(.text)
    PWR_PVDLevelConfig                       0x080078df   Thumb Code    60  stm32f10x_pwr.o(.text)
    PWR_WakeUpPinCmd                         0x0800791b   Thumb Code    26  stm32f10x_pwr.o(.text)
    PWR_EnterSTOPMode                        0x08007935   Thumb Code    90  stm32f10x_pwr.o(.text)
    PWR_EnterSTANDBYMode                     0x0800798f   Thumb Code    42  stm32f10x_pwr.o(.text)
    PWR_GetFlagStatus                        0x080079b9   Thumb Code    48  stm32f10x_pwr.o(.text)
    PWR_ClearFlag                            0x080079e9   Thumb Code    38  stm32f10x_pwr.o(.text)
    DMA_DeInit                               0x08007a51   Thumb Code   430  stm32f10x_dma.o(.text)
    DMA_Init                                 0x08007bff   Thumb Code   388  stm32f10x_dma.o(.text)
    DMA_StructInit                           0x08007d83   Thumb Code    26  stm32f10x_dma.o(.text)
    DMA_Cmd                                  0x08007d9d   Thumb Code   208  stm32f10x_dma.o(.text)
    DMA_ITConfig                             0x08007e6d   Thumb Code   174  stm32f10x_dma.o(.text)
    DMA_SetCurrDataCounter                   0x08007f1b   Thumb Code   116  stm32f10x_dma.o(.text)
    DMA_GetCurrDataCounter                   0x08007f8f   Thumb Code   116  stm32f10x_dma.o(.text)
    DMA_GetFlagStatus                        0x08008003   Thumb Code   326  stm32f10x_dma.o(.text)
    DMA_ClearFlag                            0x08008149   Thumb Code    54  stm32f10x_dma.o(.text)
    DMA_GetITStatus                          0x0800817f   Thumb Code   376  stm32f10x_dma.o(.text)
    DMA_ClearITPendingBit                    0x080082f7   Thumb Code    52  stm32f10x_dma.o(.text)
    Delay                                    0x08008351   Thumb Code    30  1602driver.o(.text)
    LCDInit                                  0x0800836f   Thumb Code   492  1602driver.o(.text)
    ClearLCD                                 0x0800855b   Thumb Code    54  1602driver.o(.text)
    Set_Cursor                               0x08008591   Thumb Code    64  1602driver.o(.text)
    Shift_cursor                             0x080085d1   Thumb Code    56  1602driver.o(.text)
    Backspace_cursor                         0x08008609   Thumb Code    86  1602driver.o(.text)
    PutText                                  0x0800865f   Thumb Code   138  1602driver.o(.text)
    PutChar                                  0x080086e9   Thumb Code   194  1602driver.o(.text)
    PutSimvol                                0x080087ab   Thumb Code   136  1602driver.o(.text)
    PutChar_Curent                           0x08008833   Thumb Code    60  1602driver.o(.text)
    Cursor_type                              0x0800886f   Thumb Code    62  1602driver.o(.text)
    Sleepdeep                                0x080088ad   Thumb Code    88  1602driver.o(.text)
    bxCAN_Init                               0x08008941   Thumb Code   574  can.o(.text)
    CAN_Transmit_DataFrame                   0x08008b7f   Thumb Code   224  can.o(.text)
    CAN_Transmit_RemoteFrame                 0x08008c5f   Thumb Code   134  can.o(.text)
    CAN_Receive_IRQHandler                   0x08008ce5   Thumb Code   436  can.o(.text)
    CAN_RXProcess0                           0x08008e99   Thumb Code   508  can.o(.text)
    CAN_RXProcess1                           0x08009095   Thumb Code    80  can.o(.text)
    __use_two_region_memory                  0x08009131   Thumb Code     2  heapauxi.o(.text)
    __rt_heap_escrow$2region                 0x08009133   Thumb Code     2  heapauxi.o(.text)
    __rt_heap_expand$2region                 0x08009135   Thumb Code     2  heapauxi.o(.text)
    __user_setup_stackheap                   0x08009137   Thumb Code    74  sys_stackheap_outer.o(.text)
    exit                                     0x08009181   Thumb Code    12  exit.o(.text)
    __user_libspace                          0x0800918d   Thumb Code     8  libspace.o(.text)
    __user_perproc_libspace                  0x0800918d   Thumb Code     0  libspace.o(.text)
    __user_perthread_libspace                0x0800918d   Thumb Code     0  libspace.o(.text)
    _sys_exit                                0x08009195   Thumb Code     8  sys_exit.o(.text)
    __I$use$semihosting                      0x080091a1   Thumb Code     0  use_no_semi.o(.text)
    __use_no_semihosting_swi                 0x080091a1   Thumb Code     2  use_no_semi.o(.text)
    __semihosting_library_function           0x080091a3   Thumb Code     0  indicate_semi.o(.text)
    __aeabi_fadd                             0x080091a5   Thumb Code     0  faddsub_clz.o(x$fpl$fadd)
    _fadd                                    0x080091a5   Thumb Code   196  faddsub_clz.o(x$fpl$fadd)
    __fpl_fcmp_Inf                           0x08009269   Thumb Code    24  fcmpi.o(x$fpl$fcmpinf)
    __aeabi_fdiv                             0x08009281   Thumb Code     0  fdiv.o(x$fpl$fdiv)
    _fdiv                                    0x08009281   Thumb Code   384  fdiv.o(x$fpl$fdiv)
    __aeabi_i2f                              0x08009405   Thumb Code     0  fflt_clz.o(x$fpl$fflt)
    _fflt                                    0x08009405   Thumb Code    48  fflt_clz.o(x$fpl$fflt)
    __aeabi_ui2f                             0x08009435   Thumb Code     0  fflt_clz.o(x$fpl$ffltu)
    _ffltu                                   0x08009435   Thumb Code    38  fflt_clz.o(x$fpl$ffltu)
    __aeabi_cfcmple                          0x0800945d   Thumb Code     0  fleqf.o(x$fpl$fleqf)
    _fcmple                                  0x0800945d   Thumb Code   104  fleqf.o(x$fpl$fleqf)
    __fpl_fcmple_InfNaN                      0x080094af   Thumb Code     0  fleqf.o(x$fpl$fleqf)
    __fpl_fnaninf                            0x080094c5   Thumb Code   140  fnaninf.o(x$fpl$fnaninf)
    __fpl_fretinf                            0x08009551   Thumb Code    10  fretinf.o(x$fpl$fretinf)
    __aeabi_cfrcmple                         0x0800955b   Thumb Code     0  frleqf.o(x$fpl$frleqf)
    _frcmple                                 0x0800955b   Thumb Code    98  frleqf.o(x$fpl$frleqf)
    __aeabi_fsub                             0x080095bd   Thumb Code     0  faddsub_clz.o(x$fpl$fsub)
    _fsub                                    0x080095bd   Thumb Code   234  faddsub_clz.o(x$fpl$fsub)
    __I$use$fp                               0x080096a6   Number         0  usenofp.o(x$fpl$usenofp)
    Region$$Table$$Base                      0x080096a8   Number         0  anon$$obj.o(Region$$Table)
    Region$$Table$$Limit                     0x080096c8   Number         0  anon$$obj.o(Region$$Table)
    SystemCoreClock                          0x20000000   Data           4  system_stm32f10x.o(.data)
    AHBPrescTable                            0x20000004   Data          16  system_stm32f10x.o(.data)
    button                                   0x20000014   Data           1  main.o(.data)
    CNT                                      0x20000015   Data           4  main.o(.data)
    GPIO_InitStruct                          0x2000001a   Data           4  main.o(.data)
    Error_LSE                                0x20000020   Data           1  template.o(.data)
    PhaseBrez                                0x20000021   Data           1  template.o(.data)
    PhasePower                               0x20000022   Data           1  template.o(.data)
    BrezPower                                0x20000023   Data           1  template.o(.data)
    BrezErr                                  0x20000024   Data           4  template.o(.data)
    BrezKoeff                                0x20000028   Data           4  template.o(.data)
    Punkt_menu                               0x2000002c   Data           1  template.o(.data)
    ADC_Ch                                   0x20000030   Data          16  template.o(.data)
    Set_Time                                 0x20000040   Data           9  template.o(.data)
    Set_Alarm                                0x20000049   Data          10  template.o(.data)
    Method_Control                           0x20000053   Data           9  template.o(.data)
    ADC_View                                 0x2000005c   Data           9  template.o(.data)
    Menu                                     0x20000068   Data          16  template.o(.data)
    Vin                                      0x20000078   Data           7  template.o(.data)
    Tchip                                    0x2000007f   Data           9  template.o(.data)
    OSC32_Failed                             0x20000088   Data          13  template.o(.data)
    Power                                    0x20000095   Data           6  template.o(.data)
    Method_Control1                          0x2000009b   Data          13  template.o(.data)
    Method_Control2                          0x200000a8   Data          14  template.o(.data)
    GoodBye                                  0x200000b6   Data           9  template.o(.data)
    Enable_Method                            0x200000bf   Data          14  template.o(.data)
    Phase_Method_Enabled                     0x200000cd   Data          15  template.o(.data)
    Phase_Method_Disabled                    0x200000dc   Data          16  template.o(.data)
    days                                     0x200000ec   Data          26  template.o(.data)
    Temperature                              0x20000106   Data           4  template.o(.data)
    Enable_Sleep                             0x2000010a   Data           1  template.o(.data)
    TimerONOFF                               0x2000010b   Data           1  template.o(.data)
    Brez_Count                               0x2000010c   Data           1  template.o(.data)
    ADC1Buff                                 0x2000010e   Data           8  template.o(.data)
    ADC_Ch_0                                 0x20000116   Data           5  template.o(.data)
    ADC_Ch_16                                0x2000011b   Data           5  template.o(.data)
    ADC_Ch_15                                0x20000120   Data           5  template.o(.data)
    ADC_Ch_8                                 0x20000125   Data           5  template.o(.data)
    Time                                     0x20000140   Data          18  main.o(.bss)
    Alarm                                    0x20000152   Data          18  main.o(.bss)
    ADC_InitStruct                           0x20000164   Data          20  main.o(.bss)
    TIM_TimeBaseInitStruct                   0x20000178   Data          10  main.o(.bss)
    TIM_OCInitStruct                         0x20000182   Data          16  main.o(.bss)
    DMA_InitStruct                           0x20000194   Data          44  main.o(.bss)
    CAN_Data_TX                              0x200001c0   Data          16  can.o(.bss)
    CAN_Data_RX                              0x200001d0   Data          24  can.o(.bss)
    __libspace_start                         0x200001e8   Data          96  libspace.o(.bss)
    __temporary_stack_top$libspace           0x20000248   Data           0  libspace.o(.bss)



==============================================================================

Memory Map of the image

  Image Entry point : 0x080000ed

  Load Region LR_IROM1 (Base: 0x08000000, Size: 0x00009808, Max: 0x00010000, ABSOLUTE, COMPRESSED[0x00009798])

    Execution Region ER_IROM1 (Base: 0x08000000, Size: 0x000096c8, Max: 0x00010000, ABSOLUTE)

    Base Addr    Size         Type   Attr      Idx    E Section Name        Object

    0x08000000   0x000000ec   Data   RO            3    RESET               startup_stm32f10x_md.o
    0x080000ec   0x00000008   Code   RO          319  * !!!main             c_w.l(__main.o)
    0x080000f4   0x00000034   Code   RO          502    !!!scatter          c_w.l(__scatter.o)
    0x08000128   0x0000005a   Code   RO          500    !!dczerorl2         c_w.l(__dczerorl2.o)
    0x08000182   0x00000002   PAD
    0x08000184   0x0000001c   Code   RO          504    !!handler_zi        c_w.l(__scatter_zi.o)
    0x080001a0   0x00000002   Code   RO          373    .ARM.Collect$$libinit$$00000000  c_w.l(libinit.o)
    0x080001a2   0x00000000   Code   RO          380    .ARM.Collect$$libinit$$00000002  c_w.l(libinit2.o)
    0x080001a2   0x00000000   Code   RO          383    .ARM.Collect$$libinit$$00000008  c_w.l(libinit2.o)
    0x080001a2   0x00000000   Code   RO          385    .ARM.Collect$$libinit$$0000000A  c_w.l(libinit2.o)
    0x080001a2   0x00000000   Code   RO          387    .ARM.Collect$$libinit$$0000000C  c_w.l(libinit2.o)
    0x080001a2   0x00000000   Code   RO          390    .ARM.Collect$$libinit$$0000000F  c_w.l(libinit2.o)
    0x080001a2   0x00000000   Code   RO          392    .ARM.Collect$$libinit$$00000011  c_w.l(libinit2.o)
    0x080001a2   0x00000000   Code   RO          394    .ARM.Collect$$libinit$$00000013  c_w.l(libinit2.o)
    0x080001a2   0x00000000   Code   RO          396    .ARM.Collect$$libinit$$00000015  c_w.l(libinit2.o)
    0x080001a2   0x00000000   Code   RO          398    .ARM.Collect$$libinit$$00000017  c_w.l(libinit2.o)
    0x080001a2   0x00000000   Code   RO          400    .ARM.Collect$$libinit$$00000019  c_w.l(libinit2.o)
    0x080001a2   0x00000000   Code   RO          402    .ARM.Collect$$libinit$$0000001B  c_w.l(libinit2.o)
    0x080001a2   0x00000000   Code   RO          404    .ARM.Collect$$libinit$$0000001D  c_w.l(libinit2.o)
    0x080001a2   0x00000000   Code   RO          406    .ARM.Collect$$libinit$$0000001F  c_w.l(libinit2.o)
    0x080001a2   0x00000000   Code   RO          408    .ARM.Collect$$libinit$$00000021  c_w.l(libinit2.o)
    0x080001a2   0x00000000   Code   RO          410    .ARM.Collect$$libinit$$00000023  c_w.l(libinit2.o)
    0x080001a2   0x00000000   Code   RO          414    .ARM.Collect$$libinit$$0000002A  c_w.l(libinit2.o)
    0x080001a2   0x00000000   Code   RO          416    .ARM.Collect$$libinit$$0000002C  c_w.l(libinit2.o)
    0x080001a2   0x00000000   Code   RO          418    .ARM.Collect$$libinit$$0000002E  c_w.l(libinit2.o)
    0x080001a2   0x00000000   Code   RO          420    .ARM.Collect$$libinit$$00000030  c_w.l(libinit2.o)
    0x080001a2   0x00000002   Code   RO          421    .ARM.Collect$$libinit$$00000031  c_w.l(libinit2.o)
    0x080001a4   0x00000002   Code   RO          441    .ARM.Collect$$libshutdown$$00000000  c_w.l(libshutdown.o)
    0x080001a6   0x00000000   Code   RO          455    .ARM.Collect$$libshutdown$$00000003  c_w.l(libshutdown2.o)
    0x080001a6   0x00000000   Code   RO          458    .ARM.Collect$$libshutdown$$00000006  c_w.l(libshutdown2.o)
    0x080001a6   0x00000000   Code   RO          461    .ARM.Collect$$libshutdown$$00000009  c_w.l(libshutdown2.o)
    0x080001a6   0x00000000   Code   RO          463    .ARM.Collect$$libshutdown$$0000000B  c_w.l(libshutdown2.o)
    0x080001a6   0x00000000   Code   RO          466    .ARM.Collect$$libshutdown$$0000000E  c_w.l(libshutdown2.o)
    0x080001a6   0x00000002   Code   RO          467    .ARM.Collect$$libshutdown$$0000000F  c_w.l(libshutdown2.o)
    0x080001a8   0x00000000   Code   RO          339    .ARM.Collect$$rtentry$$00000000  c_w.l(rtentry.o)
    0x080001a8   0x00000000   Code   RO          348    .ARM.Collect$$rtentry$$00000002  c_w.l(rtentry2.o)
    0x080001a8   0x00000006   Code   RO          360    .ARM.Collect$$rtentry$$00000004  c_w.l(rtentry4.o)
    0x080001ae   0x00000000   Code   RO          350    .ARM.Collect$$rtentry$$00000009  c_w.l(rtentry2.o)
    0x080001ae   0x00000004   Code   RO          351    .ARM.Collect$$rtentry$$0000000A  c_w.l(rtentry2.o)
    0x080001b2   0x00000000   Code   RO          353    .ARM.Collect$$rtentry$$0000000C  c_w.l(rtentry2.o)
    0x080001b2   0x00000008   Code   RO          354    .ARM.Collect$$rtentry$$0000000D  c_w.l(rtentry2.o)
    0x080001ba   0x00000002   Code   RO          377    .ARM.Collect$$rtexit$$00000000  c_w.l(rtexit.o)
    0x080001bc   0x00000000   Code   RO          423    .ARM.Collect$$rtexit$$00000002  c_w.l(rtexit2.o)
    0x080001bc   0x00000004   Code   RO          424    .ARM.Collect$$rtexit$$00000003  c_w.l(rtexit2.o)
    0x080001c0   0x00000006   Code   RO          425    .ARM.Collect$$rtexit$$00000004  c_w.l(rtexit2.o)
    0x080001c6   0x00000002   PAD
    0x080001c8   0x00000040   Code   RO            4    .text               startup_stm32f10x_md.o
    0x08000208   0x000001dc   Code   RO           10    .text               system_stm32f10x.o
    0x080003e4   0x000009dc   Code   RO           79    .text               main.o
    0x08000dc0   0x000001dc   Code   RO          116    .text               menu.o
    0x08000f9c   0x00000004   Code   RO          133    .text               template.o
    0x08000fa0   0x00000af4   Code   RO          152    .text               menu_func.o
    0x08001a94   0x0000052c   Code   RO          165    .text               stm32f10x_it.o
    0x08001fc0   0x00000a60   Code   RO          182    .text               stm32f10x_gpio.o
    0x08002a20   0x0000083c   Code   RO          194    .text               stm32f10x_rcc.o
    0x0800325c   0x00000ec8   Code   RO          208    .text               stm32f10x_adc.o
    0x08004124   0x00003770   Code   RO          220    .text               stm32f10x_tim.o
    0x08007894   0x000001bc   Code   RO          256    .text               stm32f10x_pwr.o
    0x08007a50   0x00000900   Code   RO          268    .text               stm32f10x_dma.o
    0x08008350   0x000005d0   Code   RO          280    .text               1602driver.o
    0x08008920   0x00000810   Code   RO          292    .text               can.o
    0x08009130   0x00000006   Code   RO          317    .text               c_w.l(heapauxi.o)
    0x08009136   0x0000004a   Code   RO          364    .text               c_w.l(sys_stackheap_outer.o)
    0x08009180   0x0000000c   Code   RO          366    .text               c_w.l(exit.o)
    0x0800918c   0x00000008   Code   RO          374    .text               c_w.l(libspace.o)
    0x08009194   0x0000000c   Code   RO          433    .text               c_w.l(sys_exit.o)
    0x080091a0   0x00000002   Code   RO          444    .text               c_w.l(use_no_semi.o)
    0x080091a2   0x00000000   Code   RO          446    .text               c_w.l(indicate_semi.o)
    0x080091a2   0x00000002   PAD
    0x080091a4   0x000000c4   Code   RO          321    x$fpl$fadd          fz_ws.l(faddsub_clz.o)
    0x08009268   0x00000018   Code   RO          362    x$fpl$fcmpinf       fz_ws.l(fcmpi.o)
    0x08009280   0x00000184   Code   RO          328    x$fpl$fdiv          fz_ws.l(fdiv.o)
    0x08009404   0x00000030   Code   RO          332    x$fpl$fflt          fz_ws.l(fflt_clz.o)
    0x08009434   0x00000026   Code   RO          331    x$fpl$ffltu         fz_ws.l(fflt_clz.o)
    0x0800945a   0x00000002   PAD
    0x0800945c   0x00000068   Code   RO          340    x$fpl$fleqf         fz_ws.l(fleqf.o)
    0x080094c4   0x0000008c   Code   RO          342    x$fpl$fnaninf       fz_ws.l(fnaninf.o)
    0x08009550   0x0000000a   Code   RO          344    x$fpl$fretinf       fz_ws.l(fretinf.o)
    0x0800955a   0x00000062   Code   RO          337    x$fpl$frleqf        fz_ws.l(frleqf.o)
    0x080095bc   0x000000ea   Code   RO          323    x$fpl$fsub          fz_ws.l(faddsub_clz.o)
    0x080096a6   0x00000000   Code   RO          346    x$fpl$usenofp       fz_ws.l(usenofp.o)
    0x080096a6   0x00000002   PAD
    0x080096a8   0x00000020   Data   RO          498    Region$$Table       anon$$obj.o


    Execution Region RW_IRAM1 (Base: 0x20000000, Size: 0x00000848, Max: 0x00002000, ABSOLUTE, COMPRESSED[0x000000d0])

    Base Addr    Size         Type   Attr      Idx    E Section Name        Object

    0x20000000   0x00000014   Data   RW           11    .data               system_stm32f10x.o
    0x20000014   0x0000000a   Data   RW           81    .data               main.o
    0x2000001e   0x00000002   PAD
    0x20000020   0x0000010a   Data   RW          134    .data               template.o
    0x2000012a   0x00000014   Data   RW          195    .data               stm32f10x_rcc.o
    0x2000013e   0x00000002   PAD
    0x20000140   0x00000080   Zero   RW           80    .bss                main.o
    0x200001c0   0x00000028   Zero   RW          293    .bss                can.o
    0x200001e8   0x00000060   Zero   RW          375    .bss                c_w.l(libspace.o)
    0x20000248   0x00000200   Zero   RW            2    HEAP                startup_stm32f10x_md.o
    0x20000448   0x00000400   Zero   RW            1    STACK               startup_stm32f10x_md.o


==============================================================================

Image component sizes


      Code (inc. data)   RO Data    RW Data    ZI Data      Debug   Object Name

      1488         56          0          0          0       3265   1602driver.o
      2064        160          0          0         40       6063   can.o
      2524        220          0         10        128     231412   main.o
       476         54          0          0          0        688   menu.o
      2804        182          0          0          0       2661   menu_func.o
        64         26        236          0       1536        836   startup_stm32f10x_md.o
      3784        118          0          0          0      12829   stm32f10x_adc.o
      2304        148          0          0          0       5366   stm32f10x_dma.o
      2656        192          0          0          0       6941   stm32f10x_gpio.o
      1324        116          0          0          0       2056   stm32f10x_it.o
       444         66          0          0          0       2079   stm32f10x_pwr.o
      2108        110          0         20          0       9820   stm32f10x_rcc.o
     14192        828          0          0          0      29604   stm32f10x_tim.o
       476         36          0         20          0      53231   system_stm32f10x.o
         4          0          0        266          0       2292   template.o

    ----------------------------------------------------------------------
     36712       2312        268        320       1704     369143   Object Totals
         0          0         32          0          0          0   (incl. Generated)
         0          0          0          4          0          0   (incl. Padding)

    ----------------------------------------------------------------------

      Code (inc. data)   RO Data    RW Data    ZI Data      Debug   Library Member Name

        90          0          0          0          0          0   __dczerorl2.o
         8          0          0          0          0         68   __main.o
        52          8          0          0          0          0   __scatter.o
        28          0          0          0          0          0   __scatter_zi.o
        12          0          0          0          0         72   exit.o
         6          0          0          0          0        152   heapauxi.o
         0          0          0          0          0          0   indicate_semi.o
         2          0          0          0          0          0   libinit.o
         2          0          0          0          0          0   libinit2.o
         2          0          0          0          0          0   libshutdown.o
         2          0          0          0          0          0   libshutdown2.o
         8          4          0          0         96         68   libspace.o
         0          0          0          0          0          0   rtentry.o
        12          0          0          0          0          0   rtentry2.o
         6          0          0          0          0          0   rtentry4.o
         2          0          0          0          0          0   rtexit.o
        10          0          0          0          0          0   rtexit2.o
        12          4          0          0          0         68   sys_exit.o
        74          0          0          0          0         80   sys_stackheap_outer.o
         2          0          0          0          0         68   use_no_semi.o
       430          8          0          0          0        168   faddsub_clz.o
        24          0          0          0          0         68   fcmpi.o
       388         76          0          0          0         96   fdiv.o
        86          0          0          0          0        136   fflt_clz.o
       104          4          0          0          0         84   fleqf.o
       140          4          0          0          0         84   fnaninf.o
        10          0          0          0          0         68   fretinf.o
        98          0          0          0          0         68   frleqf.o
         0          0          0          0          0          0   usenofp.o

    ----------------------------------------------------------------------
      1620        108          0          0         96       1348   Library Totals
        10          0          0          0          0          0   (incl. Padding)

    ----------------------------------------------------------------------

      Code (inc. data)   RO Data    RW Data    ZI Data      Debug   Library Name

       330         16          0          0         96        576   c_w.l
      1280         92          0          0          0        772   fz_ws.l

    ----------------------------------------------------------------------
      1620        108          0          0         96       1348   Library Totals

    ----------------------------------------------------------------------

==============================================================================


      Code (inc. data)   RO Data    RW Data    ZI Data      Debug   

     38332       2420        268        320       1800     368567   Grand Totals
     38332       2420        268        208       1800     368567   ELF Image Totals (compressed)
     38332       2420        268        208          0          0   ROM Totals

==============================================================================

    Total RO  Size (Code + RO Data)                38600 (  37.70kB)
    Total RW  Size (RW Data + ZI Data)              2120 (   2.07kB)
    Total ROM Size (Code + RO Data + RW Data)      38808 (  37.90kB)

==============================================================================

