<html>
<body>
<pre>
<h1>µVision Build Log</h1>
<h2>Project:</h2>
D:\STM32_проекты\STM32VLDiscovery\MDK-ARM\STM32VLDiscovery.uvproj
Project File Date:  03/19/2017

<h2>Output:</h2>
Build target 'STM32VLDiscovery'
compiling system_stm32f10x.c...
compiling stm32f10x_adc.c...
compiling stm32f10x_dma.c...
compiling stm32f10x_exti.c...
compiling stm32f10x_gpio.c...
compiling stm32f10x_pwr.c...
compiling stm32f10x_rcc.c...
compiling stm32f10x_tim.c...
compiling main.c...
compiling menu.c...
compiling menu_func.c...
compiling stm32f10x_it.c...
compiling template.c...
compiling 1602driver.c...
compiling CAN.c...
linking...
Program Size: Code=17880 RO-data=1292 RW-data=292 ZI-data=1804  
FromELF: creating hex file...
After Build - User command #1: D:\Keil\\ARM\ARMCC\BIN\fromelf.exe --bin -o 32VLDisc.bin .\output\STM32VLDiscovery.axf
After Build - User command #2: D:\STM32_проекты\STM32VLDiscovery\MDK-ARM\user.bat
D:\STM32_Їа®ҐЄвл\STM32VLDiscovery\MDK-ARM>srec_cat 32VLDisc.bin -bin -exclude 0x1C 0x28 -length-l-e 0x1C 4 -generate 0x20 0x28 -repeat-string 32VLDisc -o 32VLDisc.bin -bin  
D:\STM32_Їа®ҐЄвл\STM32VLDiscovery\MDK-ARM>srec_cat 32VLDisc.bin -bin -crc32-l-e  -max-addr 32VLDisc.bin -bin -o 32VLDisc.bin -bin 
".\output\STM32VLDiscovery.axf" - 0 Error(s), 0 Warning(s).
</pre>
</body>
</html>
