ARM Linker, 5.03 [Build 76] [MDK-ARM Professional]

==============================================================================

Section Cross References

    startup_stm32f10x_md.o(STACK) refers (Special) to system_stm32f10x.o(i.SystemInit) for SystemInit
    startup_stm32f10x_md.o(STACK) refers (Special) to heapauxi.o(.text) for __use_two_region_memory
    startup_stm32f10x_md.o(HEAP) refers (Special) to system_stm32f10x.o(i.SystemInit) for SystemInit
    startup_stm32f10x_md.o(HEAP) refers (Special) to heapauxi.o(.text) for __use_two_region_memory
    startup_stm32f10x_md.o(RESET) refers (Special) to system_stm32f10x.o(i.SystemInit) for SystemInit
    startup_stm32f10x_md.o(RESET) refers (Special) to heapauxi.o(.text) for __use_two_region_memory
    startup_stm32f10x_md.o(RESET) refers to startup_stm32f10x_md.o(STACK) for __initial_sp
    startup_stm32f10x_md.o(RESET) refers to startup_stm32f10x_md.o(.text) for Reset_Handler
    startup_stm32f10x_md.o(RESET) refers to stm32f10x_it.o(i.RTC_IRQHandler) for RTC_IRQHandler
    startup_stm32f10x_md.o(RESET) refers to stm32f10x_it.o(i.EXTI1_IRQHandler) for EXTI1_IRQHandler
    startup_stm32f10x_md.o(RESET) refers to stm32f10x_it.o(i.EXTI3_IRQHandler) for EXTI3_IRQHandler
    startup_stm32f10x_md.o(RESET) refers to stm32f10x_it.o(i.ADC1_2_IRQHandler) for ADC1_2_IRQHandler
    startup_stm32f10x_md.o(RESET) refers to stm32f10x_it.o(i.USB_LP_CAN1_RX0_IRQHandler) for USB_LP_CAN1_RX0_IRQHandler
    startup_stm32f10x_md.o(RESET) refers to stm32f10x_it.o(i.CAN1_RX1_IRQHandler) for CAN1_RX1_IRQHandler
    startup_stm32f10x_md.o(RESET) refers to stm32f10x_it.o(i.TIM2_IRQHandler) for TIM2_IRQHandler
    startup_stm32f10x_md.o(RESET) refers to stm32f10x_it.o(i.TIM3_IRQHandler) for TIM3_IRQHandler
    startup_stm32f10x_md.o(RESET) refers to stm32f10x_it.o(i.RTCAlarm_IRQHandler) for RTCAlarm_IRQHandler
    startup_stm32f10x_md.o(.text) refers (Special) to system_stm32f10x.o(i.SystemInit) for SystemInit
    startup_stm32f10x_md.o(.text) refers (Special) to heapauxi.o(.text) for __use_two_region_memory
    startup_stm32f10x_md.o(.text) refers to __main.o(!!!main) for __main
    startup_stm32f10x_md.o(.text) refers to startup_stm32f10x_md.o(HEAP) for Heap_Mem
    startup_stm32f10x_md.o(.text) refers to startup_stm32f10x_md.o(STACK) for Stack_Mem
    system_stm32f10x.o(i.SetSysClock) refers to system_stm32f10x.o(i.SetSysClockTo72) for SetSysClockTo72
    system_stm32f10x.o(i.SystemCoreClockUpdate) refers to system_stm32f10x.o(.data) for SystemCoreClock
    system_stm32f10x.o(i.SystemInit) refers to system_stm32f10x.o(i.SetSysClock) for SetSysClock
    stm32f10x_adc.o(i.ADC_AnalogWatchdogCmd) refers to template.o(i.assert_failed) for assert_failed
    stm32f10x_adc.o(i.ADC_AnalogWatchdogSingleChannelConfig) refers to template.o(i.assert_failed) for assert_failed
    stm32f10x_adc.o(i.ADC_AnalogWatchdogThresholdsConfig) refers to template.o(i.assert_failed) for assert_failed
    stm32f10x_adc.o(i.ADC_AutoInjectedConvCmd) refers to template.o(i.assert_failed) for assert_failed
    stm32f10x_adc.o(i.ADC_ClearFlag) refers to template.o(i.assert_failed) for assert_failed
    stm32f10x_adc.o(i.ADC_ClearITPendingBit) refers to template.o(i.assert_failed) for assert_failed
    stm32f10x_adc.o(i.ADC_Cmd) refers to template.o(i.assert_failed) for assert_failed
    stm32f10x_adc.o(i.ADC_DMACmd) refers to template.o(i.assert_failed) for assert_failed
    stm32f10x_adc.o(i.ADC_DeInit) refers to template.o(i.assert_failed) for assert_failed
    stm32f10x_adc.o(i.ADC_DeInit) refers to stm32f10x_rcc.o(i.RCC_APB2PeriphResetCmd) for RCC_APB2PeriphResetCmd
    stm32f10x_adc.o(i.ADC_DiscModeChannelCountConfig) refers to template.o(i.assert_failed) for assert_failed
    stm32f10x_adc.o(i.ADC_DiscModeCmd) refers to template.o(i.assert_failed) for assert_failed
    stm32f10x_adc.o(i.ADC_ExternalTrigConvCmd) refers to template.o(i.assert_failed) for assert_failed
    stm32f10x_adc.o(i.ADC_ExternalTrigInjectedConvCmd) refers to template.o(i.assert_failed) for assert_failed
    stm32f10x_adc.o(i.ADC_ExternalTrigInjectedConvConfig) refers to template.o(i.assert_failed) for assert_failed
    stm32f10x_adc.o(i.ADC_GetCalibrationStatus) refers to template.o(i.assert_failed) for assert_failed
    stm32f10x_adc.o(i.ADC_GetConversionValue) refers to template.o(i.assert_failed) for assert_failed
    stm32f10x_adc.o(i.ADC_GetFlagStatus) refers to template.o(i.assert_failed) for assert_failed
    stm32f10x_adc.o(i.ADC_GetITStatus) refers to template.o(i.assert_failed) for assert_failed
    stm32f10x_adc.o(i.ADC_GetInjectedConversionValue) refers to template.o(i.assert_failed) for assert_failed
    stm32f10x_adc.o(i.ADC_GetResetCalibrationStatus) refers to template.o(i.assert_failed) for assert_failed
    stm32f10x_adc.o(i.ADC_GetSoftwareStartConvStatus) refers to template.o(i.assert_failed) for assert_failed
[...]
    libinit.o(.ARM.Collect$$libinit$$00000000) refers (Special) to libinit2.o(.ARM.Collect$$libinit$$0000000C) for __rt_lib_init_rand_1
    libinit.o(.ARM.Collect$$libinit$$00000000) refers (Special) to libinit2.o(.ARM.Collect$$libinit$$00000031) for __rt_lib_init_return
    libinit.o(.ARM.Collect$$libinit$$00000000) refers (Special) to libinit2.o(.ARM.Collect$$libinit$$0000001B) for __rt_lib_init_signal_1
    libinit.o(.ARM.Collect$$libinit$$00000000) refers (Special) to libinit2.o(.ARM.Collect$$libinit$$00000023) for __rt_lib_init_stdio_1
    libinit.o(.ARM.Collect$$libinit$$00000000) refers (Special) to libinit2.o(.ARM.Collect$$libinit$$0000000A) for __rt_lib_init_user_alloc_1
    libspace.o(.text) refers to libspace.o(.bss) for __libspace_start
    rtexit.o(.ARM.Collect$$rtexit$$00000000) refers (Special) to rtexit2.o(.ARM.Collect$$rtexit$$00000004) for __rt_exit_exit
    rtexit.o(.ARM.Collect$$rtexit$$00000000) refers (Special) to rtexit2.o(.ARM.Collect$$rtexit$$00000003) for __rt_exit_ls
    rtexit.o(.ARM.Collect$$rtexit$$00000000) refers (Special) to rtexit2.o(.ARM.Collect$$rtexit$$00000002) for __rt_exit_prels_1
    rtexit.o(.ARM.exidx) refers (Special) to rtexit2.o(.ARM.Collect$$rtexit$$00000004) for __rt_exit_exit
    rtexit.o(.ARM.exidx) refers (Special) to rtexit2.o(.ARM.Collect$$rtexit$$00000003) for __rt_exit_ls
    rtexit.o(.ARM.exidx) refers (Special) to rtexit2.o(.ARM.Collect$$rtexit$$00000002) for __rt_exit_prels_1
    rtexit.o(.ARM.exidx) refers to rtexit.o(.ARM.Collect$$rtexit$$00000000) for .ARM.Collect$$rtexit$$00000000
    libinit2.o(.ARM.Collect$$libinit$$0000000E) refers to libinit2.o(.ARM.Collect$$libinit$$0000000D) for .ARM.Collect$$libinit$$0000000D
    libinit2.o(.ARM.Collect$$libinit$$00000010) refers to libinit2.o(.ARM.Collect$$libinit$$0000000D) for .ARM.Collect$$libinit$$0000000D
    libinit2.o(.ARM.Collect$$libinit$$00000012) refers to libinit2.o(.ARM.Collect$$libinit$$0000000D) for .ARM.Collect$$libinit$$0000000D
    libinit2.o(.ARM.Collect$$libinit$$00000014) refers to libinit2.o(.ARM.Collect$$libinit$$0000000D) for .ARM.Collect$$libinit$$0000000D
    libinit2.o(.ARM.Collect$$libinit$$00000016) refers to libinit2.o(.ARM.Collect$$libinit$$0000000D) for .ARM.Collect$$libinit$$0000000D
    libinit2.o(.ARM.Collect$$libinit$$00000024) refers to argv_veneer.o(.emb_text) for __ARM_argv_veneer
    libinit2.o(.ARM.Collect$$libinit$$00000025) refers to argv_veneer.o(.emb_text) for __ARM_argv_veneer
    rtexit2.o(.ARM.Collect$$rtexit$$00000003) refers to libshutdown.o(.ARM.Collect$$libshutdown$$00000000) for __rt_lib_shutdown
    rtexit2.o(.ARM.Collect$$rtexit$$00000004) refers to sys_exit.o(.text) for _sys_exit
    rtexit2.o(.ARM.exidx) refers to rtexit2.o(.ARM.Collect$$rtexit$$00000001) for .ARM.Collect$$rtexit$$00000001
    rtexit2.o(.ARM.exidx) refers to rtexit2.o(.ARM.Collect$$rtexit$$00000003) for .ARM.Collect$$rtexit$$00000003
    rtexit2.o(.ARM.exidx) refers to rtexit2.o(.ARM.Collect$$rtexit$$00000004) for .ARM.Collect$$rtexit$$00000004
    argv_veneer.o(.emb_text) refers to no_argv.o(.text) for __ARM_get_argv
    sys_exit.o(.text) refers (Special) to use_no_semi.o(.text) for __I$use$semihosting
    sys_exit.o(.text) refers (Special) to indicate_semi.o(.text) for __semihosting_library_function
    _get_argv_nomalloc.o(.text) refers (Special) to hrguard.o(.text) for __heap_region$guard
    _get_argv_nomalloc.o(.text) refers to defsig_rtmem_outer.o(.text) for __rt_SIGRTMEM
    _get_argv_nomalloc.o(.text) refers to sys_command.o(.text) for _sys_command_string
    libshutdown.o(.ARM.Collect$$libshutdown$$00000000) refers (Special) to libshutdown2.o(.ARM.Collect$$libshutdown$$00000006) for __rt_lib_shutdown_fp_trap_1
    libshutdown.o(.ARM.Collect$$libshutdown$$00000000) refers (Special) to libshutdown2.o(.ARM.Collect$$libshutdown$$0000000E) for __rt_lib_shutdown_heap_1
    libshutdown.o(.ARM.Collect$$libshutdown$$00000000) refers (Special) to libshutdown2.o(.ARM.Collect$$libshutdown$$0000000F) for __rt_lib_shutdown_return
    libshutdown.o(.ARM.Collect$$libshutdown$$00000000) refers (Special) to libshutdown2.o(.ARM.Collect$$libshutdown$$00000009) for __rt_lib_shutdown_signal_1
    libshutdown.o(.ARM.Collect$$libshutdown$$00000000) refers (Special) to libshutdown2.o(.ARM.Collect$$libshutdown$$00000003) for __rt_lib_shutdown_stdio_1
    libshutdown.o(.ARM.Collect$$libshutdown$$00000000) refers (Special) to libshutdown2.o(.ARM.Collect$$libshutdown$$0000000B) for __rt_lib_shutdown_user_alloc_1
    sys_command.o(.text) refers (Special) to use_no_semi.o(.text) for __I$use$semihosting
    sys_command.o(.text) refers (Special) to indicate_semi.o(.text) for __semihosting_library_function
    defsig_rtmem_outer.o(.text) refers to defsig_rtmem_inner.o(.text) for __rt_SIGRTMEM_inner
    defsig_rtmem_outer.o(.text) refers to defsig_exit.o(.text) for __sig_exit
    defsig_rtmem_formal.o(.text) refers to rt_raise.o(.text) for __rt_raise
    rt_raise.o(.text) refers to __raise.o(.text) for __raise
    rt_raise.o(.text) refers to sys_exit.o(.text) for _sys_exit
    defsig_exit.o(.text) refers to sys_exit.o(.text) for _sys_exit
    defsig_rtmem_inner.o(.text) refers to defsig_general.o(.text) for __default_signal_display
    __raise.o(.text) refers to defsig.o(CL$$defsig) for __default_signal_handler
    defsig_general.o(.text) refers to sys_wrch.o(.text) for _ttywrch
    sys_wrch.o(.text) refers (Special) to use_no_semi.o(.text) for __I$use$semihosting
    sys_wrch.o(.text) refers (Special) to indicate_semi.o(.text) for __semihosting_library_function
    defsig.o(CL$$defsig) refers to defsig_rtmem_inner.o(.text) for __rt_SIGRTMEM_inner
    defsig_abrt_inner.o(.text) refers to defsig_general.o(.text) for __default_signal_display
    defsig_fpe_inner.o(.text) refers to defsig_general.o(.text) for __default_signal_display
    defsig_rtred_inner.o(.text) refers to defsig_general.o(.text) for __default_signal_display
    defsig_stak_inner.o(.text) refers to defsig_general.o(.text) for __default_signal_display
    defsig_pvfn_inner.o(.text) refers to defsig_general.o(.text) for __default_signal_display
    defsig_cppl_inner.o(.text) refers to defsig_general.o(.text) for __default_signal_display
    defsig_segv_inner.o(.text) refers to defsig_general.o(.text) for __default_signal_display
    defsig_other.o(.text) refers to defsig_general.o(.text) for __default_signal_display


==============================================================================

Removing Unused input sections from the image.

    Removing system_stm32f10x.o(.rev16_text), (4 bytes).
    Removing system_stm32f10x.o(.revsh_text), (4 bytes).
    Removing system_stm32f10x.o(i.SystemCoreClockUpdate), (164 bytes).
    Removing system_stm32f10x.o(.data), (20 bytes).
    Removing core_cm3.o(.emb_text), (32 bytes).
    Removing stm32f10x_adc.o(.rev16_text), (4 bytes).
    Removing stm32f10x_adc.o(.revsh_text), (4 bytes).
    Removing stm32f10x_adc.o(i.ADC_AnalogWatchdogCmd), (180 bytes).
    Removing stm32f10x_adc.o(i.ADC_AnalogWatchdogSingleChannelConfig), (196 bytes).
    Removing stm32f10x_adc.o(i.ADC_AnalogWatchdogThresholdsConfig), (144 bytes).
    Removing stm32f10x_adc.o(i.ADC_AutoInjectedConvCmd), (140 bytes).
    Removing stm32f10x_adc.o(i.ADC_ClearFlag), (128 bytes).
    Removing stm32f10x_adc.o(i.ADC_ClearITPendingBit), (132 bytes).
    Removing stm32f10x_adc.o(i.ADC_DeInit), (172 bytes).
    Removing stm32f10x_adc.o(i.ADC_DiscModeChannelCountConfig), (144 bytes).
    Removing stm32f10x_adc.o(i.ADC_DiscModeCmd), (140 bytes).
    Removing stm32f10x_adc.o(i.ADC_ExternalTrigInjectedConvCmd), (140 bytes).
    Removing stm32f10x_adc.o(i.ADC_ExternalTrigInjectedConvConfig), (200 bytes).
    Removing stm32f10x_adc.o(i.ADC_GetConversionValue), (104 bytes).
    Removing stm32f10x_adc.o(i.ADC_GetDualModeConversionValue), (12 bytes).
    Removing stm32f10x_adc.o(i.ADC_GetFlagStatus), (152 bytes).
    Removing stm32f10x_adc.o(i.ADC_GetITStatus), (172 bytes).
    Removing stm32f10x_adc.o(i.ADC_GetInjectedConversionValue), (152 bytes).
    Removing stm32f10x_adc.o(i.ADC_GetResetCalibrationStatus), (120 bytes).
    Removing stm32f10x_adc.o(i.ADC_GetSoftwareStartConvStatus), (120 bytes).
    Removing stm32f10x_adc.o(i.ADC_GetSoftwareStartInjectedConvCmdStatus), (120 bytes).
    Removing stm32f10x_adc.o(i.ADC_InjectedChannelConfig), (392 bytes).
    Removing stm32f10x_adc.o(i.ADC_InjectedDiscModeCmd), (140 bytes).
    Removing stm32f10x_adc.o(i.ADC_InjectedSequencerLengthConfig), (144 bytes).
    Removing stm32f10x_adc.o(i.ADC_ResetCalibration), (108 bytes).
    Removing stm32f10x_adc.o(i.ADC_SetInjectedOffset), (168 bytes).
    Removing stm32f10x_adc.o(i.ADC_SoftwareStartConvCmd), (140 bytes).
    Removing stm32f10x_adc.o(i.ADC_SoftwareStartInjectedConvCmd), (140 bytes).
    Removing stm32f10x_adc.o(i.ADC_StructInit), (18 bytes).
    Removing stm32f10x_dma.o(.rev16_text), (4 bytes).
    Removing stm32f10x_dma.o(.revsh_text), (4 bytes).
    Removing stm32f10x_dma.o(i.DMA_ClearFlag), (112 bytes).
    Removing stm32f10x_dma.o(i.DMA_ClearITPendingBit), (112 bytes).
    Removing stm32f10x_dma.o(i.DMA_DeInit), (492 bytes).
    Removing stm32f10x_dma.o(i.DMA_GetCurrDataCounter), (176 bytes).
    Removing stm32f10x_dma.o(i.DMA_GetFlagStatus), (420 bytes).
    Removing stm32f10x_dma.o(i.DMA_GetITStatus), (420 bytes).
    Removing stm32f10x_dma.o(i.DMA_ITConfig), (228 bytes).
    Removing stm32f10x_dma.o(i.DMA_SetCurrDataCounter), (176 bytes).
    Removing stm32f10x_dma.o(i.DMA_StructInit), (26 bytes).
    Removing stm32f10x_exti.o(.rev16_text), (4 bytes).
    Removing stm32f10x_exti.o(.revsh_text), (4 bytes).
    Removing stm32f10x_exti.o(i.EXTI_ClearFlag), (84 bytes).
    Removing stm32f10x_exti.o(i.EXTI_ClearITPendingBit), (84 bytes).
    Removing stm32f10x_exti.o(i.EXTI_DeInit), (36 bytes).
    Removing stm32f10x_exti.o(i.EXTI_GenerateSWInterrupt), (92 bytes).
    Removing stm32f10x_exti.o(i.EXTI_GetFlagStatus), (196 bytes).
    Removing stm32f10x_exti.o(i.EXTI_GetITStatus), (208 bytes).
    Removing stm32f10x_exti.o(i.EXTI_Init), (292 bytes).
    Removing stm32f10x_exti.o(i.EXTI_StructInit), (16 bytes).
    Removing stm32f10x_gpio.o(.rev16_text), (4 bytes).
    Removing stm32f10x_gpio.o(.revsh_text), (4 bytes).
    Removing stm32f10x_gpio.o(i.GPIO_AFIODeInit), (20 bytes).
    Removing stm32f10x_gpio.o(i.GPIO_DeInit), (304 bytes).
    Removing stm32f10x_gpio.o(i.GPIO_ETH_MediaInterfaceConfig), (84 bytes).
    Removing stm32f10x_gpio.o(i.GPIO_EXTILineConfig), (232 bytes).
    Removing stm32f10x_gpio.o(i.GPIO_EventOutputCmd), (84 bytes).
    Removing stm32f10x_gpio.o(i.GPIO_EventOutputConfig), (192 bytes).
    Removing stm32f10x_gpio.o(i.GPIO_PinLockConfig), (176 bytes).
    Removing stm32f10x_gpio.o(i.GPIO_PinRemapConfig), (564 bytes).
    Removing stm32f10x_gpio.o(i.GPIO_ReadInputData), (144 bytes).
    Removing stm32f10x_gpio.o(i.GPIO_ReadInputDataBit), (252 bytes).
    Removing stm32f10x_gpio.o(i.GPIO_ReadOutputData), (144 bytes).
    Removing stm32f10x_gpio.o(i.GPIO_ReadOutputDataBit), (252 bytes).
    Removing stm32f10x_gpio.o(i.GPIO_ResetBits), (164 bytes).
    Removing stm32f10x_gpio.o(i.GPIO_SetBits), (164 bytes).
    Removing stm32f10x_gpio.o(i.GPIO_StructInit), (16 bytes).
    Removing stm32f10x_gpio.o(i.GPIO_Write), (144 bytes).
    Removing stm32f10x_gpio.o(i.GPIO_WriteBit), (264 bytes).
    Removing stm32f10x_pwr.o(.rev16_text), (4 bytes).
    Removing stm32f10x_pwr.o(.revsh_text), (4 bytes).
    Removing stm32f10x_pwr.o(i.PWR_ClearFlag), (96 bytes).
    Removing stm32f10x_pwr.o(i.PWR_DeInit), (22 bytes).
    Removing stm32f10x_pwr.o(i.PWR_EnterSTANDBYMode), (52 bytes).
    Removing stm32f10x_pwr.o(i.PWR_EnterSTOPMode), (152 bytes).
    Removing stm32f10x_pwr.o(i.PWR_GetFlagStatus), (104 bytes).
    Removing stm32f10x_pwr.o(i.PWR_PVDCmd), (84 bytes).
    Removing stm32f10x_pwr.o(i.PWR_PVDLevelConfig), (116 bytes).
    Removing stm32f10x_pwr.o(i.PWR_WakeUpPinCmd), (84 bytes).
    Removing stm32f10x_rcc.o(.rev16_text), (4 bytes).
    Removing stm32f10x_rcc.o(.revsh_text), (4 bytes).
    Removing stm32f10x_rcc.o(i.RCC_APB1PeriphResetCmd), (132 bytes).
    Removing stm32f10x_rcc.o(i.RCC_APB2PeriphResetCmd), (132 bytes).
    Removing stm32f10x_rcc.o(i.RCC_AdjustHSICalibrationValue), (96 bytes).
    Removing stm32f10x_rcc.o(i.RCC_BackupResetCmd), (84 bytes).
    Removing stm32f10x_rcc.o(i.RCC_ClearFlag), (20 bytes).
    Removing stm32f10x_rcc.o(i.RCC_ClearITPendingBit), (88 bytes).
    Removing stm32f10x_rcc.o(i.RCC_ClockSecuritySystemCmd), (84 bytes).
    Removing stm32f10x_rcc.o(i.RCC_DeInit), (76 bytes).
    Removing stm32f10x_rcc.o(i.RCC_GetClocksFreq), (212 bytes).
    Removing stm32f10x_rcc.o(i.RCC_GetFlagStatus), (176 bytes).
    Removing stm32f10x_rcc.o(i.RCC_GetITStatus), (116 bytes).
    Removing stm32f10x_rcc.o(i.RCC_GetSYSCLKSource), (16 bytes).
    Removing stm32f10x_rcc.o(i.RCC_HCLKConfig), (124 bytes).
    Removing stm32f10x_rcc.o(i.RCC_HSEConfig), (156 bytes).
    Removing stm32f10x_rcc.o(i.RCC_HSICmd), (84 bytes).
    Removing stm32f10x_rcc.o(i.RCC_ITConfig), (128 bytes).
    Removing stm32f10x_rcc.o(i.RCC_LSEConfig), (132 bytes).
    Removing stm32f10x_rcc.o(i.RCC_LSICmd), (84 bytes).
    Removing stm32f10x_rcc.o(i.RCC_MCOConfig), (96 bytes).
    Removing stm32f10x_rcc.o(i.RCC_PCLK1Config), (116 bytes).
    Removing stm32f10x_rcc.o(i.RCC_PCLK2Config), (116 bytes).
    Removing stm32f10x_rcc.o(i.RCC_PLLCmd), (84 bytes).
    Removing stm32f10x_rcc.o(i.RCC_PLLConfig), (208 bytes).
    Removing stm32f10x_rcc.o(i.RCC_RTCCLKCmd), (84 bytes).
    Removing stm32f10x_rcc.o(i.RCC_RTCCLKConfig), (104 bytes).
    Removing stm32f10x_rcc.o(i.RCC_SYSCLKConfig), (100 bytes).
    Removing stm32f10x_rcc.o(i.RCC_USBCLKConfig), (84 bytes).
    Removing stm32f10x_rcc.o(i.RCC_WaitForHSEStartUp), (56 bytes).
    Removing stm32f10x_rcc.o(.data), (20 bytes).
    Removing stm32f10x_tim.o(.rev16_text), (4 bytes).
    Removing stm32f10x_tim.o(.revsh_text), (4 bytes).
    Removing stm32f10x_tim.o(i.TI1_Config), (128 bytes).
    Removing stm32f10x_tim.o(i.TI2_Config), (152 bytes).
    Removing stm32f10x_tim.o(i.TI3_Config), (144 bytes).
    Removing stm32f10x_tim.o(i.TI4_Config), (152 bytes).
    Removing stm32f10x_tim.o(i.TIM_ARRPreloadConfig), (280 bytes).
    Removing stm32f10x_tim.o(i.TIM_BDTRConfig), (312 bytes).
    Removing stm32f10x_tim.o(i.TIM_BDTRStructInit), (18 bytes).
    Removing stm32f10x_tim.o(i.TIM_CCPreloadControl), (180 bytes).
    Removing stm32f10x_tim.o(i.TIM_CCxCmd), (296 bytes).
    Removing stm32f10x_tim.o(i.TIM_CCxNCmd), (196 bytes).
    Removing stm32f10x_tim.o(i.TIM_ClearFlag), (264 bytes).
    Removing stm32f10x_tim.o(i.TIM_ClearITPendingBit), (264 bytes).
    Removing stm32f10x_tim.o(i.TIM_ClearOC1Ref), (160 bytes).
    Removing stm32f10x_tim.o(i.TIM_ClearOC2Ref), (168 bytes).
    Removing stm32f10x_tim.o(i.TIM_ClearOC3Ref), (160 bytes).
    Removing stm32f10x_tim.o(i.TIM_ClearOC4Ref), (168 bytes).
    Removing stm32f10x_tim.o(i.TIM_CounterModeConfig), (172 bytes).
    Removing stm32f10x_tim.o(i.TIM_CtrlPWMOutputs), (168 bytes).
    Removing stm32f10x_tim.o(i.TIM_DMACmd), (236 bytes).
    Removing stm32f10x_tim.o(i.TIM_DMAConfig), (372 bytes).
    Removing stm32f10x_tim.o(i.TIM_DeInit), (652 bytes).
    Removing stm32f10x_tim.o(i.TIM_ETRClockMode1Config), (244 bytes).
    Removing stm32f10x_tim.o(i.TIM_ETRClockMode2Config), (224 bytes).
    Removing stm32f10x_tim.o(i.TIM_ETRConfig), (236 bytes).
    Removing stm32f10x_tim.o(i.TIM_EncoderInterfaceConfig), (288 bytes).
    Removing stm32f10x_tim.o(i.TIM_ForcedOC1Config), (252 bytes).
    Removing stm32f10x_tim.o(i.TIM_ForcedOC2Config), (200 bytes).
    Removing stm32f10x_tim.o(i.TIM_ForcedOC3Config), (164 bytes).
    Removing stm32f10x_tim.o(i.TIM_ForcedOC4Config), (172 bytes).
    Removing stm32f10x_tim.o(i.TIM_GenerateEvent), (260 bytes).
    Removing stm32f10x_tim.o(i.TIM_GetCapture1), (220 bytes).
    Removing stm32f10x_tim.o(i.TIM_GetCapture2), (160 bytes).
    Removing stm32f10x_tim.o(i.TIM_GetCapture3), (128 bytes).
    Removing stm32f10x_tim.o(i.TIM_GetCapture4), (132 bytes).
    Removing stm32f10x_tim.o(i.TIM_GetCounter), (240 bytes).
    Removing stm32f10x_tim.o(i.TIM_GetFlagStatus), (324 bytes).
    Removing stm32f10x_tim.o(i.TIM_GetITStatus), (320 bytes).
    Removing stm32f10x_tim.o(i.TIM_GetPrescaler), (240 bytes).
    Removing stm32f10x_tim.o(i.TIM_ICInit), (688 bytes).
    Removing stm32f10x_tim.o(i.TIM_ICStructInit), (18 bytes).
    Removing stm32f10x_tim.o(i.TIM_ITConfig), (296 bytes).
    Removing stm32f10x_tim.o(i.TIM_ITRxExternalClockConfig), (200 bytes).
    Removing stm32f10x_tim.o(i.TIM_InternalClockConfig), (168 bytes).
    Removing stm32f10x_tim.o(i.TIM_OC1FastConfig), (252 bytes).
    Removing stm32f10x_tim.o(i.TIM_OC1Init), (544 bytes).
    Removing stm32f10x_tim.o(i.TIM_OC1NPolarityConfig), (156 bytes).
    Removing stm32f10x_tim.o(i.TIM_OC1PolarityConfig), (252 bytes).
    Removing stm32f10x_tim.o(i.TIM_OC1PreloadConfig), (252 bytes).
    Removing stm32f10x_tim.o(i.TIM_OC2FastConfig), (200 bytes).
    Removing stm32f10x_tim.o(i.TIM_OC2Init), (508 bytes).
    Removing stm32f10x_tim.o(i.TIM_OC2NPolarityConfig), (132 bytes).
    Removing stm32f10x_tim.o(i.TIM_OC2PolarityConfig), (200 bytes).
    Removing stm32f10x_tim.o(i.TIM_OC2PreloadConfig), (200 bytes).
    Removing stm32f10x_tim.o(i.TIM_OC3FastConfig), (160 bytes).
    Removing stm32f10x_tim.o(i.TIM_OC3Init), (472 bytes).
    Removing stm32f10x_tim.o(i.TIM_OC3NPolarityConfig), (132 bytes).
    Removing stm32f10x_tim.o(i.TIM_OC3PolarityConfig), (168 bytes).
    Removing stm32f10x_tim.o(i.TIM_OC3PreloadConfig), (160 bytes).
    Removing stm32f10x_tim.o(i.TIM_OC4FastConfig), (168 bytes).
    Removing stm32f10x_tim.o(i.TIM_OC4PolarityConfig), (168 bytes).
    Removing stm32f10x_tim.o(i.TIM_OC4PreloadConfig), (168 bytes).
    Removing stm32f10x_tim.o(i.TIM_OCStructInit), (20 bytes).
    Removing stm32f10x_tim.o(i.TIM_PWMIConfig), (276 bytes).
    Removing stm32f10x_tim.o(i.TIM_PrescalerConfig), (264 bytes).
    Removing stm32f10x_tim.o(i.TIM_SelectCCDMA), (200 bytes).
    Removing stm32f10x_tim.o(i.TIM_SelectCOM), (164 bytes).
    Removing stm32f10x_tim.o(i.TIM_SelectHallSensor), (200 bytes).
    Removing stm32f10x_tim.o(i.TIM_SelectInputTrigger), (216 bytes).
    Removing stm32f10x_tim.o(i.TIM_SelectMasterSlaveMode), (192 bytes).
    Removing stm32f10x_tim.o(i.TIM_SelectOCxM), (372 bytes).
    Removing stm32f10x_tim.o(i.TIM_SelectOnePulseMode), (272 bytes).
    Removing stm32f10x_tim.o(i.TIM_SelectOutputTrigger), (236 bytes).
    Removing stm32f10x_tim.o(i.TIM_SelectSlaveMode), (204 bytes).
    Removing stm32f10x_tim.o(i.TIM_SetAutoreload), (240 bytes).
    Removing stm32f10x_tim.o(i.TIM_SetClockDivision), (260 bytes).
    Removing stm32f10x_tim.o(i.TIM_SetCompare1), (220 bytes).
    Removing stm32f10x_tim.o(i.TIM_SetCompare2), (160 bytes).
    Removing stm32f10x_tim.o(i.TIM_SetCompare3), (132 bytes).
    Removing stm32f10x_tim.o(i.TIM_SetCompare4), (132 bytes).
    Removing stm32f10x_tim.o(i.TIM_SetCounter), (240 bytes).
    Removing stm32f10x_tim.o(i.TIM_SetIC1Prescaler), (260 bytes).
    Removing stm32f10x_tim.o(i.TIM_SetIC2Prescaler), (208 bytes).
    Removing stm32f10x_tim.o(i.TIM_SetIC3Prescaler), (172 bytes).
    Removing stm32f10x_tim.o(i.TIM_SetIC4Prescaler), (180 bytes).
    Removing stm32f10x_tim.o(i.TIM_TIxExternalClockConfig), (272 bytes).
    Removing stm32f10x_tim.o(i.TIM_TimeBaseStructInit), (18 bytes).
    Removing stm32f10x_tim.o(i.TIM_UpdateDisableConfig), (280 bytes).
    Removing stm32f10x_tim.o(i.TIM_UpdateRequestConfig), (280 bytes).
    Removing main.o(.rev16_text), (4 bytes).
    Removing main.o(.revsh_text), (4 bytes).
    Removing menu.o(.rev16_text), (4 bytes).
    Removing menu.o(.revsh_text), (4 bytes).
    Removing menu_func.o(.rev16_text), (4 bytes).
    Removing menu_func.o(.revsh_text), (4 bytes).
    Removing stm32f10x_it.o(.rev16_text), (4 bytes).
    Removing stm32f10x_it.o(.revsh_text), (4 bytes).
    Removing template.o(.rev16_text), (4 bytes).
    Removing template.o(.revsh_text), (4 bytes).
    Removing 1602driver.o(.rev16_text), (4 bytes).
    Removing 1602driver.o(.revsh_text), (4 bytes).
    Removing 1602driver.o(i.Backspace_cursor), (92 bytes).
    Removing can.o(.rev16_text), (4 bytes).
    Removing can.o(.revsh_text), (4 bytes).
    Removing can.o(i.CAN_Transmit_RemoteFrame), (128 bytes).

221 unused section(s) (total 34340 bytes) removed from the image.

==============================================================================

Image Symbol Table

    Local Symbols

    Symbol Name                              Value     Ov Type        Size  Object(Section)

    ../clib/angel/boardlib.s                 0x00000000   Number         0  boardshut.o ABSOLUTE
    ../clib/angel/boardlib.s                 0x00000000   Number         0  boardinit2.o ABSOLUTE
    ../clib/angel/boardlib.s                 0x00000000   Number         0  boardinit3.o ABSOLUTE
    ../clib/angel/boardlib.s                 0x00000000   Number         0  boardinit1.o ABSOLUTE
    ../clib/angel/handlers.s                 0x00000000   Number         0  __scatter_copy.o ABSOLUTE
    ../clib/angel/handlers.s                 0x00000000   Number         0  __scatter_zi.o ABSOLUTE
    ../clib/angel/kernel.s                   0x00000000   Number         0  rtentry.o ABSOLUTE
    ../clib/angel/kernel.s                   0x00000000   Number         0  rtexit2.o ABSOLUTE
    ../clib/angel/kernel.s                   0x00000000   Number         0  rtexit.o ABSOLUTE
    ../clib/angel/kernel.s                   0x00000000   Number         0  rtentry4.o ABSOLUTE
    ../clib/angel/kernel.s                   0x00000000   Number         0  rtentry2.o ABSOLUTE
    ../clib/angel/rt.s                       0x00000000   Number         0  rt_raise.o ABSOLUTE
    ../clib/angel/scatter.s                  0x00000000   Number         0  __scatter.o ABSOLUTE
    ../clib/angel/startup.s                  0x00000000   Number         0  __main.o ABSOLUTE
    ../clib/angel/sys.s                      0x00000000   Number         0  libspace.o ABSOLUTE
    ../clib/angel/sys.s                      0x00000000   Number         0  use_no_semi.o ABSOLUTE
    ../clib/angel/sys.s                      0x00000000   Number         0  indicate_semi.o ABSOLUTE
    ../clib/angel/sys.s                      0x00000000   Number         0  sys_stackheap_outer.o ABSOLUTE
    ../clib/angel/sysapp.c                   0x00000000   Number         0  sys_exit.o ABSOLUTE
    ../clib/angel/sysapp.c                   0x00000000   Number         0  sys_wrch.o ABSOLUTE
    ../clib/angel/sysapp.c                   0x00000000   Number         0  sys_command.o ABSOLUTE
    ../clib/armsys.c                         0x00000000   Number         0  argv_veneer.o ABSOLUTE
    ../clib/armsys.c                         0x00000000   Number         0  no_argv.o ABSOLUTE
    ../clib/armsys.c                         0x00000000   Number         0  argv_veneer.o ABSOLUTE
    ../clib/armsys.c                         0x00000000   Number         0  _get_argv_nomalloc.o ABSOLUTE
    ../clib/heapalloc.c                      0x00000000   Number         0  hrguard.o ABSOLUTE
    ../clib/heapaux.c                        0x00000000   Number         0  heapauxi.o ABSOLUTE
    ../clib/libinit.s                        0x00000000   Number         0  libinit.o ABSOLUTE
    ../clib/libinit.s                        0x00000000   Number         0  libshutdown2.o ABSOLUTE
    ../clib/libinit.s                        0x00000000   Number         0  libinit2.o ABSOLUTE
    ../clib/libinit.s                        0x00000000   Number         0  libshutdown.o ABSOLUTE
    ../clib/signal.c                         0x00000000   Number         0  defsig_other.o ABSOLUTE
    ../clib/signal.c                         0x00000000   Number         0  defsig_cppl_inner.o ABSOLUTE
    ../clib/signal.c                         0x00000000   Number         0  defsig_pvfn_inner.o ABSOLUTE
    ../clib/signal.c                         0x00000000   Number         0  defsig_stak_inner.o ABSOLUTE
    ../clib/signal.c                         0x00000000   Number         0  defsig_rtred_inner.o ABSOLUTE
    ../clib/signal.c                         0x00000000   Number         0  defsig_fpe_inner.o ABSOLUTE
    ../clib/signal.c                         0x00000000   Number         0  defsig_rtmem_inner.o ABSOLUTE
    ../clib/signal.c                         0x00000000   Number         0  __raise.o ABSOLUTE
    ../clib/signal.c                         0x00000000   Number         0  defsig_rtmem_formal.o ABSOLUTE
    ../clib/signal.c                         0x00000000   Number         0  defsig_general.o ABSOLUTE
    ../clib/signal.c                         0x00000000   Number         0  defsig_abrt_inner.o ABSOLUTE
    ../clib/signal.c                         0x00000000   Number         0  defsig_rtmem_outer.o ABSOLUTE
    ../clib/signal.c                         0x00000000   Number         0  defsig_segv_inner.o ABSOLUTE
    ../clib/signal.c                         0x00000000   Number         0  defsig_exit.o ABSOLUTE
    ../clib/signal.s                         0x00000000   Number         0  defsig.o ABSOLUTE
    ../clib/stdlib.c                         0x00000000   Number         0  exit.o ABSOLUTE
    ../fplib/faddsub.s                       0x00000000   Number         0  faddsub_clz.o ABSOLUTE
    ../fplib/fcmpi.s                         0x00000000   Number         0  fcmpi.o ABSOLUTE
    ../fplib/fdiv.s                          0x00000000   Number         0  fdiv.o ABSOLUTE
    ../fplib/fflt.s                          0x00000000   Number         0  fflt_clz.o ABSOLUTE
    ../fplib/fleqf.s                         0x00000000   Number         0  fleqf.o ABSOLUTE
    ../fplib/fnaninf.s                       0x00000000   Number         0  fnaninf.o ABSOLUTE
    ../fplib/fpinit.s                        0x00000000   Number         0  fpinit.o ABSOLUTE
    ../fplib/fretinf.s                       0x00000000   Number         0  fretinf.o ABSOLUTE
    ../fplib/frleqf.s                        0x00000000   Number         0  frleqf.o ABSOLUTE
    ../fplib/usenofp.s                       0x00000000   Number         0  usenofp.o ABSOLUTE
    ..\CMSIS\CoreSupport\core_cm3.c          0x00000000   Number         0  core_cm3.o ABSOLUTE
    ..\CMSIS\DeviceSupport\ST\STM32F10x\startup\arm\startup_stm32f10x_md.s 0x00000000   Number         0  startup_stm32f10x_md.o ABSOLUTE
    ..\CMSIS\DeviceSupport\ST\STM32F10x\system_stm32f10x.c 0x00000000   Number         0  system_stm32f10x.o ABSOLUTE
    ..\STM32F10x_StdPeriph_Driver\src\stm32f10x_adc.c 0x00000000   Number         0  stm32f10x_adc.o ABSOLUTE
    ..\STM32F10x_StdPeriph_Driver\src\stm32f10x_dma.c 0x00000000   Number         0  stm32f10x_dma.o ABSOLUTE
    ..\STM32F10x_StdPeriph_Driver\src\stm32f10x_exti.c 0x00000000   Number         0  stm32f10x_exti.o ABSOLUTE
    ..\STM32F10x_StdPeriph_Driver\src\stm32f10x_gpio.c 0x00000000   Number         0  stm32f10x_gpio.o ABSOLUTE
    ..\STM32F10x_StdPeriph_Driver\src\stm32f10x_pwr.c 0x00000000   Number         0  stm32f10x_pwr.o ABSOLUTE
    ..\STM32F10x_StdPeriph_Driver\src\stm32f10x_rcc.c 0x00000000   Number         0  stm32f10x_rcc.o ABSOLUTE
    ..\STM32F10x_StdPeriph_Driver\src\stm32f10x_tim.c 0x00000000   Number         0  stm32f10x_tim.o ABSOLUTE
    ..\\CMSIS\\CoreSupport\\core_cm3.c       0x00000000   Number         0  core_cm3.o ABSOLUTE
    ..\\CMSIS\\DeviceSupport\\ST\\STM32F10x\\system_stm32f10x.c 0x00000000   Number         0  system_stm32f10x.o ABSOLUTE
    ..\\STM32F10x_StdPeriph_Driver\\src\\stm32f10x_adc.c 0x00000000   Number         0  stm32f10x_adc.o ABSOLUTE
    ..\\STM32F10x_StdPeriph_Driver\\src\\stm32f10x_dma.c 0x00000000   Number         0  stm32f10x_dma.o ABSOLUTE
    ..\\STM32F10x_StdPeriph_Driver\\src\\stm32f10x_exti.c 0x00000000   Number         0  stm32f10x_exti.o ABSOLUTE
    ..\\STM32F10x_StdPeriph_Driver\\src\\stm32f10x_gpio.c 0x00000000   Number         0  stm32f10x_gpio.o ABSOLUTE
    ..\\STM32F10x_StdPeriph_Driver\\src\\stm32f10x_pwr.c 0x00000000   Number         0  stm32f10x_pwr.o ABSOLUTE
    ..\\STM32F10x_StdPeriph_Driver\\src\\stm32f10x_rcc.c 0x00000000   Number         0  stm32f10x_rcc.o ABSOLUTE
    ..\\STM32F10x_StdPeriph_Driver\\src\\stm32f10x_tim.c 0x00000000   Number         0  stm32f10x_tim.o ABSOLUTE
    ..\\main\\1602driver.c                   0x00000000   Number         0  1602driver.o ABSOLUTE
    ..\\main\\bxCAN\\CAN.c                   0x00000000   Number         0  can.o ABSOLUTE
    ..\\main\\main.c                         0x00000000   Number         0  main.o ABSOLUTE
    ..\\main\\menu.c                         0x00000000   Number         0  menu.o ABSOLUTE
    ..\\main\\menu_func.c                    0x00000000   Number         0  menu_func.o ABSOLUTE
    ..\\main\\stm32f10x_it.c                 0x00000000   Number         0  stm32f10x_it.o ABSOLUTE
    ..\\main\\template.c                     0x00000000   Number         0  template.o ABSOLUTE
    ..\main\1602driver.c                     0x00000000   Number         0  1602driver.o ABSOLUTE
    ..\main\bxCAN\CAN.c                      0x00000000   Number         0  can.o ABSOLUTE
    ..\main\main.c                           0x00000000   Number         0  main.o ABSOLUTE
    ..\main\menu.c                           0x00000000   Number         0  menu.o ABSOLUTE
    ..\main\menu_func.c                      0x00000000   Number         0  menu_func.o ABSOLUTE
    ..\main\stm32f10x_it.c                   0x00000000   Number         0  stm32f10x_it.o ABSOLUTE
    ..\main\template.c                       0x00000000   Number         0  template.o ABSOLUTE
    dc.s                                     0x00000000   Number         0  dc.o ABSOLUTE
    RESET                                    0x08002800   Section      236  startup_stm32f10x_md.o(RESET)
    !!!main                                  0x080028ec   Section        8  __main.o(!!!main)
    !!!scatter                               0x080028f4   Section       52  __scatter.o(!!!scatter)
    !!handler_copy                           0x08002928   Section       26  __scatter_copy.o(!!handler_copy)
    !!handler_zi                             0x08002944   Section       28  __scatter_zi.o(!!handler_zi)
    .ARM.Collect$$libinit$$00000000          0x08002960   Section        2  libinit.o(.ARM.Collect$$libinit$$00000000)
    .ARM.Collect$$libinit$$00000002          0x08002962   Section        0  libinit2.o(.ARM.Collect$$libinit$$00000002)
    .ARM.Collect$$libinit$$00000008          0x08002962   Section        0  libinit2.o(.ARM.Collect$$libinit$$00000008)
    .ARM.Collect$$libinit$$0000000A          0x08002962   Section        0  libinit2.o(.ARM.Collect$$libinit$$0000000A)
    .ARM.Collect$$libinit$$0000000C          0x08002962   Section        0  libinit2.o(.ARM.Collect$$libinit$$0000000C)
    .ARM.Collect$$libinit$$0000000F          0x08002962   Section        0  libinit2.o(.ARM.Collect$$libinit$$0000000F)
    .ARM.Collect$$libinit$$00000011          0x08002962   Section        0  libinit2.o(.ARM.Collect$$libinit$$00000011)
    .ARM.Collect$$libinit$$00000013          0x08002962   Section        0  libinit2.o(.ARM.Collect$$libinit$$00000013)
    .ARM.Collect$$libinit$$00000015          0x08002962   Section        0  libinit2.o(.ARM.Collect$$libinit$$00000015)
    .ARM.Collect$$libinit$$00000017          0x08002962   Section        0  libinit2.o(.ARM.Collect$$libinit$$00000017)
    .ARM.Collect$$libinit$$00000019          0x08002962   Section        0  libinit2.o(.ARM.Collect$$libinit$$00000019)
    .ARM.Collect$$libinit$$0000001B          0x08002962   Section        0  libinit2.o(.ARM.Collect$$libinit$$0000001B)
    .ARM.Collect$$libinit$$0000001D          0x08002962   Section        0  libinit2.o(.ARM.Collect$$libinit$$0000001D)
    .ARM.Collect$$libinit$$0000001F          0x08002962   Section        0  libinit2.o(.ARM.Collect$$libinit$$0000001F)
    .ARM.Collect$$libinit$$00000021          0x08002962   Section        0  libinit2.o(.ARM.Collect$$libinit$$00000021)
    .ARM.Collect$$libinit$$00000023          0x08002962   Section        0  libinit2.o(.ARM.Collect$$libinit$$00000023)
    .ARM.Collect$$libinit$$0000002A          0x08002962   Section        0  libinit2.o(.ARM.Collect$$libinit$$0000002A)
    .ARM.Collect$$libinit$$0000002C          0x08002962   Section        0  libinit2.o(.ARM.Collect$$libinit$$0000002C)
    .ARM.Collect$$libinit$$0000002E          0x08002962   Section        0  libinit2.o(.ARM.Collect$$libinit$$0000002E)
    .ARM.Collect$$libinit$$00000030          0x08002962   Section        0  libinit2.o(.ARM.Collect$$libinit$$00000030)
    .ARM.Collect$$libinit$$00000031          0x08002962   Section        2  libinit2.o(.ARM.Collect$$libinit$$00000031)
    .ARM.Collect$$libshutdown$$00000000      0x08002964   Section        2  libshutdown.o(.ARM.Collect$$libshutdown$$00000000)
    .ARM.Collect$$libshutdown$$00000003      0x08002966   Section        0  libshutdown2.o(.ARM.Collect$$libshutdown$$00000003)
    .ARM.Collect$$libshutdown$$00000006      0x08002966   Section        0  libshutdown2.o(.ARM.Collect$$libshutdown$$00000006)
    .ARM.Collect$$libshutdown$$00000009      0x08002966   Section        0  libshutdown2.o(.ARM.Collect$$libshutdown$$00000009)
    .ARM.Collect$$libshutdown$$0000000B      0x08002966   Section        0  libshutdown2.o(.ARM.Collect$$libshutdown$$0000000B)
    .ARM.Collect$$libshutdown$$0000000E      0x08002966   Section        0  libshutdown2.o(.ARM.Collect$$libshutdown$$0000000E)
    .ARM.Collect$$libshutdown$$0000000F      0x08002966   Section        2  libshutdown2.o(.ARM.Collect$$libshutdown$$0000000F)
    .ARM.Collect$$rtentry$$00000000          0x08002968   Section        0  rtentry.o(.ARM.Collect$$rtentry$$00000000)
    .ARM.Collect$$rtentry$$00000002          0x08002968   Section        0  rtentry2.o(.ARM.Collect$$rtentry$$00000002)
    .ARM.Collect$$rtentry$$00000004          0x08002968   Section        6  rtentry4.o(.ARM.Collect$$rtentry$$00000004)
    .ARM.Collect$$rtentry$$00000009          0x0800296e   Section        0  rtentry2.o(.ARM.Collect$$rtentry$$00000009)
    .ARM.Collect$$rtentry$$0000000A          0x0800296e   Section        4  rtentry2.o(.ARM.Collect$$rtentry$$0000000A)
    .ARM.Collect$$rtentry$$0000000C          0x08002972   Section        0  rtentry2.o(.ARM.Collect$$rtentry$$0000000C)
    .ARM.Collect$$rtentry$$0000000D          0x08002972   Section        8  rtentry2.o(.ARM.Collect$$rtentry$$0000000D)
    .ARM.Collect$$rtexit$$00000000           0x0800297a   Section        2  rtexit.o(.ARM.Collect$$rtexit$$00000000)
    .ARM.Collect$$rtexit$$00000002           0x0800297c   Section        0  rtexit2.o(.ARM.Collect$$rtexit$$00000002)
    .ARM.Collect$$rtexit$$00000003           0x0800297c   Section        4  rtexit2.o(.ARM.Collect$$rtexit$$00000003)
    .ARM.Collect$$rtexit$$00000004           0x08002980   Section        6  rtexit2.o(.ARM.Collect$$rtexit$$00000004)
    .text                                    0x08002988   Section       56  startup_stm32f10x_md.o(.text)
    .text                                    0x080029c0   Section        0  heapauxi.o(.text)
    .text                                    0x080029c6   Section       74  sys_stackheap_outer.o(.text)
    .text                                    0x08002a10   Section        0  exit.o(.text)
    .text                                    0x08002a1c   Section        8  libspace.o(.text)
    .text                                    0x08002a24   Section        0  sys_exit.o(.text)
    .text                                    0x08002a30   Section        2  use_no_semi.o(.text)
    .text                                    0x08002a32   Section        0  indicate_semi.o(.text)
    i.ADC                                    0x08002a34   Section        0  menu_func.o(i.ADC)
    i.ADC1_2_IRQHandler                      0x08002a90   Section        0  stm32f10x_it.o(i.ADC1_2_IRQHandler)
    i.ADC1_Init                              0x08002bb0   Section        0  main.o(i.ADC1_Init)
    i.ADC_Cmd                                0x08002d4c   Section        0  stm32f10x_adc.o(i.ADC_Cmd)
    i.ADC_DMACmd                             0x08002dd8   Section        0  stm32f10x_adc.o(i.ADC_DMACmd)
    i.ADC_ExternalTrigConvCmd                0x08002e5c   Section        0  stm32f10x_adc.o(i.ADC_ExternalTrigConvCmd)
    i.ADC_GetCalibrationStatus               0x08002ee8   Section        0  stm32f10x_adc.o(i.ADC_GetCalibrationStatus)
    i.ADC_ITConfig                           0x08002f60   Section        0  stm32f10x_adc.o(i.ADC_ITConfig)
    i.ADC_Init                               0x08003008   Section        0  stm32f10x_adc.o(i.ADC_Init)
    i.ADC_RegularChannelConfig               0x080031d4   Section        0  stm32f10x_adc.o(i.ADC_RegularChannelConfig)
    i.ADC_StartCalibration                   0x080033a8   Section        0  stm32f10x_adc.o(i.ADC_StartCalibration)
    i.ADC_TempSensorVrefintCmd               0x08003414   Section        0  stm32f10x_adc.o(i.ADC_TempSensorVrefintCmd)
    i.AlarmCalc                              0x08003480   Section        0  main.o(i.AlarmCalc)
    i.BrezPhase                              0x08003640   Section        0  menu_func.o(i.BrezPhase)
    i.CAN1_RX1_IRQHandler                    0x080038a4   Section        0  stm32f10x_it.o(i.CAN1_RX1_IRQHandler)
    i.CAN_RXProcess0                         0x080038bc   Section        0  can.o(i.CAN_RXProcess0)
    i.CAN_RXProcess1                         0x08003bc4   Section        0  can.o(i.CAN_RXProcess1)
    i.CAN_Receive_IRQHandler                 0x08003dc4   Section        0  can.o(i.CAN_Receive_IRQHandler)
    i.CAN_Transmit_DataFrame                 0x08003f08   Section        0  can.o(i.CAN_Transmit_DataFrame)
    i.ClearLCD                               0x08003fd8   Section        0  1602driver.o(i.ClearLCD)
    i.Cursor_type                            0x0800401c   Section        0  1602driver.o(i.Cursor_type)
    i.DMA_Cmd                                0x08004060   Section        0  stm32f10x_dma.o(i.DMA_Cmd)
    i.DMA_Init                               0x08004134   Section        0  stm32f10x_dma.o(i.DMA_Init)
    i.DateCalc                               0x080042f4   Section        0  main.o(i.DateCalc)
    i.Delay                                  0x080043f8   Section        0  1602driver.o(i.Delay)
    i.EXTI1_IRQHandler                       0x08004418   Section        0  stm32f10x_it.o(i.EXTI1_IRQHandler)
    i.EXTI3_IRQHandler                       0x08004470   Section        0  stm32f10x_it.o(i.EXTI3_IRQHandler)
    i.Flash_page_erase                       0x08004494   Section        0  can.o(i.Flash_page_erase)
    i.Flash_prog                             0x0800450c   Section        0  can.o(i.Flash_prog)
    i.Flash_unlock                           0x0800457c   Section        0  can.o(i.Flash_unlock)
    i.GPIO_Init                              0x08004594   Section        0  stm32f10x_gpio.o(i.GPIO_Init)
    i.InitPerifery                           0x08004760   Section        0  main.o(i.InitPerifery)
    i.LCDInit                                0x08004afc   Section        0  1602driver.o(i.LCDInit)
    i.NVIC_EnableIRQ                         0x08004d04   Section        0  main.o(i.NVIC_EnableIRQ)
    NVIC_EnableIRQ                           0x08004d05   Thumb Code    24  main.o(i.NVIC_EnableIRQ)
    i.NVIC_EnableIRQ                         0x08004d1c   Section        0  can.o(i.NVIC_EnableIRQ)
    NVIC_EnableIRQ                           0x08004d1d   Thumb Code    24  can.o(i.NVIC_EnableIRQ)
    i.NVIC_SetPriority                       0x08004d34   Section        0  main.o(i.NVIC_SetPriority)
    NVIC_SetPriority                         0x08004d35   Thumb Code    32  main.o(i.NVIC_SetPriority)
    i.NVIC_SetPriority                       0x08004d5c   Section        0  can.o(i.NVIC_SetPriority)
    NVIC_SetPriority                         0x08004d5d   Thumb Code    32  can.o(i.NVIC_SetPriority)
    i.PWR_BackupAccessCmd                    0x08004d84   Section        0  stm32f10x_pwr.o(i.PWR_BackupAccessCmd)
    i.PutChar                                0x08004dd8   Section        0  1602driver.o(i.PutChar)
    i.PutChar_Curent                         0x08004e7c   Section        0  1602driver.o(i.PutChar_Curent)
    i.PutSimvol                              0x08004ec0   Section        0  1602driver.o(i.PutSimvol)
    i.PutText                                0x08004f50   Section        0  1602driver.o(i.PutText)
    i.RCC_ADCCLKConfig                       0x08004fdc   Section        0  stm32f10x_rcc.o(i.RCC_ADCCLKConfig)
    i.RCC_AHBPeriphClockCmd                  0x08005048   Section        0  stm32f10x_rcc.o(i.RCC_AHBPeriphClockCmd)
    i.RCC_APB1PeriphClockCmd                 0x080050cc   Section        0  stm32f10x_rcc.o(i.RCC_APB1PeriphClockCmd)
    i.RCC_APB2PeriphClockCmd                 0x08005150   Section        0  stm32f10x_rcc.o(i.RCC_APB2PeriphClockCmd)
    i.RTCAlarm_IRQHandler                    0x080051d4   Section        0  stm32f10x_it.o(i.RTCAlarm_IRQHandler)
    i.RTC_IRQHandler                         0x080051e4   Section        0  stm32f10x_it.o(i.RTC_IRQHandler)
    i.RefreshLCD_encoder                     0x080052ec   Section        0  main.o(i.RefreshLCD_encoder)
    i.Refresh_LCD                            0x08005520   Section        0  1602driver.o(i.Refresh_LCD)
    i.SetAlarm_encoder                       0x080055c0   Section        0  menu_func.o(i.SetAlarm_encoder)
    i.SetRTC                                 0x080059dc   Section        0  main.o(i.SetRTC)
    i.SetSysClock                            0x08005b2c   Section        0  system_stm32f10x.o(i.SetSysClock)
    SetSysClock                              0x08005b2d   Thumb Code     8  system_stm32f10x.o(i.SetSysClock)
    i.SetSysClockTo72                        0x08005b34   Section        0  system_stm32f10x.o(i.SetSysClockTo72)
    SetSysClockTo72                          0x08005b35   Thumb Code   212  system_stm32f10x.o(i.SetSysClockTo72)
    i.SetTime_encoder                        0x08005c10   Section        0  menu_func.o(i.SetTime_encoder)
    i.Set_Cursor                             0x08006020   Section        0  1602driver.o(i.Set_Cursor)
    i.Shift_cursor                           0x08006064   Section        0  1602driver.o(i.Shift_cursor)
    i.Sleepdeep                              0x080060a8   Section        0  1602driver.o(i.Sleepdeep)
    i.SystemInit                             0x0800610c   Section        0  system_stm32f10x.o(i.SystemInit)
    i.TIM2_IRQHandler                        0x0800616c   Section        0  stm32f10x_it.o(i.TIM2_IRQHandler)
    i.TIM3_IRQHandler                        0x080061d8   Section        0  stm32f10x_it.o(i.TIM3_IRQHandler)
    i.TIM_Cmd                                0x08006200   Section        0  stm32f10x_tim.o(i.TIM_Cmd)
    i.TIM_OC4Init                            0x08006318   Section        0  stm32f10x_tim.o(i.TIM_OC4Init)
    i.TIM_TimeBaseInit                       0x08006484   Section        0  stm32f10x_tim.o(i.TIM_TimeBaseInit)
    i.USB_LP_CAN1_RX0_IRQHandler             0x0800662c   Section        0  stm32f10x_it.o(i.USB_LP_CAN1_RX0_IRQHandler)
    i._Menu                                  0x0800663c   Section        0  menu.o(i._Menu)
    i.assert_failed                          0x08006818   Section        0  template.o(i.assert_failed)
    i.bxCAN_Init                             0x0800681c   Section        0  can.o(i.bxCAN_Init)
    i.crc32_check                            0x08006ab0   Section        0  can.o(i.crc32_check)
    i.main                                   0x08006ae0   Section        0  main.o(i.main)
    x$fpl$fadd                               0x08006c3c   Section      196  faddsub_clz.o(x$fpl$fadd)
    _fadd1                                   0x08006c4b   Thumb Code     0  faddsub_clz.o(x$fpl$fadd)
    x$fpl$fcmpinf                            0x08006d00   Section       24  fcmpi.o(x$fpl$fcmpinf)
    x$fpl$fdiv                               0x08006d18   Section      388  fdiv.o(x$fpl$fdiv)
    _fdiv1                                   0x08006d19   Thumb Code     0  fdiv.o(x$fpl$fdiv)
    x$fpl$fflt                               0x08006e9c   Section       48  fflt_clz.o(x$fpl$fflt)
    x$fpl$ffltu                              0x08006ecc   Section       38  fflt_clz.o(x$fpl$ffltu)
    x$fpl$fleqf                              0x08006ef4   Section      104  fleqf.o(x$fpl$fleqf)
    x$fpl$fnaninf                            0x08006f5c   Section      140  fnaninf.o(x$fpl$fnaninf)
    x$fpl$fretinf                            0x08006fe8   Section       10  fretinf.o(x$fpl$fretinf)
    x$fpl$frleqf                             0x08006ff2   Section       98  frleqf.o(x$fpl$frleqf)
    x$fpl$fsub                               0x08007054   Section      234  faddsub_clz.o(x$fpl$fsub)
    _fsub1                                   0x08007063   Thumb Code     0  faddsub_clz.o(x$fpl$fsub)
    x$fpl$usenofp                            0x0800713e   Section        0  usenofp.o(x$fpl$usenofp)
    .constdata                               0x08007140   Section     1024  can.o(.constdata)
    .data                                    0x20000000   Section       12  main.o(.data)
    .data                                    0x2000000c   Section        2  stm32f10x_it.o(.data)
    count_refresh                            0x2000000d   Data           1  stm32f10x_it.o(.data)
    .data                                    0x20000010   Section      266  template.o(.data)
    .data                                    0x2000011c   Section       12  can.o(.data)
    .bss                                     0x20000128   Section      124  main.o(.bss)
    .bss                                     0x200001a4   Section       40  can.o(.bss)
    .bss                                     0x200001cc   Section       96  libspace.o(.bss)
    HEAP                                     0x20000230   Section      512  startup_stm32f10x_md.o(HEAP)
    Heap_Mem                                 0x20000230   Data         512  startup_stm32f10x_md.o(HEAP)
    STACK                                    0x20000430   Section     1024  startup_stm32f10x_md.o(STACK)
    Stack_Mem                                0x20000430   Data        1024  startup_stm32f10x_md.o(STACK)
    __initial_sp                             0x20000830   Data           0  startup_stm32f10x_md.o(STACK)

    Global Symbols

    Symbol Name                              Value     Ov Type        Size  Object(Section)

    BuildAttributes$$THM_ISAv4$P$D$K$B$S$PE$A:L22UL41UL21$X:L11$S22US41US21$IEEE1$IW$USESV6$~STKCKD$USESV7$~SHL$OSPACE$ROPI$EBA8$UX$STANDARDLIB$REQ8$PRES8$EABIv2 0x00000000   Number         0  anon$$obj.o ABSOLUTE
    __ARM_use_no_argv                        0x00000000   Number         0  main.o ABSOLUTE
    __ARM_exceptions_init                     - Undefined Weak Reference
    __alloca_initialize                       - Undefined Weak Reference
    __cpp_initialize__aeabi_                  - Undefined Weak Reference
    __cxa_finalize                            - Undefined Weak Reference
    __rt_locale                               - Undefined Weak Reference
    __sigvec_lookup                           - Undefined Weak Reference
    _atexit_init                              - Undefined Weak Reference
    _call_atexit_fns                          - Undefined Weak Reference
    _clock_init                               - Undefined Weak Reference
    _fp_trap_init                             - Undefined Weak Reference
    _fp_trap_shutdown                         - Undefined Weak Reference
    _get_lc_collate                           - Undefined Weak Reference
    _get_lc_ctype                             - Undefined Weak Reference
    _get_lc_monetary                          - Undefined Weak Reference
    _get_lc_numeric                           - Undefined Weak Reference
    _get_lc_time                              - Undefined Weak Reference
    _getenv_init                              - Undefined Weak Reference
    _handle_redirection                       - Undefined Weak Reference
    _init_alloc                               - Undefined Weak Reference
    _init_user_alloc                          - Undefined Weak Reference
    _initio                                   - Undefined Weak Reference
    _rand_init                                - Undefined Weak Reference
    _signal_finish                            - Undefined Weak Reference
    _signal_init                              - Undefined Weak Reference
    _terminate_alloc                          - Undefined Weak Reference
    _terminate_user_alloc                     - Undefined Weak Reference
    _terminateio                              - Undefined Weak Reference
    __Vectors_Size                           0x000000ec   Number         0  startup_stm32f10x_md.o ABSOLUTE
    __Vectors                                0x08002800   Data           4  startup_stm32f10x_md.o(RESET)
    __Vectors_End                            0x080028ec   Data           0  startup_stm32f10x_md.o(RESET)
    __main                                   0x080028ed   Thumb Code     8  __main.o(!!!main)
    __scatterload                            0x080028f5   Thumb Code     0  __scatter.o(!!!scatter)
    __scatterload_rt2                        0x080028f5   Thumb Code    44  __scatter.o(!!!scatter)
    __scatterload_rt2_thumb_only             0x080028f5   Thumb Code     0  __scatter.o(!!!scatter)
    __scatterload_null                       0x08002903   Thumb Code     0  __scatter.o(!!!scatter)
    __scatterload_copy                       0x08002929   Thumb Code    26  __scatter_copy.o(!!handler_copy)
    __scatterload_zeroinit                   0x08002945   Thumb Code    28  __scatter_zi.o(!!handler_zi)
    __rt_lib_init                            0x08002961   Thumb Code     0  libinit.o(.ARM.Collect$$libinit$$00000000)
    __rt_lib_init_alloca_1                   0x08002963   Thumb Code     0  libinit2.o(.ARM.Collect$$libinit$$0000002C)
    __rt_lib_init_argv_1                     0x08002963   Thumb Code     0  libinit2.o(.ARM.Collect$$libinit$$0000002A)
    __rt_lib_init_atexit_1                   0x08002963   Thumb Code     0  libinit2.o(.ARM.Collect$$libinit$$00000019)
    __rt_lib_init_clock_1                    0x08002963   Thumb Code     0  libinit2.o(.ARM.Collect$$libinit$$0000001F)
    __rt_lib_init_cpp_1                      0x08002963   Thumb Code     0  libinit2.o(.ARM.Collect$$libinit$$00000030)
    __rt_lib_init_exceptions_1               0x08002963   Thumb Code     0  libinit2.o(.ARM.Collect$$libinit$$0000002E)
    __rt_lib_init_fp_1                       0x08002963   Thumb Code     0  libinit2.o(.ARM.Collect$$libinit$$00000002)
    __rt_lib_init_fp_trap_1                  0x08002963   Thumb Code     0  libinit2.o(.ARM.Collect$$libinit$$0000001D)
    __rt_lib_init_getenv_1                   0x08002963   Thumb Code     0  libinit2.o(.ARM.Collect$$libinit$$00000021)
    __rt_lib_init_heap_1                     0x08002963   Thumb Code     0  libinit2.o(.ARM.Collect$$libinit$$00000008)
    __rt_lib_init_lc_collate_1               0x08002963   Thumb Code     0  libinit2.o(.ARM.Collect$$libinit$$0000000F)
    __rt_lib_init_lc_ctype_1                 0x08002963   Thumb Code     0  libinit2.o(.ARM.Collect$$libinit$$00000011)
    __rt_lib_init_lc_monetary_1              0x08002963   Thumb Code     0  libinit2.o(.ARM.Collect$$libinit$$00000013)
    __rt_lib_init_lc_numeric_1               0x08002963   Thumb Code     0  libinit2.o(.ARM.Collect$$libinit$$00000015)
    __rt_lib_init_lc_time_1                  0x08002963   Thumb Code     0  libinit2.o(.ARM.Collect$$libinit$$00000017)
    __rt_lib_init_rand_1                     0x08002963   Thumb Code     0  libinit2.o(.ARM.Collect$$libinit$$0000000C)
    __rt_lib_init_return                     0x08002963   Thumb Code     0  libinit2.o(.ARM.Collect$$libinit$$00000031)
    __rt_lib_init_signal_1                   0x08002963   Thumb Code     0  libinit2.o(.ARM.Collect$$libinit$$0000001B)
    __rt_lib_init_stdio_1                    0x08002963   Thumb Code     0  libinit2.o(.ARM.Collect$$libinit$$00000023)
    __rt_lib_init_user_alloc_1               0x08002963   Thumb Code     0  libinit2.o(.ARM.Collect$$libinit$$0000000A)
    __rt_lib_shutdown                        0x08002965   Thumb Code     0  libshutdown.o(.ARM.Collect$$libshutdown$$00000000)
    __rt_lib_shutdown_fp_trap_1              0x08002967   Thumb Code     0  libshutdown2.o(.ARM.Collect$$libshutdown$$00000006)
    __rt_lib_shutdown_heap_1                 0x08002967   Thumb Code     0  libshutdown2.o(.ARM.Collect$$libshutdown$$0000000E)
    __rt_lib_shutdown_return                 0x08002967   Thumb Code     0  libshutdown2.o(.ARM.Collect$$libshutdown$$0000000F)
    __rt_lib_shutdown_signal_1               0x08002967   Thumb Code     0  libshutdown2.o(.ARM.Collect$$libshutdown$$00000009)
    __rt_lib_shutdown_stdio_1                0x08002967   Thumb Code     0  libshutdown2.o(.ARM.Collect$$libshutdown$$00000003)
    __rt_lib_shutdown_user_alloc_1           0x08002967   Thumb Code     0  libshutdown2.o(.ARM.Collect$$libshutdown$$0000000B)
    __rt_entry                               0x08002969   Thumb Code     0  rtentry.o(.ARM.Collect$$rtentry$$00000000)
    __rt_entry_presh_1                       0x08002969   Thumb Code     0  rtentry2.o(.ARM.Collect$$rtentry$$00000002)
    __rt_entry_sh                            0x08002969   Thumb Code     0  rtentry4.o(.ARM.Collect$$rtentry$$00000004)
    __rt_entry_li                            0x0800296f   Thumb Code     0  rtentry2.o(.ARM.Collect$$rtentry$$0000000A)
    __rt_entry_postsh_1                      0x0800296f   Thumb Code     0  rtentry2.o(.ARM.Collect$$rtentry$$00000009)
    __rt_entry_main                          0x08002973   Thumb Code     0  rtentry2.o(.ARM.Collect$$rtentry$$0000000D)
    __rt_entry_postli_1                      0x08002973   Thumb Code     0  rtentry2.o(.ARM.Collect$$rtentry$$0000000C)
    __rt_exit                                0x0800297b   Thumb Code     0  rtexit.o(.ARM.Collect$$rtexit$$00000000)
    __rt_exit_ls                             0x0800297d   Thumb Code     0  rtexit2.o(.ARM.Collect$$rtexit$$00000003)
    __rt_exit_prels_1                        0x0800297d   Thumb Code     0  rtexit2.o(.ARM.Collect$$rtexit$$00000002)
    __rt_exit_exit                           0x08002981   Thumb Code     0  rtexit2.o(.ARM.Collect$$rtexit$$00000004)
    Reset_Handler                            0x08002989   Thumb Code     4  startup_stm32f10x_md.o(.text)
    NMI_Handler                              0x0800298d   Thumb Code     2  startup_stm32f10x_md.o(.text)
    HardFault_Handler                        0x0800298f   Thumb Code     2  startup_stm32f10x_md.o(.text)
    MemManage_Handler                        0x08002991   Thumb Code     2  startup_stm32f10x_md.o(.text)
    BusFault_Handler                         0x08002993   Thumb Code     2  startup_stm32f10x_md.o(.text)
    UsageFault_Handler                       0x08002995   Thumb Code     2  startup_stm32f10x_md.o(.text)
    SVC_Handler                              0x08002997   Thumb Code     2  startup_stm32f10x_md.o(.text)
    DebugMon_Handler                         0x08002999   Thumb Code     2  startup_stm32f10x_md.o(.text)
    PendSV_Handler                           0x0800299b   Thumb Code     2  startup_stm32f10x_md.o(.text)
    SysTick_Handler                          0x0800299d   Thumb Code     2  startup_stm32f10x_md.o(.text)
    CAN1_SCE_IRQHandler                      0x0800299f   Thumb Code     0  startup_stm32f10x_md.o(.text)
    DMA1_Channel1_IRQHandler                 0x0800299f   Thumb Code     0  startup_stm32f10x_md.o(.text)
    DMA1_Channel2_IRQHandler                 0x0800299f   Thumb Code     0  startup_stm32f10x_md.o(.text)
    DMA1_Channel3_IRQHandler                 0x0800299f   Thumb Code     0  startup_stm32f10x_md.o(.text)
    DMA1_Channel4_IRQHandler                 0x0800299f   Thumb Code     0  startup_stm32f10x_md.o(.text)
    DMA1_Channel5_IRQHandler                 0x0800299f   Thumb Code     0  startup_stm32f10x_md.o(.text)
    DMA1_Channel6_IRQHandler                 0x0800299f   Thumb Code     0  startup_stm32f10x_md.o(.text)
    DMA1_Channel7_IRQHandler                 0x0800299f   Thumb Code     0  startup_stm32f10x_md.o(.text)
    EXTI0_IRQHandler                         0x0800299f   Thumb Code     0  startup_stm32f10x_md.o(.text)
    EXTI15_10_IRQHandler                     0x0800299f   Thumb Code     0  startup_stm32f10x_md.o(.text)
    EXTI2_IRQHandler                         0x0800299f   Thumb Code     0  startup_stm32f10x_md.o(.text)
    EXTI4_IRQHandler                         0x0800299f   Thumb Code     0  startup_stm32f10x_md.o(.text)
    EXTI9_5_IRQHandler                       0x0800299f   Thumb Code     0  startup_stm32f10x_md.o(.text)
    FLASH_IRQHandler                         0x0800299f   Thumb Code     0  startup_stm32f10x_md.o(.text)
    I2C1_ER_IRQHandler                       0x0800299f   Thumb Code     0  startup_stm32f10x_md.o(.text)
    I2C1_EV_IRQHandler                       0x0800299f   Thumb Code     0  startup_stm32f10x_md.o(.text)
    I2C2_ER_IRQHandler                       0x0800299f   Thumb Code     0  startup_stm32f10x_md.o(.text)
    I2C2_EV_IRQHandler                       0x0800299f   Thumb Code     0  startup_stm32f10x_md.o(.text)
    PVD_IRQHandler                           0x0800299f   Thumb Code     0  startup_stm32f10x_md.o(.text)
    RCC_IRQHandler                           0x0800299f   Thumb Code     0  startup_stm32f10x_md.o(.text)
    SPI1_IRQHandler                          0x0800299f   Thumb Code     0  startup_stm32f10x_md.o(.text)
    SPI2_IRQHandler                          0x0800299f   Thumb Code     0  startup_stm32f10x_md.o(.text)
    TAMPER_IRQHandler                        0x0800299f   Thumb Code     0  startup_stm32f10x_md.o(.text)
    TIM1_BRK_IRQHandler                      0x0800299f   Thumb Code     0  startup_stm32f10x_md.o(.text)
    TIM1_CC_IRQHandler                       0x0800299f   Thumb Code     0  startup_stm32f10x_md.o(.text)
    TIM1_TRG_COM_IRQHandler                  0x0800299f   Thumb Code     0  startup_stm32f10x_md.o(.text)
    TIM1_UP_IRQHandler                       0x0800299f   Thumb Code     0  startup_stm32f10x_md.o(.text)
    TIM4_IRQHandler                          0x0800299f   Thumb Code     0  startup_stm32f10x_md.o(.text)
    USART1_IRQHandler                        0x0800299f   Thumb Code     0  startup_stm32f10x_md.o(.text)
    USART2_IRQHandler                        0x0800299f   Thumb Code     0  startup_stm32f10x_md.o(.text)
    USART3_IRQHandler                        0x0800299f   Thumb Code     0  startup_stm32f10x_md.o(.text)
    USBWakeUp_IRQHandler                     0x0800299f   Thumb Code     0  startup_stm32f10x_md.o(.text)
    USB_HP_CAN1_TX_IRQHandler                0x0800299f   Thumb Code     0  startup_stm32f10x_md.o(.text)
    WWDG_IRQHandler                          0x0800299f   Thumb Code     0  startup_stm32f10x_md.o(.text)
    __user_initial_stackheap                 0x080029a1   Thumb Code     0  startup_stm32f10x_md.o(.text)
    __use_two_region_memory                  0x080029c1   Thumb Code     2  heapauxi.o(.text)
    __rt_heap_escrow$2region                 0x080029c3   Thumb Code     2  heapauxi.o(.text)
    __rt_heap_expand$2region                 0x080029c5   Thumb Code     2  heapauxi.o(.text)
    __user_setup_stackheap                   0x080029c7   Thumb Code    74  sys_stackheap_outer.o(.text)
    exit                                     0x08002a11   Thumb Code    12  exit.o(.text)
    __user_libspace                          0x08002a1d   Thumb Code     8  libspace.o(.text)
    __user_perproc_libspace                  0x08002a1d   Thumb Code     0  libspace.o(.text)
    __user_perthread_libspace                0x08002a1d   Thumb Code     0  libspace.o(.text)
    _sys_exit                                0x08002a25   Thumb Code     8  sys_exit.o(.text)
    __I$use$semihosting                      0x08002a31   Thumb Code     0  use_no_semi.o(.text)
    __use_no_semihosting_swi                 0x08002a31   Thumb Code     2  use_no_semi.o(.text)
    __semihosting_library_function           0x08002a33   Thumb Code     0  indicate_semi.o(.text)
    ADC                                      0x08002a35   Thumb Code    68  menu_func.o(i.ADC)
    ADC1_2_IRQHandler                        0x08002a91   Thumb Code   274  stm32f10x_it.o(i.ADC1_2_IRQHandler)
    ADC1_Init                                0x08002bb1   Thumb Code   358  main.o(i.ADC1_Init)
    ADC_Cmd                                  0x08002d4d   Thumb Code    76  stm32f10x_adc.o(i.ADC_Cmd)
    ADC_DMACmd                               0x08002dd9   Thumb Code    70  stm32f10x_adc.o(i.ADC_DMACmd)
    ADC_ExternalTrigConvCmd                  0x08002e5d   Thumb Code    76  stm32f10x_adc.o(i.ADC_ExternalTrigConvCmd)
    ADC_GetCalibrationStatus                 0x08002ee9   Thumb Code    54  stm32f10x_adc.o(i.ADC_GetCalibrationStatus)
    ADC_ITConfig                             0x08002f61   Thumb Code   104  stm32f10x_adc.o(i.ADC_ITConfig)
    ADC_Init                                 0x08003009   Thumb Code   388  stm32f10x_adc.o(i.ADC_Init)
    ADC_RegularChannelConfig                 0x080031d5   Thumb Code   404  stm32f10x_adc.o(i.ADC_RegularChannelConfig)
    ADC_StartCalibration                     0x080033a9   Thumb Code    44  stm32f10x_adc.o(i.ADC_StartCalibration)
    ADC_TempSensorVrefintCmd                 0x08003415   Thumb Code    52  stm32f10x_adc.o(i.ADC_TempSensorVrefintCmd)
    AlarmCalc                                0x08003481   Thumb Code   430  main.o(i.AlarmCalc)
    BrezPhase                                0x08003641   Thumb Code   554  menu_func.o(i.BrezPhase)
    CAN1_RX1_IRQHandler                      0x080038a5   Thumb Code    20  stm32f10x_it.o(i.CAN1_RX1_IRQHandler)
    CAN_RXProcess0                           0x080038bd   Thumb Code   728  can.o(i.CAN_RXProcess0)
    CAN_RXProcess1                           0x08003bc5   Thumb Code   474  can.o(i.CAN_RXProcess1)
    CAN_Receive_IRQHandler                   0x08003dc5   Thumb Code   310  can.o(i.CAN_Receive_IRQHandler)
    CAN_Transmit_DataFrame                   0x08003f09   Thumb Code   200  can.o(i.CAN_Transmit_DataFrame)
    ClearLCD                                 0x08003fd9   Thumb Code    54  1602driver.o(i.ClearLCD)
    Cursor_type                              0x0800401d   Thumb Code    58  1602driver.o(i.Cursor_type)
    DMA_Cmd                                  0x08004061   Thumb Code   152  stm32f10x_dma.o(i.DMA_Cmd)
    DMA_Init                                 0x08004135   Thumb Code   388  stm32f10x_dma.o(i.DMA_Init)
    DateCalc                                 0x080042f5   Thumb Code   242  main.o(i.DateCalc)
    Delay                                    0x080043f9   Thumb Code    30  1602driver.o(i.Delay)
    EXTI1_IRQHandler                         0x08004419   Thumb Code    70  stm32f10x_it.o(i.EXTI1_IRQHandler)
    EXTI3_IRQHandler                         0x08004471   Thumb Code    22  stm32f10x_it.o(i.EXTI3_IRQHandler)
    Flash_page_erase                         0x08004495   Thumb Code   116  can.o(i.Flash_page_erase)
    Flash_prog                               0x0800450d   Thumb Code   106  can.o(i.Flash_prog)
    Flash_unlock                             0x0800457d   Thumb Code    12  can.o(i.Flash_unlock)
    GPIO_Init                                0x08004595   Thumb Code   378  stm32f10x_gpio.o(i.GPIO_Init)
    InitPerifery                             0x08004761   Thumb Code   858  main.o(i.InitPerifery)
    LCDInit                                  0x08004afd   Thumb Code   492  1602driver.o(i.LCDInit)
    PWR_BackupAccessCmd                      0x08004d85   Thumb Code    26  stm32f10x_pwr.o(i.PWR_BackupAccessCmd)
    PutChar                                  0x08004dd9   Thumb Code   156  1602driver.o(i.PutChar)
    PutChar_Curent                           0x08004e7d   Thumb Code    60  1602driver.o(i.PutChar_Curent)
    PutSimvol                                0x08004ec1   Thumb Code   136  1602driver.o(i.PutSimvol)
    PutText                                  0x08004f51   Thumb Code   130  1602driver.o(i.PutText)
    RCC_ADCCLKConfig                         0x08004fdd   Thumb Code    52  stm32f10x_rcc.o(i.RCC_ADCCLKConfig)
    RCC_AHBPeriphClockCmd                    0x08005049   Thumb Code    74  stm32f10x_rcc.o(i.RCC_AHBPeriphClockCmd)
    RCC_APB1PeriphClockCmd                   0x080050cd   Thumb Code    70  stm32f10x_rcc.o(i.RCC_APB1PeriphClockCmd)
    RCC_APB2PeriphClockCmd                   0x08005151   Thumb Code    70  stm32f10x_rcc.o(i.RCC_APB2PeriphClockCmd)
    RTCAlarm_IRQHandler                      0x080051d5   Thumb Code    10  stm32f10x_it.o(i.RTCAlarm_IRQHandler)
    RTC_IRQHandler                           0x080051e5   Thumb Code   230  stm32f10x_it.o(i.RTC_IRQHandler)
    RefreshLCD_encoder                       0x080052ed   Thumb Code   506  main.o(i.RefreshLCD_encoder)
    Refresh_LCD                              0x08005521   Thumb Code   132  1602driver.o(i.Refresh_LCD)
    SetAlarm_encoder                         0x080055c1   Thumb Code   998  menu_func.o(i.SetAlarm_encoder)
    SetRTC                                   0x080059dd   Thumb Code   318  main.o(i.SetRTC)
    SetTime_encoder                          0x08005c11   Thumb Code   992  menu_func.o(i.SetTime_encoder)
    Set_Cursor                               0x08006021   Thumb Code    60  1602driver.o(i.Set_Cursor)
    Shift_cursor                             0x08006065   Thumb Code    56  1602driver.o(i.Shift_cursor)
    Sleepdeep                                0x080060a9   Thumb Code    78  1602driver.o(i.Sleepdeep)
    SystemInit                               0x0800610d   Thumb Code    76  system_stm32f10x.o(i.SystemInit)
    TIM2_IRQHandler                          0x0800616d   Thumb Code   100  stm32f10x_it.o(i.TIM2_IRQHandler)
    TIM3_IRQHandler                          0x080061d9   Thumb Code    28  stm32f10x_it.o(i.TIM3_IRQHandler)
    TIM_Cmd                                  0x08006201   Thumb Code   162  stm32f10x_tim.o(i.TIM_Cmd)
    TIM_OC4Init                              0x08006319   Thumb Code   292  stm32f10x_tim.o(i.TIM_OC4Init)
    TIM_TimeBaseInit                         0x08006485   Thumb Code   308  stm32f10x_tim.o(i.TIM_TimeBaseInit)
    USB_LP_CAN1_RX0_IRQHandler               0x0800662d   Thumb Code    14  stm32f10x_it.o(i.USB_LP_CAN1_RX0_IRQHandler)
    _Menu                                    0x0800663d   Thumb Code   422  menu.o(i._Menu)
    assert_failed                            0x08006819   Thumb Code     4  template.o(i.assert_failed)
    bxCAN_Init                               0x0800681d   Thumb Code   574  can.o(i.bxCAN_Init)
    crc32_check                              0x08006ab1   Thumb Code    42  can.o(i.crc32_check)
    main                                     0x08006ae1   Thumb Code   290  main.o(i.main)
    __aeabi_fadd                             0x08006c3d   Thumb Code     0  faddsub_clz.o(x$fpl$fadd)
    _fadd                                    0x08006c3d   Thumb Code   196  faddsub_clz.o(x$fpl$fadd)
    __fpl_fcmp_Inf                           0x08006d01   Thumb Code    24  fcmpi.o(x$fpl$fcmpinf)
    __aeabi_fdiv                             0x08006d19   Thumb Code     0  fdiv.o(x$fpl$fdiv)
    _fdiv                                    0x08006d19   Thumb Code   384  fdiv.o(x$fpl$fdiv)
    __aeabi_i2f                              0x08006e9d   Thumb Code     0  fflt_clz.o(x$fpl$fflt)
    _fflt                                    0x08006e9d   Thumb Code    48  fflt_clz.o(x$fpl$fflt)
    __aeabi_ui2f                             0x08006ecd   Thumb Code     0  fflt_clz.o(x$fpl$ffltu)
    _ffltu                                   0x08006ecd   Thumb Code    38  fflt_clz.o(x$fpl$ffltu)
    __aeabi_cfcmple                          0x08006ef5   Thumb Code     0  fleqf.o(x$fpl$fleqf)
    _fcmple                                  0x08006ef5   Thumb Code   104  fleqf.o(x$fpl$fleqf)
    __fpl_fcmple_InfNaN                      0x08006f47   Thumb Code     0  fleqf.o(x$fpl$fleqf)
    __fpl_fnaninf                            0x08006f5d   Thumb Code   140  fnaninf.o(x$fpl$fnaninf)
    __fpl_fretinf                            0x08006fe9   Thumb Code    10  fretinf.o(x$fpl$fretinf)
    __aeabi_cfrcmple                         0x08006ff3   Thumb Code     0  frleqf.o(x$fpl$frleqf)
    _frcmple                                 0x08006ff3   Thumb Code    98  frleqf.o(x$fpl$frleqf)
    __aeabi_fsub                             0x08007055   Thumb Code     0  faddsub_clz.o(x$fpl$fsub)
    _fsub                                    0x08007055   Thumb Code   234  faddsub_clz.o(x$fpl$fsub)
    __I$use$fp                               0x0800713e   Number         0  usenofp.o(x$fpl$usenofp)
    crc32_table                              0x08007140   Data        1024  can.o(.constdata)
    Region$$Table$$Base                      0x08007540   Number         0  anon$$obj.o(Region$$Table)
    Region$$Table$$Limit                     0x08007560   Number         0  anon$$obj.o(Region$$Table)
    button                                   0x20000000   Data           1  main.o(.data)
    refresh_lcd                              0x20000001   Data           1  main.o(.data)
    refreshLCD_encoder                       0x20000002   Data           1  main.o(.data)
    CNT                                      0x20000003   Data           4  main.o(.data)
    GPIO_InitStruct                          0x20000008   Data           4  main.o(.data)
    timesleep                                0x2000000c   Data           1  stm32f10x_it.o(.data)
    Error_LSE                                0x20000010   Data           1  template.o(.data)
    PhaseBrez                                0x20000011   Data           1  template.o(.data)
    PhasePower                               0x20000012   Data           1  template.o(.data)
    BrezPower                                0x20000013   Data           1  template.o(.data)
    BrezErr                                  0x20000014   Data           4  template.o(.data)
    BrezKoeff                                0x20000018   Data           4  template.o(.data)
    Punkt_menu                               0x2000001c   Data           1  template.o(.data)
    ADC_Ch                                   0x20000020   Data          16  template.o(.data)
    Set_Time                                 0x20000030   Data           9  template.o(.data)
    Set_Alarm                                0x20000039   Data          10  template.o(.data)
    Method_Control                           0x20000043   Data           9  template.o(.data)
    ADC_View                                 0x2000004c   Data           9  template.o(.data)
    Menu                                     0x20000058   Data          16  template.o(.data)
    Vin                                      0x20000068   Data           7  template.o(.data)
    Tchip                                    0x2000006f   Data           9  template.o(.data)
    OSC32_Failed                             0x20000078   Data          13  template.o(.data)
    Power                                    0x20000085   Data           6  template.o(.data)
    Method_Control1                          0x2000008b   Data          13  template.o(.data)
    Method_Control2                          0x20000098   Data          14  template.o(.data)
    GoodBye                                  0x200000a6   Data           9  template.o(.data)
    Enable_Method                            0x200000af   Data          14  template.o(.data)
    Phase_Method_Enabled                     0x200000bd   Data          15  template.o(.data)
    Phase_Method_Disabled                    0x200000cc   Data          16  template.o(.data)
    days                                     0x200000dc   Data          26  template.o(.data)
    Temperature                              0x200000f6   Data           4  template.o(.data)
    Enable_Sleep                             0x200000fa   Data           1  template.o(.data)
    TimerONOFF                               0x200000fb   Data           1  template.o(.data)
    Brez_Count                               0x200000fc   Data           1  template.o(.data)
    ADC1Buff                                 0x200000fe   Data           8  template.o(.data)
    ADC_Ch_0                                 0x20000106   Data           5  template.o(.data)
    ADC_Ch_16                                0x2000010b   Data           5  template.o(.data)
    ADC_Ch_15                                0x20000110   Data           5  template.o(.data)
    ADC_Ch_8                                 0x20000115   Data           5  template.o(.data)
    write_flashflag                          0x2000011c   Data           1  can.o(.data)
    count                                    0x20000120   Data           4  can.o(.data)
    size_firmware                            0x20000124   Data           4  can.o(.data)
    Time                                     0x20000128   Data          13  main.o(.bss)
    Alarm                                    0x20000135   Data          18  main.o(.bss)
    ADC_InitStruct                           0x20000148   Data          20  main.o(.bss)
    TIM_TimeBaseInitStruct                   0x2000015c   Data          10  main.o(.bss)
    TIM_OCInitStruct                         0x20000166   Data          16  main.o(.bss)
    DMA_InitStruct                           0x20000178   Data          44  main.o(.bss)
    CAN_Data_TX                              0x200001a4   Data          16  can.o(.bss)
    CAN_Data_RX                              0x200001b4   Data          24  can.o(.bss)
    __libspace_start                         0x200001cc   Data          96  libspace.o(.bss)
    __temporary_stack_top$libspace           0x2000022c   Data           0  libspace.o(.bss)



==============================================================================

Memory Map of the image

  Image Entry point : 0x080028ed

  Load Region LR_IROM1 (Base: 0x08002800, Size: 0x00004e88, Max: 0x0000a000, ABSOLUTE)

    Execution Region ER_IROM1 (Base: 0x08002800, Size: 0x00004d60, Max: 0x0000a000, ABSOLUTE)

    Base Addr    Size         Type   Attr      Idx    E Section Name        Object

    0x08002800   0x000000ec   Data   RO            3    RESET               startup_stm32f10x_md.o
    0x080028ec   0x00000008   Code   RO         1878  * !!!main             c_w.l(__main.o)
    0x080028f4   0x00000034   Code   RO         2059    !!!scatter          c_w.l(__scatter.o)
    0x08002928   0x0000001a   Code   RO         2061    !!handler_copy      c_w.l(__scatter_copy.o)
    0x08002942   0x00000002   PAD
    0x08002944   0x0000001c   Code   RO         2063    !!handler_zi        c_w.l(__scatter_zi.o)
    0x08002960   0x00000002   Code   RO         1932    .ARM.Collect$$libinit$$00000000  c_w.l(libinit.o)
    0x08002962   0x00000000   Code   RO         1939    .ARM.Collect$$libinit$$00000002  c_w.l(libinit2.o)
    0x08002962   0x00000000   Code   RO         1942    .ARM.Collect$$libinit$$00000008  c_w.l(libinit2.o)
    0x08002962   0x00000000   Code   RO         1944    .ARM.Collect$$libinit$$0000000A  c_w.l(libinit2.o)
    0x08002962   0x00000000   Code   RO         1946    .ARM.Collect$$libinit$$0000000C  c_w.l(libinit2.o)
    0x08002962   0x00000000   Code   RO         1949    .ARM.Collect$$libinit$$0000000F  c_w.l(libinit2.o)
    0x08002962   0x00000000   Code   RO         1951    .ARM.Collect$$libinit$$00000011  c_w.l(libinit2.o)
    0x08002962   0x00000000   Code   RO         1953    .ARM.Collect$$libinit$$00000013  c_w.l(libinit2.o)
    0x08002962   0x00000000   Code   RO         1955    .ARM.Collect$$libinit$$00000015  c_w.l(libinit2.o)
    0x08002962   0x00000000   Code   RO         1957    .ARM.Collect$$libinit$$00000017  c_w.l(libinit2.o)
    0x08002962   0x00000000   Code   RO         1959    .ARM.Collect$$libinit$$00000019  c_w.l(libinit2.o)
    0x08002962   0x00000000   Code   RO         1961    .ARM.Collect$$libinit$$0000001B  c_w.l(libinit2.o)
    0x08002962   0x00000000   Code   RO         1963    .ARM.Collect$$libinit$$0000001D  c_w.l(libinit2.o)
    0x08002962   0x00000000   Code   RO         1965    .ARM.Collect$$libinit$$0000001F  c_w.l(libinit2.o)
    0x08002962   0x00000000   Code   RO         1967    .ARM.Collect$$libinit$$00000021  c_w.l(libinit2.o)
    0x08002962   0x00000000   Code   RO         1969    .ARM.Collect$$libinit$$00000023  c_w.l(libinit2.o)
    0x08002962   0x00000000   Code   RO         1973    .ARM.Collect$$libinit$$0000002A  c_w.l(libinit2.o)
    0x08002962   0x00000000   Code   RO         1975    .ARM.Collect$$libinit$$0000002C  c_w.l(libinit2.o)
    0x08002962   0x00000000   Code   RO         1977    .ARM.Collect$$libinit$$0000002E  c_w.l(libinit2.o)
    0x08002962   0x00000000   Code   RO         1979    .ARM.Collect$$libinit$$00000030  c_w.l(libinit2.o)
    0x08002962   0x00000002   Code   RO         1980    .ARM.Collect$$libinit$$00000031  c_w.l(libinit2.o)
    0x08002964   0x00000002   Code   RO         2000    .ARM.Collect$$libshutdown$$00000000  c_w.l(libshutdown.o)
    0x08002966   0x00000000   Code   RO         2014    .ARM.Collect$$libshutdown$$00000003  c_w.l(libshutdown2.o)
    0x08002966   0x00000000   Code   RO         2017    .ARM.Collect$$libshutdown$$00000006  c_w.l(libshutdown2.o)
    0x08002966   0x00000000   Code   RO         2020    .ARM.Collect$$libshutdown$$00000009  c_w.l(libshutdown2.o)
    0x08002966   0x00000000   Code   RO         2022    .ARM.Collect$$libshutdown$$0000000B  c_w.l(libshutdown2.o)
    0x08002966   0x00000000   Code   RO         2025    .ARM.Collect$$libshutdown$$0000000E  c_w.l(libshutdown2.o)
    0x08002966   0x00000002   Code   RO         2026    .ARM.Collect$$libshutdown$$0000000F  c_w.l(libshutdown2.o)
    0x08002968   0x00000000   Code   RO         1898    .ARM.Collect$$rtentry$$00000000  c_w.l(rtentry.o)
    0x08002968   0x00000000   Code   RO         1907    .ARM.Collect$$rtentry$$00000002  c_w.l(rtentry2.o)
    0x08002968   0x00000006   Code   RO         1919    .ARM.Collect$$rtentry$$00000004  c_w.l(rtentry4.o)
    0x0800296e   0x00000000   Code   RO         1909    .ARM.Collect$$rtentry$$00000009  c_w.l(rtentry2.o)
    0x0800296e   0x00000004   Code   RO         1910    .ARM.Collect$$rtentry$$0000000A  c_w.l(rtentry2.o)
    0x08002972   0x00000000   Code   RO         1912    .ARM.Collect$$rtentry$$0000000C  c_w.l(rtentry2.o)
    0x08002972   0x00000008   Code   RO         1913    .ARM.Collect$$rtentry$$0000000D  c_w.l(rtentry2.o)
    0x0800297a   0x00000002   Code   RO         1936    .ARM.Collect$$rtexit$$00000000  c_w.l(rtexit.o)
    0x0800297c   0x00000000   Code   RO         1982    .ARM.Collect$$rtexit$$00000002  c_w.l(rtexit2.o)
    0x0800297c   0x00000004   Code   RO         1983    .ARM.Collect$$rtexit$$00000003  c_w.l(rtexit2.o)
    0x08002980   0x00000006   Code   RO         1984    .ARM.Collect$$rtexit$$00000004  c_w.l(rtexit2.o)
    0x08002986   0x00000002   PAD
    0x08002988   0x00000038   Code   RO            4    .text               startup_stm32f10x_md.o
    0x080029c0   0x00000006   Code   RO         1876    .text               c_w.l(heapauxi.o)
    0x080029c6   0x0000004a   Code   RO         1923    .text               c_w.l(sys_stackheap_outer.o)
    0x08002a10   0x0000000c   Code   RO         1925    .text               c_w.l(exit.o)
    0x08002a1c   0x00000008   Code   RO         1933    .text               c_w.l(libspace.o)
    0x08002a24   0x0000000c   Code   RO         1992    .text               c_w.l(sys_exit.o)
    0x08002a30   0x00000002   Code   RO         2003    .text               c_w.l(use_no_semi.o)
    0x08002a32   0x00000000   Code   RO         2005    .text               c_w.l(indicate_semi.o)
    0x08002a32   0x00000002   PAD
    0x08002a34   0x0000005c   Code   RO         1548    i.ADC               menu_func.o
    0x08002a90   0x00000120   Code   RO         1587    i.ADC1_2_IRQHandler  stm32f10x_it.o
    0x08002bb0   0x0000019c   Code   RO         1444    i.ADC1_Init         main.o
    0x08002d4c   0x0000008c   Code   RO          117    i.ADC_Cmd           stm32f10x_adc.o
    0x08002dd8   0x00000084   Code   RO          118    i.ADC_DMACmd        stm32f10x_adc.o
    0x08002e5c   0x0000008c   Code   RO          122    i.ADC_ExternalTrigConvCmd  stm32f10x_adc.o
    0x08002ee8   0x00000078   Code   RO          125    i.ADC_GetCalibrationStatus  stm32f10x_adc.o
    0x08002f60   0x000000a8   Code   RO          134    i.ADC_ITConfig      stm32f10x_adc.o
    0x08003008   0x000001cc   Code   RO          135    i.ADC_Init          stm32f10x_adc.o
    0x080031d4   0x000001d4   Code   RO          139    i.ADC_RegularChannelConfig  stm32f10x_adc.o
    0x080033a8   0x0000006c   Code   RO          144    i.ADC_StartCalibration  stm32f10x_adc.o
    0x08003414   0x0000006c   Code   RO          146    i.ADC_TempSensorVrefintCmd  stm32f10x_adc.o
    0x08003480   0x000001c0   Code   RO         1445    i.AlarmCalc         main.o
    0x08003640   0x00000264   Code   RO         1549    i.BrezPhase         menu_func.o
    0x080038a4   0x00000018   Code   RO         1588    i.CAN1_RX1_IRQHandler  stm32f10x_it.o
    0x080038bc   0x00000308   Code   RO         1779    i.CAN_RXProcess0    can.o
    0x08003bc4   0x00000200   Code   RO         1780    i.CAN_RXProcess1    can.o
    0x08003dc4   0x00000144   Code   RO         1781    i.CAN_Receive_IRQHandler  can.o
    0x08003f08   0x000000d0   Code   RO         1782    i.CAN_Transmit_DataFrame  can.o
    0x08003fd8   0x00000044   Code   RO         1687    i.ClearLCD          1602driver.o
    0x0800401c   0x00000044   Code   RO         1688    i.Cursor_type       1602driver.o
    0x08004060   0x000000d4   Code   RO          347    i.DMA_Cmd           stm32f10x_dma.o
    0x08004134   0x000001c0   Code   RO          353    i.DMA_Init          stm32f10x_dma.o
    0x080042f4   0x00000104   Code   RO         1446    i.DateCalc          main.o
    0x080043f8   0x0000001e   Code   RO         1689    i.Delay             1602driver.o
    0x08004416   0x00000002   PAD
    0x08004418   0x00000058   Code   RO         1589    i.EXTI1_IRQHandler  stm32f10x_it.o
    0x08004470   0x00000024   Code   RO         1590    i.EXTI3_IRQHandler  stm32f10x_it.o
    0x08004494   0x00000078   Code   RO         1784    i.Flash_page_erase  can.o
    0x0800450c   0x00000070   Code   RO         1785    i.Flash_prog        can.o
    0x0800457c   0x00000018   Code   RO         1786    i.Flash_unlock      can.o
    0x08004594   0x000001cc   Code   RO          496    i.GPIO_Init         stm32f10x_gpio.o
    0x08004760   0x0000039c   Code   RO         1447    i.InitPerifery      main.o
    0x08004afc   0x00000208   Code   RO         1690    i.LCDInit           1602driver.o
    0x08004d04   0x00000018   Code   RO         1448    i.NVIC_EnableIRQ    main.o
    0x08004d1c   0x00000018   Code   RO         1787    i.NVIC_EnableIRQ    can.o
    0x08004d34   0x00000028   Code   RO         1449    i.NVIC_SetPriority  main.o
    0x08004d5c   0x00000028   Code   RO         1788    i.NVIC_SetPriority  can.o
    0x08004d84   0x00000054   Code   RO          612    i.PWR_BackupAccessCmd  stm32f10x_pwr.o
    0x08004dd8   0x000000a4   Code   RO         1691    i.PutChar           1602driver.o
    0x08004e7c   0x00000044   Code   RO         1692    i.PutChar_Curent    1602driver.o
    0x08004ec0   0x00000090   Code   RO         1693    i.PutSimvol         1602driver.o
    0x08004f50   0x0000008c   Code   RO         1694    i.PutText           1602driver.o
    0x08004fdc   0x0000006c   Code   RO          680    i.RCC_ADCCLKConfig  stm32f10x_rcc.o
    0x08005048   0x00000084   Code   RO          681    i.RCC_AHBPeriphClockCmd  stm32f10x_rcc.o
    0x080050cc   0x00000084   Code   RO          682    i.RCC_APB1PeriphClockCmd  stm32f10x_rcc.o
    0x08005150   0x00000084   Code   RO          684    i.RCC_APB2PeriphClockCmd  stm32f10x_rcc.o
    0x080051d4   0x00000010   Code   RO         1591    i.RTCAlarm_IRQHandler  stm32f10x_it.o
    0x080051e4   0x00000108   Code   RO         1592    i.RTC_IRQHandler    stm32f10x_it.o
    0x080052ec   0x00000234   Code   RO         1450    i.RefreshLCD_encoder  main.o
    0x08005520   0x000000a0   Code   RO         1695    i.Refresh_LCD       1602driver.o
    0x080055c0   0x0000041c   Code   RO         1550    i.SetAlarm_encoder  menu_func.o
    0x080059dc   0x00000150   Code   RO         1451    i.SetRTC            main.o
    0x08005b2c   0x00000008   Code   RO           12    i.SetSysClock       system_stm32f10x.o
    0x08005b34   0x000000dc   Code   RO           13    i.SetSysClockTo72   system_stm32f10x.o
    0x08005c10   0x00000410   Code   RO         1551    i.SetTime_encoder   menu_func.o
    0x08006020   0x00000044   Code   RO         1696    i.Set_Cursor        1602driver.o
    0x08006064   0x00000044   Code   RO         1697    i.Shift_cursor      1602driver.o
    0x080060a8   0x00000064   Code   RO         1698    i.Sleepdeep         1602driver.o
    0x0800610c   0x00000060   Code   RO           15    i.SystemInit        system_stm32f10x.o
    0x0800616c   0x0000006c   Code   RO         1593    i.TIM2_IRQHandler   stm32f10x_it.o
    0x080061d8   0x00000028   Code   RO         1594    i.TIM3_IRQHandler   stm32f10x_it.o
    0x08006200   0x00000118   Code   RO          904    i.TIM_Cmd           stm32f10x_tim.o
    0x08006318   0x0000016c   Code   RO          948    i.TIM_OC4Init       stm32f10x_tim.o
    0x08006484   0x000001a8   Code   RO          975    i.TIM_TimeBaseInit  stm32f10x_tim.o
    0x0800662c   0x0000000e   Code   RO         1595    i.USB_LP_CAN1_RX0_IRQHandler  stm32f10x_it.o
    0x0800663a   0x00000002   PAD
    0x0800663c   0x000001dc   Code   RO         1527    i._Menu             menu.o
    0x08006818   0x00000004   Code   RO         1659    i.assert_failed     template.o
    0x0800681c   0x00000294   Code   RO         1789    i.bxCAN_Init        can.o
    0x08006ab0   0x00000030   Code   RO         1790    i.crc32_check       can.o
    0x08006ae0   0x0000015c   Code   RO         1452    i.main              main.o
    0x08006c3c   0x000000c4   Code   RO         1880    x$fpl$fadd          fz_ws.l(faddsub_clz.o)
    0x08006d00   0x00000018   Code   RO         1921    x$fpl$fcmpinf       fz_ws.l(fcmpi.o)
    0x08006d18   0x00000184   Code   RO         1887    x$fpl$fdiv          fz_ws.l(fdiv.o)
    0x08006e9c   0x00000030   Code   RO         1891    x$fpl$fflt          fz_ws.l(fflt_clz.o)
    0x08006ecc   0x00000026   Code   RO         1890    x$fpl$ffltu         fz_ws.l(fflt_clz.o)
    0x08006ef2   0x00000002   PAD
    0x08006ef4   0x00000068   Code   RO         1899    x$fpl$fleqf         fz_ws.l(fleqf.o)
    0x08006f5c   0x0000008c   Code   RO         1901    x$fpl$fnaninf       fz_ws.l(fnaninf.o)
    0x08006fe8   0x0000000a   Code   RO         1903    x$fpl$fretinf       fz_ws.l(fretinf.o)
    0x08006ff2   0x00000062   Code   RO         1896    x$fpl$frleqf        fz_ws.l(frleqf.o)
    0x08007054   0x000000ea   Code   RO         1882    x$fpl$fsub          fz_ws.l(faddsub_clz.o)
    0x0800713e   0x00000000   Code   RO         1905    x$fpl$usenofp       fz_ws.l(usenofp.o)
    0x0800713e   0x00000002   PAD
    0x08007140   0x00000400   Data   RO         1792    .constdata          can.o
    0x08007540   0x00000020   Data   RO         2057    Region$$Table       anon$$obj.o


    Execution Region RW_IRAM1 (Base: 0x20000000, Size: 0x00000830, Max: 0x00002000, ABSOLUTE)

    Base Addr    Size         Type   Attr      Idx    E Section Name        Object

    0x20000000   0x0000000c   Data   RW         1454    .data               main.o
    0x2000000c   0x00000002   Data   RW         1596    .data               stm32f10x_it.o
    0x2000000e   0x00000002   PAD
    0x20000010   0x0000010a   Data   RW         1660    .data               template.o
    0x2000011a   0x00000002   PAD
    0x2000011c   0x0000000c   Data   RW         1793    .data               can.o
    0x20000128   0x0000007c   Zero   RW         1453    .bss                main.o
    0x200001a4   0x00000028   Zero   RW         1791    .bss                can.o
    0x200001cc   0x00000060   Zero   RW         1934    .bss                c_w.l(libspace.o)
    0x2000022c   0x00000004   PAD
    0x20000230   0x00000200   Zero   RW            2    HEAP                startup_stm32f10x_md.o
    0x20000430   0x00000400   Zero   RW            1    STACK               startup_stm32f10x_md.o


==============================================================================

Image component sizes


      Code (inc. data)   RO Data    RW Data    ZI Data      Debug   Object Name

      1598        156          0          0          0       6301   1602driver.o
      2848        238       1024         12         40      29536   can.o
      3356        298          0         12        124      30967   main.o
       476         54          0          0          0        704   menu.o
      2796        184          0          0          0       3471   menu_func.o
        56         22        236          0       1536        848   startup_stm32f10x_md.o
      1844        576          0          0          0       7787   stm32f10x_adc.o
       660        120          0          0          0       2965   stm32f10x_dma.o
       460         82          0          0          0       2020   stm32f10x_gpio.o
       878        110          0          2          0       4741   stm32f10x_it.o
        84         58          0          0          0        518   stm32f10x_pwr.o
       504        238          0          0          0       2305   stm32f10x_rcc.o
      1068        306          0          0          0       2675   stm32f10x_tim.o
       324         28          0          0          0     255457   system_stm32f10x.o
         4          0          0        266          0       2340   template.o

    ----------------------------------------------------------------------
     16960       2470       1292        296       1700     352635   Object Totals
         0          0         32          0          0          0   (incl. Generated)
         4          0          0          4          0          0   (incl. Padding)

    ----------------------------------------------------------------------

      Code (inc. data)   RO Data    RW Data    ZI Data      Debug   Library Member Name

         8          0          0          0          0         68   __main.o
        52          8          0          0          0          0   __scatter.o
        26          0          0          0          0          0   __scatter_copy.o
        28          0          0          0          0          0   __scatter_zi.o
        12          0          0          0          0         72   exit.o
         6          0          0          0          0        152   heapauxi.o
         0          0          0          0          0          0   indicate_semi.o
         2          0          0          0          0          0   libinit.o
         2          0          0          0          0          0   libinit2.o
         2          0          0          0          0          0   libshutdown.o
         2          0          0          0          0          0   libshutdown2.o
         8          4          0          0         96         68   libspace.o
         0          0          0          0          0          0   rtentry.o
        12          0          0          0          0          0   rtentry2.o
         6          0          0          0          0          0   rtentry4.o
         2          0          0          0          0          0   rtexit.o
        10          0          0          0          0          0   rtexit2.o
        12          4          0          0          0         68   sys_exit.o
        74          0          0          0          0         80   sys_stackheap_outer.o
         2          0          0          0          0         68   use_no_semi.o
       430          8          0          0          0        168   faddsub_clz.o
        24          0          0          0          0         68   fcmpi.o
       388         76          0          0          0         96   fdiv.o
        86          0          0          0          0        136   fflt_clz.o
       104          4          0          0          0         84   fleqf.o
       140          4          0          0          0         84   fnaninf.o
        10          0          0          0          0         68   fretinf.o
        98          0          0          0          0         68   frleqf.o
         0          0          0          0          0          0   usenofp.o

    ----------------------------------------------------------------------
      1556        108          0          0        100       1348   Library Totals
        10          0          0          0          4          0   (incl. Padding)

    ----------------------------------------------------------------------

      Code (inc. data)   RO Data    RW Data    ZI Data      Debug   Library Name

       266         16          0          0         96        576   c_w.l
      1280         92          0          0          0        772   fz_ws.l

    ----------------------------------------------------------------------
      1556        108          0          0        100       1348   Library Totals

    ----------------------------------------------------------------------

==============================================================================


      Code (inc. data)   RO Data    RW Data    ZI Data      Debug   

     18516       2578       1292        296       1800     349615   Grand Totals
     18516       2578       1292        296       1800     349615   ELF Image Totals
     18516       2578       1292        296          0          0   ROM Totals

==============================================================================

    Total RO  Size (Code + RO Data)                19808 (  19.34kB)
    Total RW  Size (RW Data + ZI Data)              2096 (   2.05kB)
    Total ROM Size (Code + RO Data + RW Data)      20104 (  19.63kB)

==============================================================================

